Archive member included to satisfy reference by file (symbol)

d:/francisco/arquivos_de_programas/nios2eds/bin/gnu/h-x86_64-mingw32/bin/../lib/gcc/nios2-elf/4.9.1/../../../../../H-x86_64-mingw32/nios2-elf/lib/mno-hw-mul\libc.a(lib_a-puts.o)
                              obj/default/hello_world.o (puts)
d:/francisco/arquivos_de_programas/nios2eds/bin/gnu/h-x86_64-mingw32/bin/../lib/gcc/nios2-elf/4.9.1/../../../../../H-x86_64-mingw32/nios2-elf/lib/mno-hw-mul\libc.a(lib_a-strlen.o)
                              d:/francisco/arquivos_de_programas/nios2eds/bin/gnu/h-x86_64-mingw32/bin/../lib/gcc/nios2-elf/4.9.1/../../../../../H-x86_64-mingw32/nios2-elf/lib/mno-hw-mul\libc.a(lib_a-puts.o) (strlen)
d:/francisco/arquivos_de_programas/nios2eds/bin/gnu/h-x86_64-mingw32/bin/../lib/gcc/nios2-elf/4.9.1/../../../../../H-x86_64-mingw32/nios2-elf/lib/mno-hw-mul\libc.a(lib_a-fvwrite.o)
                              d:/francisco/arquivos_de_programas/nios2eds/bin/gnu/h-x86_64-mingw32/bin/../lib/gcc/nios2-elf/4.9.1/../../../../../H-x86_64-mingw32/nios2-elf/lib/mno-hw-mul\libc.a(lib_a-puts.o) (__sfvwrite_r)
d:/francisco/arquivos_de_programas/nios2eds/bin/gnu/h-x86_64-mingw32/bin/../lib/gcc/nios2-elf/4.9.1/../../../../../H-x86_64-mingw32/nios2-elf/lib/mno-hw-mul\libc.a(lib_a-impure.o)
                              d:/francisco/arquivos_de_programas/nios2eds/bin/gnu/h-x86_64-mingw32/bin/../lib/gcc/nios2-elf/4.9.1/../../../../../H-x86_64-mingw32/nios2-elf/lib/mno-hw-mul\libc.a(lib_a-puts.o) (_impure_ptr)
d:/francisco/arquivos_de_programas/nios2eds/bin/gnu/h-x86_64-mingw32/bin/../lib/gcc/nios2-elf/4.9.1/../../../../../H-x86_64-mingw32/nios2-elf/lib/mno-hw-mul\libc.a(lib_a-mallocr.o)
                              d:/francisco/arquivos_de_programas/nios2eds/bin/gnu/h-x86_64-mingw32/bin/../lib/gcc/nios2-elf/4.9.1/../../../../../H-x86_64-mingw32/nios2-elf/lib/mno-hw-mul\libc.a(lib_a-fvwrite.o) (_malloc_r)
d:/francisco/arquivos_de_programas/nios2eds/bin/gnu/h-x86_64-mingw32/bin/../lib/gcc/nios2-elf/4.9.1/../../../../../H-x86_64-mingw32/nios2-elf/lib/mno-hw-mul\libc.a(lib_a-memchr.o)
                              d:/francisco/arquivos_de_programas/nios2eds/bin/gnu/h-x86_64-mingw32/bin/../lib/gcc/nios2-elf/4.9.1/../../../../../H-x86_64-mingw32/nios2-elf/lib/mno-hw-mul\libc.a(lib_a-fvwrite.o) (memchr)
d:/francisco/arquivos_de_programas/nios2eds/bin/gnu/h-x86_64-mingw32/bin/../lib/gcc/nios2-elf/4.9.1/../../../../../H-x86_64-mingw32/nios2-elf/lib/mno-hw-mul\libc.a(lib_a-memcpy.o)
                              d:/francisco/arquivos_de_programas/nios2eds/bin/gnu/h-x86_64-mingw32/bin/../lib/gcc/nios2-elf/4.9.1/../../../../../H-x86_64-mingw32/nios2-elf/lib/mno-hw-mul\libc.a(lib_a-fvwrite.o) (memcpy)
d:/francisco/arquivos_de_programas/nios2eds/bin/gnu/h-x86_64-mingw32/bin/../lib/gcc/nios2-elf/4.9.1/../../../../../H-x86_64-mingw32/nios2-elf/lib/mno-hw-mul\libc.a(lib_a-memmove.o)
                              d:/francisco/arquivos_de_programas/nios2eds/bin/gnu/h-x86_64-mingw32/bin/../lib/gcc/nios2-elf/4.9.1/../../../../../H-x86_64-mingw32/nios2-elf/lib/mno-hw-mul\libc.a(lib_a-fvwrite.o) (memmove)
d:/francisco/arquivos_de_programas/nios2eds/bin/gnu/h-x86_64-mingw32/bin/../lib/gcc/nios2-elf/4.9.1/../../../../../H-x86_64-mingw32/nios2-elf/lib/mno-hw-mul\libc.a(lib_a-reallocr.o)
                              d:/francisco/arquivos_de_programas/nios2eds/bin/gnu/h-x86_64-mingw32/bin/../lib/gcc/nios2-elf/4.9.1/../../../../../H-x86_64-mingw32/nios2-elf/lib/mno-hw-mul\libc.a(lib_a-fvwrite.o) (_realloc_r)
d:/francisco/arquivos_de_programas/nios2eds/bin/gnu/h-x86_64-mingw32/bin/../lib/gcc/nios2-elf/4.9.1/../../../../../H-x86_64-mingw32/nios2-elf/lib/mno-hw-mul\libc.a(lib_a-sbrkr.o)
                              d:/francisco/arquivos_de_programas/nios2eds/bin/gnu/h-x86_64-mingw32/bin/../lib/gcc/nios2-elf/4.9.1/../../../../../H-x86_64-mingw32/nios2-elf/lib/mno-hw-mul\libc.a(lib_a-mallocr.o) (_sbrk_r)
d:/francisco/arquivos_de_programas/nios2eds/bin/gnu/h-x86_64-mingw32/bin/../lib/gcc/nios2-elf/4.9.1/../../../../../H-x86_64-mingw32/nios2-elf/lib/mno-hw-mul\libc.a(lib_a-wsetup.o)
                              d:/francisco/arquivos_de_programas/nios2eds/bin/gnu/h-x86_64-mingw32/bin/../lib/gcc/nios2-elf/4.9.1/../../../../../H-x86_64-mingw32/nios2-elf/lib/mno-hw-mul\libc.a(lib_a-fvwrite.o) (__swsetup_r)
d:/francisco/arquivos_de_programas/nios2eds/bin/gnu/h-x86_64-mingw32/bin/../lib/gcc/nios2-elf/4.9.1/../../../../../H-x86_64-mingw32/nios2-elf/lib/mno-hw-mul\libc.a(lib_a-fflush.o)
                              d:/francisco/arquivos_de_programas/nios2eds/bin/gnu/h-x86_64-mingw32/bin/../lib/gcc/nios2-elf/4.9.1/../../../../../H-x86_64-mingw32/nios2-elf/lib/mno-hw-mul\libc.a(lib_a-fvwrite.o) (_fflush_r)
d:/francisco/arquivos_de_programas/nios2eds/bin/gnu/h-x86_64-mingw32/bin/../lib/gcc/nios2-elf/4.9.1/../../../../../H-x86_64-mingw32/nios2-elf/lib/mno-hw-mul\libc.a(lib_a-findfp.o)
[...]
Memory Configuration

Name             Origin             Length             Attributes
reset            0x0000000002000000 0x0000000000000020
sdram            0x0000000002000020 0x0000000001ffffe0
onchip_memory    0x0000000004008000 0x0000000000005000
*default*        0x0000000000000000 0xffffffffffffffff

Linker script and memory map

LOAD ../my_nios_bsp//obj/HAL/src/crt0.o
LOAD obj/default/hello_world.o
LOAD d:/francisco/arquivos_de_programas/nios2eds/bin/gnu/h-x86_64-mingw32/bin/../lib/gcc/nios2-elf/4.9.1/../../../../../H-x86_64-mingw32/nios2-elf/lib/mno-hw-mul\libstdc++.a
LOAD d:/francisco/arquivos_de_programas/nios2eds/bin/gnu/h-x86_64-mingw32/bin/../lib/gcc/nios2-elf/4.9.1/../../../../../H-x86_64-mingw32/nios2-elf/lib/mno-hw-mul\libm.a
LOAD d:/francisco/arquivos_de_programas/nios2eds/bin/gnu/h-x86_64-mingw32/bin/../lib/gcc/nios2-elf/4.9.1/mno-hw-mul\libgcc.a
START GROUP
LOAD d:/francisco/arquivos_de_programas/nios2eds/bin/gnu/h-x86_64-mingw32/bin/../lib/gcc/nios2-elf/4.9.1/../../../../../H-x86_64-mingw32/nios2-elf/lib/mno-hw-mul\libc.a
LOAD d:/francisco/arquivos_de_programas/nios2eds/bin/gnu/h-x86_64-mingw32/bin/../lib/gcc/nios2-elf/4.9.1/mno-hw-mul\libgcc.a
LOAD ../my_nios_bsp/\libhal_bsp.a
LOAD d:/francisco/arquivos_de_programas/nios2eds/bin/gnu/h-x86_64-mingw32/bin/../lib/gcc/nios2-elf/4.9.1/../../../../../H-x86_64-mingw32/nios2-elf/lib/mno-hw-mul\libm.a
END GROUP
LOAD d:/francisco/arquivos_de_programas/nios2eds/bin/gnu/h-x86_64-mingw32/bin/../lib/gcc/nios2-elf/4.9.1/mno-hw-mul\libgcc.a
                0x0000000002000000                __alt_mem_sdram = 0x2000000
                0x0000000004008000                __alt_mem_onchip_memory = 0x4008000

.entry          0x0000000002000000       0x20
 *(.entry)
 .entry         0x0000000002000000       0x20 ../my_nios_bsp//obj/HAL/src/crt0.o
                0x0000000002000000                __reset

.exceptions     0x0000000002000020      0x20c
                0x0000000002000020                PROVIDE (__ram_exceptions_start, ABSOLUTE (.))
                0x0000000002000020                . = ALIGN (0x20)
 *(.irq)
 *(.exceptions.entry.label)
 .exceptions.entry.label
                0x0000000002000020        0x0 ../my_nios_bsp/\libhal_bsp.a(alt_irq_entry.o)
                0x0000000002000020                alt_irq_entry
 .exceptions.entry.label
                0x0000000002000020        0x0 ../my_nios_bsp/\libhal_bsp.a(alt_exception_entry.o)
                0x0000000002000020                alt_exception
 *(.exceptions.entry.user)
 *(.exceptions.entry.ecc_fatal)
 *(.exceptions.entry)
 .exceptions.entry
                0x0000000002000020       0x54 ../my_nios_bsp/\libhal_bsp.a(alt_exception_entry.o)
 *(.exceptions.irqtest.user)
 *(.exceptions.irqtest)
 .exceptions.irqtest
                0x0000000002000074       0x10 ../my_nios_bsp/\libhal_bsp.a(alt_irq_entry.o)
 *(.exceptions.irqhandler.user)
 *(.exceptions.irqhandler)
 .exceptions.irqhandler
                0x0000000002000084        0x4 ../my_nios_bsp/\libhal_bsp.a(alt_irq_entry.o)
 *(.exceptions.irqreturn.user)
 *(.exceptions.irqreturn)
 .exceptions.irqreturn
                0x0000000002000088        0x4 ../my_nios_bsp/\libhal_bsp.a(alt_irq_entry.o)
 *(.exceptions.notirq.label)
 .exceptions.notirq.label
                0x000000000200008c        0x0 ../my_nios_bsp/\libhal_bsp.a(alt_irq_entry.o)
 *(.exceptions.notirq.user)
 *(.exceptions.notirq)
 .exceptions.notirq
                0x000000000200008c        0x8 ../my_nios_bsp/\libhal_bsp.a(alt_exception_entry.o)
 *(.exceptions.soft.user)
 *(.exceptions.soft)
 *(.exceptions.unknown.user)
 *(.exceptions.unknown)
 .exceptions.unknown
                0x0000000002000094       0x14 ../my_nios_bsp/\libhal_bsp.a(alt_exception_entry.o)
 *(.exceptions.exit.label)
 .exceptions.exit.label
                0x00000000020000a8        0x0 ../my_nios_bsp/\libhal_bsp.a(alt_irq_entry.o)
 .exceptions.exit.label
                0x00000000020000a8        0x0 ../my_nios_bsp/\libhal_bsp.a(alt_exception_entry.o)
 *(.exceptions.exit.user)
 *(.exceptions.exit)
 .exceptions.exit
                0x00000000020000a8       0x54 ../my_nios_bsp/\libhal_bsp.a(alt_exception_entry.o)
 *(.exceptions)
 .exceptions    0x00000000020000fc       0xd0 ../my_nios_bsp/\libhal_bsp.a(alt_irq_handler.o)
                0x00000000020000fc                alt_irq_handler
 .exceptions    0x00000000020001cc       0x60 ../my_nios_bsp/\libhal_bsp.a(alt_instruction_exception_entry.o)
                0x00000000020001cc                alt_instruction_exception_entry
                0x000000000200022c                PROVIDE (__ram_exceptions_end, ABSOLUTE (.))
                0x0000000002000020                PROVIDE (__flash_exceptions_start, LOADADDR (.exceptions))

.text           0x000000000200022c     0x5310
                0x000000000200022c                PROVIDE (stext, ABSOLUTE (.))
 *(.interp)
 *(.hash)
 *(.dynsym)
 *(.dynstr)
 *(.gnu.version)
 *(.gnu.version_d)
 *(.gnu.version_r)
 *(.rel.init)
 *(.rela.init)
 *(.rel.text .rel.text.* .rel.gnu.linkonce.t.*)
 *(.rela.text .rela.text.* .rela.gnu.linkonce.t.*)
 *(.rel.fini)
 *(.rela.fini)
 *(.rel.rodata .rel.rodata.* .rel.gnu.linkonce.r.*)
 *(.rela.rodata .rela.rodata.* .rela.gnu.linkonce.r.*)
 *(.rel.data .rel.data.* .rel.gnu.linkonce.d.*)
 *(.rela.data .rela.data.* .rela.gnu.linkonce.d.*)
 *(.rel.tdata .rel.tdata.* .rel.gnu.linkonce.td.*)
 *(.rela.tdata .rela.tdata.* .rela.gnu.linkonce.td.*)
 *(.rel.tbss .rel.tbss.* .rel.gnu.linkonce.tb.*)
 *(.rela.tbss .rela.tbss.* .rela.gnu.linkonce.tb.*)
 *(.rel.ctors)
 *(.rela.ctors)
 *(.rel.dtors)
 *(.rela.dtors)
 *(.rel.got)
 *(.rela.got)
 *(.rel.sdata .rel.sdata.* .rel.gnu.linkonce.s.*)
 *(.rela.sdata .rela.sdata.* .rela.gnu.linkonce.s.*)
 *(.rel.sbss .rel.sbss.* .rel.gnu.linkonce.sb.*)
 *(.rela.sbss .rela.sbss.* .rela.gnu.linkonce.sb.*)
 *(.rel.sdata2 .rel.sdata2.* .rel.gnu.linkonce.s2.*)
 *(.rela.sdata2 .rela.sdata2.* .rela.gnu.linkonce.s2.*)
 *(.rel.sbss2 .rel.sbss2.* .rel.gnu.linkonce.sb2.*)
 *(.rela.sbss2 .rela.sbss2.* .rela.gnu.linkonce.sb2.*)
 *(.rel.bss .rel.bss.* .rel.gnu.linkonce.b.*)
 *(.rela.bss .rela.bss.* .rela.gnu.linkonce.b.*)
 *(.rel.plt)
 *(.rela.plt)
 *(.rel.dyn)
 *(.init)
 *(.plt)
 *(.text .stub .text.* .gnu.linkonce.t.*)
 .text          0x000000000200022c       0x3c ../my_nios_bsp//obj/HAL/src/crt0.o
                0x000000000200022c                _start
 .text          0x0000000002000268       0x34 obj/default/hello_world.o
                0x0000000002000268                main
 .text          0x000000000200029c       0xcc d:/francisco/arquivos_de_programas/nios2eds/bin/gnu/h-x86_64-mingw32/bin/../lib/gcc/nios2-elf/4.9.1/../../../../../H-x86_64-mingw32/nios2-elf/lib/mno-hw-mul\libc.a(lib_a-puts.o)
                0x000000000200029c                _puts_r
                0x0000000002000354                puts
 .text          0x0000000002000368       0x98 d:/francisco/arquivos_de_programas/nios2eds/bin/gnu/h-x86_64-mingw32/bin/../lib/gcc/nios2-elf/4.9.1/../../../../../H-x86_64-mingw32/nios2-elf/lib/mno-hw-mul\libc.a(lib_a-strlen.o)
                0x0000000002000368                strlen
 .text          0x0000000002000400      0x4a4 d:/francisco/arquivos_de_programas/nios2eds/bin/gnu/h-x86_64-mingw32/bin/../lib/gcc/nios2-elf/4.9.1/../../../../../H-x86_64-mingw32/nios2-elf/lib/mno-hw-mul\libc.a(lib_a-fvwrite.o)
                0x0000000002000400                __sfvwrite_r
 .text          0x00000000020008a4        0x0 d:/francisco/arquivos_de_programas/nios2eds/bin/gnu/h-x86_64-mingw32/bin/../lib/gcc/nios2-elf/4.9.1/../../../../../H-x86_64-mingw32/nios2-elf/lib/mno-hw-mul\libc.a(lib_a-impure.o)
 .text          0x00000000020008a4      0x7a8 d:/francisco/arquivos_de_programas/nios2eds/bin/gnu/h-x86_64-mingw32/bin/../lib/gcc/nios2-elf/4.9.1/../../../../../H-x86_64-mingw32/nios2-elf/lib/mno-hw-mul\libc.a(lib_a-mallocr.o)
                0x00000000020008a4                _malloc_r
 .text          0x000000000200104c       0xe8 d:/francisco/arquivos_de_programas/nios2eds/bin/gnu/h-x86_64-mingw32/bin/../lib/gcc/nios2-elf/4.9.1/../../../../../H-x86_64-mingw32/nios2-elf/lib/mno-hw-mul\libc.a(lib_a-memchr.o)
                0x000000000200104c                memchr
 .text          0x0000000002001134      0x138 d:/francisco/arquivos_de_programas/nios2eds/bin/gnu/h-x86_64-mingw32/bin/../lib/gcc/nios2-elf/4.9.1/../../../../../H-x86_64-mingw32/nios2-elf/lib/mno-hw-mul\libc.a(lib_a-memcpy.o)
                0x0000000002001134                memcpy
 .text          0x000000000200126c      0x15c d:/francisco/arquivos_de_programas/nios2eds/bin/gnu/h-x86_64-mingw32/bin/../lib/gcc/nios2-elf/4.9.1/../../../../../H-x86_64-mingw32/nios2-elf/lib/mno-hw-mul\libc.a(lib_a-memmove.o)
                0x000000000200126c                memmove
 .text          0x00000000020013c8      0x5a0 d:/francisco/arquivos_de_programas/nios2eds/bin/gnu/h-x86_64-mingw32/bin/../lib/gcc/nios2-elf/4.9.1/../../../../../H-x86_64-mingw32/nios2-elf/lib/mno-hw-mul\libc.a(lib_a-reallocr.o)
                0x00000000020013c8                _realloc_r
 .text          0x0000000002001968       0x54 d:/francisco/arquivos_de_programas/nios2eds/bin/gnu/h-x86_64-mingw32/bin/../lib/gcc/nios2-elf/4.9.1/../../../../../H-x86_64-mingw32/nios2-elf/lib/mno-hw-mul\libc.a(lib_a-sbrkr.o)
                0x0000000002001968                _sbrk_r
 .text          0x00000000020019bc      0x130 d:/francisco/arquivos_de_programas/nios2eds/bin/gnu/h-x86_64-mingw32/bin/../lib/gcc/nios2-elf/4.9.1/../../../../../H-x86_64-mingw32/nios2-elf/lib/mno-hw-mul\libc.a(lib_a-wsetup.o)
                0x00000000020019bc                __swsetup_r
 .text          0x0000000002001aec      0x258 d:/francisco/arquivos_de_programas/nios2eds/bin/gnu/h-x86_64-mingw32/bin/../lib/gcc/nios2-elf/4.9.1/../../../../../H-x86_64-mingw32/nios2-elf/lib/mno-hw-mul\libc.a(lib_a-fflush.o)
                0x0000000002001aec                _fflush_r
                0x0000000002001d14                fflush
 .text          0x0000000002001d44      0x3b4 d:/francisco/arquivos_de_programas/nios2eds/bin/gnu/h-x86_64-mingw32/bin/../lib/gcc/nios2-elf/4.9.1/../../../../../H-x86_64-mingw32/nios2-elf/lib/mno-hw-mul\libc.a(lib_a-findfp.o)
                0x0000000002001d54                _cleanup_r
                0x0000000002001f00                __sfmoreglue
                0x0000000002001f78                __sfp
                0x0000000002002090                _cleanup
                0x00000000020020a8                __sinit
                0x00000000020020b8                __sfp_lock_acquire
                0x00000000020020bc                __sfp_lock_release
                0x00000000020020c0                __sinit_lock_acquire
                0x00000000020020c4                __sinit_lock_release
                0x00000000020020c8                __fp_lock_all
                0x00000000020020e0                __fp_unlock_all
 .text          0x00000000020020f8      0x414 d:/francisco/arquivos_de_programas/nios2eds/bin/gnu/h-x86_64-mingw32/bin/../lib/gcc/nios2-elf/4.9.1/../../../../../H-x86_64-mingw32/nios2-elf/lib/mno-hw-mul\libc.a(lib_a-freer.o)
                0x00000000020020f8                _malloc_trim_r
                0x000000000200221c                _free_r
 .text          0x000000000200250c      0x170 d:/francisco/arquivos_de_programas/nios2eds/bin/gnu/h-x86_64-mingw32/bin/../lib/gcc/nios2-elf/4.9.1/../../../../../H-x86_64-mingw32/nios2-elf/lib/mno-hw-mul\libc.a(lib_a-fwalk.o)
                0x000000000200250c                _fwalk
                0x00000000020025c4                _fwalk_reent
 .text          0x000000000200267c        0x0 d:/francisco/arquivos_de_programas/nios2eds/bin/gnu/h-x86_64-mingw32/bin/../lib/gcc/nios2-elf/4.9.1/../../../../../H-x86_64-mingw32/nios2-elf/lib/mno-hw-mul\libc.a(lib_a-int_errno.o)
 .text          0x000000000200267c      0x1b8 d:/francisco/arquivos_de_programas/nios2eds/bin/gnu/h-x86_64-mingw32/bin/../lib/gcc/nios2-elf/4.9.1/../../../../../H-x86_64-mingw32/nios2-elf/lib/mno-hw-mul\libc.a(lib_a-makebuf.o)
                0x000000000200267c                __smakebuf_r
 .text          0x0000000002002834      0x124 d:/francisco/arquivos_de_programas/nios2eds/bin/gnu/h-x86_64-mingw32/bin/../lib/gcc/nios2-elf/4.9.1/../../../../../H-x86_64-mingw32/nios2-elf/lib/mno-hw-mul\libc.a(lib_a-memset.o)
                0x0000000002002834                memset
 .text          0x0000000002002958      0x13c d:/francisco/arquivos_de_programas/nios2eds/bin/gnu/h-x86_64-mingw32/bin/../lib/gcc/nios2-elf/4.9.1/../../../../../H-x86_64-mingw32/nios2-elf/lib/mno-hw-mul\libc.a(lib_a-stdio.o)
                0x0000000002002958                __sread
                0x00000000020029ac                __seofread
                0x00000000020029b4                __swrite
                0x0000000002002a30                __sseek
                0x0000000002002a8c                __sclose
 .text          0x0000000002002a94       0x5c d:/francisco/arquivos_de_programas/nios2eds/bin/gnu/h-x86_64-mingw32/bin/../lib/gcc/nios2-elf/4.9.1/../../../../../H-x86_64-mingw32/nios2-elf/lib/mno-hw-mul\libc.a(lib_a-writer.o)
                0x0000000002002a94                _write_r
 .text          0x0000000002002af0       0x54 d:/francisco/arquivos_de_programas/nios2eds/bin/gnu/h-x86_64-mingw32/bin/../lib/gcc/nios2-elf/4.9.1/../../../../../H-x86_64-mingw32/nios2-elf/lib/mno-hw-mul\libc.a(closer.o)
                0x0000000002002af0                _close_r
 .text          0x0000000002002b44      0x114 d:/francisco/arquivos_de_programas/nios2eds/bin/gnu/h-x86_64-mingw32/bin/../lib/gcc/nios2-elf/4.9.1/../../../../../H-x86_64-mingw32/nios2-elf/lib/mno-hw-mul\libc.a(lib_a-fclose.o)
                0x0000000002002b44                _fclose_r
                0x0000000002002c44                fclose
 .text          0x0000000002002c58       0x58 d:/francisco/arquivos_de_programas/nios2eds/bin/gnu/h-x86_64-mingw32/bin/../lib/gcc/nios2-elf/4.9.1/../../../../../H-x86_64-mingw32/nios2-elf/lib/mno-hw-mul\libc.a(lib_a-fstatr.o)
                0x0000000002002c58                _fstat_r
 .text          0x0000000002002cb0       0x54 d:/francisco/arquivos_de_programas/nios2eds/bin/gnu/h-x86_64-mingw32/bin/../lib/gcc/nios2-elf/4.9.1/../../../../../H-x86_64-mingw32/nios2-elf/lib/mno-hw-mul\libc.a(lib_a-isattyr.o)
                0x0000000002002cb0                _isatty_r
 .text          0x0000000002002d04       0x5c d:/francisco/arquivos_de_programas/nios2eds/bin/gnu/h-x86_64-mingw32/bin/../lib/gcc/nios2-elf/4.9.1/../../../../../H-x86_64-mingw32/nios2-elf/lib/mno-hw-mul\libc.a(lib_a-lseekr.o)
                0x0000000002002d04                _lseek_r
 .text          0x0000000002002d60       0x5c d:/francisco/arquivos_de_programas/nios2eds/bin/gnu/h-x86_64-mingw32/bin/../lib/gcc/nios2-elf/4.9.1/../../../../../H-x86_64-mingw32/nios2-elf/lib/mno-hw-mul\libc.a(lib_a-readr.o)
                0x0000000002002d60                _read_r
 .text          0x0000000002002dbc       0x28 d:/francisco/arquivos_de_programas/nios2eds/bin/gnu/h-x86_64-mingw32/bin/../lib/gcc/nios2-elf/4.9.1/mno-hw-mul\libgcc.a(lib2-mul.o)
                0x0000000002002dbc                __mulsi3
 .text          0x0000000002002de4      0x128 ../my_nios_bsp/\libhal_bsp.a(alt_close.o)
                0x0000000002002e34                close
 .text          0x0000000002002f0c       0x2c ../my_nios_bsp/\libhal_bsp.a(alt_dev.o)
 .text          0x0000000002002f38        0x0 ../my_nios_bsp/\libhal_bsp.a(alt_errno.o)
 .text          0x0000000002002f38      0x108 ../my_nios_bsp/\libhal_bsp.a(alt_fstat.o)
                0x0000000002002f88                fstat
 .text          0x0000000002003040       0xfc ../my_nios_bsp/\libhal_bsp.a(alt_isatty.o)
                0x0000000002003090                isatty
 .text          0x000000000200313c       0xe4 ../my_nios_bsp/\libhal_bsp.a(alt_load.o)
                0x00000000020031a0                alt_load
 .text          0x0000000002003220      0x12c ../my_nios_bsp/\libhal_bsp.a(alt_lseek.o)
                0x0000000002003270                lseek
 .text          0x000000000200334c       0x78 ../my_nios_bsp/\libhal_bsp.a(alt_main.o)
                0x000000000200334c                alt_main
 .text          0x00000000020033c4       0x40 ../my_nios_bsp/\libhal_bsp.a(alt_malloc_lock.o)
                0x00000000020033c4                __malloc_lock
                0x00000000020033e4                __malloc_unlock
 .text          0x0000000002003404      0x154 ../my_nios_bsp/\libhal_bsp.a(alt_read.o)
                0x0000000002003454                read
 .text          0x0000000002003558       0x80 ../my_nios_bsp/\libhal_bsp.a(alt_release_fd.o)
                0x0000000002003558                alt_release_fd
 .text          0x00000000020035d8       0xb0 ../my_nios_bsp/\libhal_bsp.a(alt_sbrk.o)
                0x00000000020035d8                sbrk
 .text          0x0000000002003688      0x150 ../my_nios_bsp/\libhal_bsp.a(alt_write.o)
                0x00000000020036d8                write
 .text          0x00000000020037d8       0xb4 ../my_nios_bsp/\libhal_bsp.a(alt_sys_init.o)
                0x0000000002003810                alt_irq_init
                0x0000000002003844                alt_sys_init
 .text          0x000000000200388c      0x164 ../my_nios_bsp/\libhal_bsp.a(altera_avalon_jtag_uart_fd.o)
                0x000000000200388c                altera_avalon_jtag_uart_read_fd
                0x00000000020038ec                altera_avalon_jtag_uart_write_fd
                0x000000000200394c                altera_avalon_jtag_uart_close_fd
                0x000000000200399c                altera_avalon_jtag_uart_ioctl_fd
 .text          0x00000000020039f0      0x3d8 ../my_nios_bsp/\libhal_bsp.a(altera_avalon_jtag_uart_init.o)
                0x00000000020039f0                altera_avalon_jtag_uart_init
                0x0000000002003d60                altera_avalon_jtag_uart_close
 .text          0x0000000002003dc8       0xec ../my_nios_bsp/\libhal_bsp.a(altera_avalon_jtag_uart_ioctl.o)
                0x0000000002003dc8                altera_avalon_jtag_uart_ioctl
 .text          0x0000000002003eb4      0x20c ../my_nios_bsp/\libhal_bsp.a(altera_avalon_jtag_uart_read.o)
                0x0000000002003eb4                altera_avalon_jtag_uart_read
 .text          0x00000000020040c0      0x218 ../my_nios_bsp/\libhal_bsp.a(altera_avalon_jtag_uart_write.o)
                0x00000000020040c0                altera_avalon_jtag_uart_write
 .text          0x00000000020042d8      0x140 ../my_nios_bsp/\libhal_bsp.a(alt_alarm_start.o)
                0x00000000020042d8                alt_alarm_start
 .text          0x0000000002004418       0x1c ../my_nios_bsp/\libhal_bsp.a(alt_dcache_flush_all.o)
                0x0000000002004418                alt_dcache_flush_all
 .text          0x0000000002004434       0xf4 ../my_nios_bsp/\libhal_bsp.a(alt_dev_llist_insert.o)
                0x0000000002004484                alt_dev_llist_insert
 .text          0x0000000002004528       0x5c ../my_nios_bsp/\libhal_bsp.a(alt_do_ctors.o)
                0x0000000002004528                _do_ctors
 .text          0x0000000002004584       0x5c ../my_nios_bsp/\libhal_bsp.a(alt_do_dtors.o)
                0x0000000002004584                _do_dtors
 .text          0x00000000020045e0       0x1c ../my_nios_bsp/\libhal_bsp.a(alt_icache_flush_all.o)
                0x00000000020045e0                alt_icache_flush_all
 .text          0x00000000020045fc      0x1e0 ../my_nios_bsp/\libhal_bsp.a(alt_iic.o)
                0x00000000020045fc                alt_ic_isr_register
                0x000000000200464c                alt_ic_irq_enable
                0x00000000020046ec                alt_ic_irq_disable
                0x0000000002004790                alt_ic_irq_enabled
 .text          0x00000000020047dc       0xf0 ../my_nios_bsp/\libhal_bsp.a(alt_iic_isr_register.o)
                0x00000000020047dc                alt_iic_isr_register
 .text          0x00000000020048cc      0x158 ../my_nios_bsp/\libhal_bsp.a(alt_io_redirect.o)
                0x00000000020049ac                alt_io_redirect
 .text          0x0000000002004a24        0x0 ../my_nios_bsp/\libhal_bsp.a(alt_irq_entry.o)
 .text          0x0000000002004a24        0x0 ../my_nios_bsp/\libhal_bsp.a(alt_irq_handler.o)
 .text          0x0000000002004a24        0x0 ../my_nios_bsp/\libhal_bsp.a(alt_irq_vars.o)
 .text          0x0000000002004a24      0x2a4 ../my_nios_bsp/\libhal_bsp.a(alt_open.o)
                0x0000000002004b68                open
 .text          0x0000000002004cc8      0x19c ../my_nios_bsp/\libhal_bsp.a(alt_tick.o)
                0x0000000002004cc8                alt_alarm_stop
                0x0000000002004d60                alt_tick
 .text          0x0000000002004e64       0x20 ../my_nios_bsp/\libhal_bsp.a(altera_nios2_gen2_irq.o)
                0x0000000002004e64                altera_nios2_gen2_irq_init
 .text          0x0000000002004e84        0x0 ../my_nios_bsp/\libhal_bsp.a(alt_exception_entry.o)
 .text          0x0000000002004e84       0x90 ../my_nios_bsp/\libhal_bsp.a(alt_find_dev.o)
                0x0000000002004e84                alt_find_dev
 .text          0x0000000002004f14      0x114 ../my_nios_bsp/\libhal_bsp.a(alt_find_file.o)
                0x0000000002004f14                alt_find_file
 .text          0x0000000002005028       0xd4 ../my_nios_bsp/\libhal_bsp.a(alt_get_fd.o)
                0x0000000002005028                alt_get_fd
 .text          0x00000000020050fc       0x9c ../my_nios_bsp/\libhal_bsp.a(alt_instruction_exception_entry.o)
                0x00000000020050fc                alt_exception_cause_generated_bad_addr
 .text          0x0000000002005198       0x14 d:/francisco/arquivos_de_programas/nios2eds/bin/gnu/h-x86_64-mingw32/bin/../lib/gcc/nios2-elf/4.9.1/../../../../../H-x86_64-mingw32/nios2-elf/lib/mno-hw-mul\libc.a(lib_a-atexit.o)
                0x0000000002005198                atexit
 .text          0x00000000020051ac       0x38 d:/francisco/arquivos_de_programas/nios2eds/bin/gnu/h-x86_64-mingw32/bin/../lib/gcc/nios2-elf/4.9.1/../../../../../H-x86_64-mingw32/nios2-elf/lib/mno-hw-mul\libc.a(lib_a-exit.o)
                0x00000000020051ac                exit
 .text          0x00000000020051e4       0x7c d:/francisco/arquivos_de_programas/nios2eds/bin/gnu/h-x86_64-mingw32/bin/../lib/gcc/nios2-elf/4.9.1/../../../../../H-x86_64-mingw32/nios2-elf/lib/mno-hw-mul\libc.a(lib_a-memcmp.o)
                0x00000000020051e4                memcmp
 .text          0x0000000002005260      0x114 d:/francisco/arquivos_de_programas/nios2eds/bin/gnu/h-x86_64-mingw32/bin/../lib/gcc/nios2-elf/4.9.1/../../../../../H-x86_64-mingw32/nios2-elf/lib/mno-hw-mul\libc.a(lib_a-__atexit.o)
                0x0000000002005260                __register_exitproc
 .text          0x0000000002005374      0x194 d:/francisco/arquivos_de_programas/nios2eds/bin/gnu/h-x86_64-mingw32/bin/../lib/gcc/nios2-elf/4.9.1/../../../../../H-x86_64-mingw32/nios2-elf/lib/mno-hw-mul\libc.a(lib_a-__call_atexit.o)
                0x0000000002005374                __call_exitprocs
 .text          0x0000000002005508       0x34 ../my_nios_bsp/\libhal_bsp.a(alt_exit.o)
                0x0000000002005508                _exit
 *(.gnu.warning.*)
 *(.fini)
                0x000000000200553c                PROVIDE (__etext, ABSOLUTE (.))
                0x000000000200553c                PROVIDE (_etext, ABSOLUTE (.))
                0x000000000200553c                PROVIDE (etext, ABSOLUTE (.))
 *(.eh_frame_hdr)
                0x000000000200553c                . = ALIGN (0x4)
                0x000000000200553c                PROVIDE (__preinit_array_start, ABSOLUTE (.))
 *(.preinit_array)
                0x000000000200553c                PROVIDE (__preinit_array_end, ABSOLUTE (.))
                0x000000000200553c                PROVIDE (__init_array_start, ABSOLUTE (.))
 *(.init_array)
                0x000000000200553c                PROVIDE (__init_array_end, ABSOLUTE (.))
                0x000000000200553c                PROVIDE (__fini_array_start, ABSOLUTE (.))
 *(.fini_array)
                0x000000000200553c                PROVIDE (__fini_array_end, ABSOLUTE (.))
 *(.eh_frame)
 *(.gcc_except_table .gcc_except_table.*)
 *(.dynamic)
                0x000000000200553c                PROVIDE (__CTOR_LIST__, ABSOLUTE (.))
 *(.ctors)
 *(SORT(.ctors.*))
                0x000000000200553c                PROVIDE (__CTOR_END__, ABSOLUTE (.))
                0x000000000200553c                PROVIDE (__DTOR_LIST__, ABSOLUTE (.))
 *(.dtors)
 *(SORT(.dtors.*))
                0x000000000200553c                PROVIDE (__DTOR_END__, ABSOLUTE (.))
 *(.jcr)
                0x000000000200553c                . = ALIGN (0x4)

.rodata         0x000000000200553c       0x48
                0x000000000200553c                PROVIDE (__ram_rodata_start, ABSOLUTE (.))
                0x000000000200553c                . = ALIGN (0x4)
 *(.rodata .rodata.* .gnu.linkonce.r.*)
 .rodata        0x000000000200553c       0x14 obj/default/hello_world.o
 .rodata.str1.4
                0x0000000002005550        0x2 d:/francisco/arquivos_de_programas/nios2eds/bin/gnu/h-x86_64-mingw32/bin/../lib/gcc/nios2-elf/4.9.1/../../../../../H-x86_64-mingw32/nios2-elf/lib/mno-hw-mul\libc.a(lib_a-puts.o)
                                          0x4 (size before relaxing)
 *fill*         0x0000000002005552        0x2 
 .rodata.str1.4
                0x0000000002005554        0x4 d:/francisco/arquivos_de_programas/nios2eds/bin/gnu/h-x86_64-mingw32/bin/../lib/gcc/nios2-elf/4.9.1/../../../../../H-x86_64-mingw32/nios2-elf/lib/mno-hw-mul\libc.a(lib_a-impure.o)
 .rodata        0x0000000002005558        0xc ../my_nios_bsp/\libhal_bsp.a(alt_dev.o)
 .rodata        0x0000000002005564       0x10 ../my_nios_bsp/\libhal_bsp.a(alt_main.o)
 .rodata        0x0000000002005574       0x10 ../my_nios_bsp/\libhal_bsp.a(alt_sys_init.o)
 *(.rodata1)
                0x0000000002005584                . = ALIGN (0x4)
                0x0000000002005584                PROVIDE (__ram_rodata_end, ABSOLUTE (.))
                0x000000000200553c                PROVIDE (__flash_rodata_start, LOADADDR (.rodata))

.rwdata         0x0000000002005584     0x1a6c load address 0x0000000002006ff0
                0x0000000002005584                PROVIDE (__ram_rwdata_start, ABSOLUTE (.))
                0x0000000002005584                . = ALIGN (0x4)
 *(.got.plt)
 *(.got)
 *(.data1)
 *(.data .data.* .gnu.linkonce.d.*)
 .data          0x0000000002005584        0x0 ../my_nios_bsp//obj/HAL/src/crt0.o
 .data          0x0000000002005584        0x0 obj/default/hello_world.o
 .data          0x0000000002005584        0x0 d:/francisco/arquivos_de_programas/nios2eds/bin/gnu/h-x86_64-mingw32/bin/../lib/gcc/nios2-elf/4.9.1/../../../../../H-x86_64-mingw32/nios2-elf/lib/mno-hw-mul\libc.a(lib_a-puts.o)
 .data          0x0000000002005584        0x0 d:/francisco/arquivos_de_programas/nios2eds/bin/gnu/h-x86_64-mingw32/bin/../lib/gcc/nios2-elf/4.9.1/../../../../../H-x86_64-mingw32/nios2-elf/lib/mno-hw-mul\libc.a(lib_a-strlen.o)
 .data          0x0000000002005584        0x0 d:/francisco/arquivos_de_programas/nios2eds/bin/gnu/h-x86_64-mingw32/bin/../lib/gcc/nios2-elf/4.9.1/../../../../../H-x86_64-mingw32/nios2-elf/lib/mno-hw-mul\libc.a(lib_a-fvwrite.o)
 .data          0x0000000002005584      0x424 d:/francisco/arquivos_de_programas/nios2eds/bin/gnu/h-x86_64-mingw32/bin/../lib/gcc/nios2-elf/4.9.1/../../../../../H-x86_64-mingw32/nios2-elf/lib/mno-hw-mul\libc.a(lib_a-impure.o)
 .data          0x00000000020059a8      0x408 d:/francisco/arquivos_de_programas/nios2eds/bin/gnu/h-x86_64-mingw32/bin/../lib/gcc/nios2-elf/4.9.1/../../../../../H-x86_64-mingw32/nios2-elf/lib/mno-hw-mul\libc.a(lib_a-mallocr.o)
                0x00000000020059a8                __malloc_av_
 .data          0x0000000002005db0        0x0 d:/francisco/arquivos_de_programas/nios2eds/bin/gnu/h-x86_64-mingw32/bin/../lib/gcc/nios2-elf/4.9.1/../../../../../H-x86_64-mingw32/nios2-elf/lib/mno-hw-mul\libc.a(lib_a-memchr.o)
 .data          0x0000000002005db0        0x0 d:/francisco/arquivos_de_programas/nios2eds/bin/gnu/h-x86_64-mingw32/bin/../lib/gcc/nios2-elf/4.9.1/../../../../../H-x86_64-mingw32/nios2-elf/lib/mno-hw-mul\libc.a(lib_a-memcpy.o)
 .data          0x0000000002005db0        0x0 d:/francisco/arquivos_de_programas/nios2eds/bin/gnu/h-x86_64-mingw32/bin/../lib/gcc/nios2-elf/4.9.1/../../../../../H-x86_64-mingw32/nios2-elf/lib/mno-hw-mul\libc.a(lib_a-memmove.o)
 .data          0x0000000002005db0        0x0 d:/francisco/arquivos_de_programas/nios2eds/bin/gnu/h-x86_64-mingw32/bin/../lib/gcc/nios2-elf/4.9.1/../../../../../H-x86_64-mingw32/nios2-elf/lib/mno-hw-mul\libc.a(lib_a-reallocr.o)
 .data          0x0000000002005db0        0x0 d:/francisco/arquivos_de_programas/nios2eds/bin/gnu/h-x86_64-mingw32/bin/../lib/gcc/nios2-elf/4.9.1/../../../../../H-x86_64-mingw32/nios2-elf/lib/mno-hw-mul\libc.a(lib_a-sbrkr.o)
 .data          0x0000000002005db0        0x0 d:/francisco/arquivos_de_programas/nios2eds/bin/gnu/h-x86_64-mingw32/bin/../lib/gcc/nios2-elf/4.9.1/../../../../../H-x86_64-mingw32/nios2-elf/lib/mno-hw-mul\libc.a(lib_a-wsetup.o)
 .data          0x0000000002005db0        0x0 d:/francisco/arquivos_de_programas/nios2eds/bin/gnu/h-x86_64-mingw32/bin/../lib/gcc/nios2-elf/4.9.1/../../../../../H-x86_64-mingw32/nios2-elf/lib/mno-hw-mul\libc.a(lib_a-fflush.o)
 .data          0x0000000002005db0        0x0 d:/francisco/arquivos_de_programas/nios2eds/bin/gnu/h-x86_64-mingw32/bin/../lib/gcc/nios2-elf/4.9.1/../../../../../H-x86_64-mingw32/nios2-elf/lib/mno-hw-mul\libc.a(lib_a-findfp.o)
 .data          0x0000000002005db0        0x0 d:/francisco/arquivos_de_programas/nios2eds/bin/gnu/h-x86_64-mingw32/bin/../lib/gcc/nios2-elf/4.9.1/../../../../../H-x86_64-mingw32/nios2-elf/lib/mno-hw-mul\libc.a(lib_a-freer.o)
 .data          0x0000000002005db0        0x0 d:/francisco/arquivos_de_programas/nios2eds/bin/gnu/h-x86_64-mingw32/bin/../lib/gcc/nios2-elf/4.9.1/../../../../../H-x86_64-mingw32/nios2-elf/lib/mno-hw-mul\libc.a(lib_a-fwalk.o)
 .data          0x0000000002005db0        0x0 d:/francisco/arquivos_de_programas/nios2eds/bin/gnu/h-x86_64-mingw32/bin/../lib/gcc/nios2-elf/4.9.1/../../../../../H-x86_64-mingw32/nios2-elf/lib/mno-hw-mul\libc.a(lib_a-int_errno.o)
 .data          0x0000000002005db0        0x0 d:/francisco/arquivos_de_programas/nios2eds/bin/gnu/h-x86_64-mingw32/bin/../lib/gcc/nios2-elf/4.9.1/../../../../../H-x86_64-mingw32/nios2-elf/lib/mno-hw-mul\libc.a(lib_a-makebuf.o)
 .data          0x0000000002005db0        0x0 d:/francisco/arquivos_de_programas/nios2eds/bin/gnu/h-x86_64-mingw32/bin/../lib/gcc/nios2-elf/4.9.1/../../../../../H-x86_64-mingw32/nios2-elf/lib/mno-hw-mul\libc.a(lib_a-memset.o)
 .data          0x0000000002005db0        0x0 d:/francisco/arquivos_de_programas/nios2eds/bin/gnu/h-x86_64-mingw32/bin/../lib/gcc/nios2-elf/4.9.1/../../../../../H-x86_64-mingw32/nios2-elf/lib/mno-hw-mul\libc.a(lib_a-stdio.o)
 .data          0x0000000002005db0        0x0 d:/francisco/arquivos_de_programas/nios2eds/bin/gnu/h-x86_64-mingw32/bin/../lib/gcc/nios2-elf/4.9.1/../../../../../H-x86_64-mingw32/nios2-elf/lib/mno-hw-mul\libc.a(lib_a-writer.o)
 .data          0x0000000002005db0        0x0 d:/francisco/arquivos_de_programas/nios2eds/bin/gnu/h-x86_64-mingw32/bin/../lib/gcc/nios2-elf/4.9.1/../../../../../H-x86_64-mingw32/nios2-elf/lib/mno-hw-mul\libc.a(closer.o)
 .data          0x0000000002005db0        0x0 d:/francisco/arquivos_de_programas/nios2eds/bin/gnu/h-x86_64-mingw32/bin/../lib/gcc/nios2-elf/4.9.1/../../../../../H-x86_64-mingw32/nios2-elf/lib/mno-hw-mul\libc.a(lib_a-fclose.o)
 .data          0x0000000002005db0        0x0 d:/francisco/arquivos_de_programas/nios2eds/bin/gnu/h-x86_64-mingw32/bin/../lib/gcc/nios2-elf/4.9.1/../../../../../H-x86_64-mingw32/nios2-elf/lib/mno-hw-mul\libc.a(lib_a-fstatr.o)
 .data          0x0000000002005db0        0x0 d:/francisco/arquivos_de_programas/nios2eds/bin/gnu/h-x86_64-mingw32/bin/../lib/gcc/nios2-elf/4.9.1/../../../../../H-x86_64-mingw32/nios2-elf/lib/mno-hw-mul\libc.a(lib_a-isattyr.o)
 .data          0x0000000002005db0        0x0 d:/francisco/arquivos_de_programas/nios2eds/bin/gnu/h-x86_64-mingw32/bin/../lib/gcc/nios2-elf/4.9.1/../../../../../H-x86_64-mingw32/nios2-elf/lib/mno-hw-mul\libc.a(lib_a-lseekr.o)
 .data          0x0000000002005db0        0x0 d:/francisco/arquivos_de_programas/nios2eds/bin/gnu/h-x86_64-mingw32/bin/../lib/gcc/nios2-elf/4.9.1/../../../../../H-x86_64-mingw32/nios2-elf/lib/mno-hw-mul\libc.a(lib_a-readr.o)
 .data          0x0000000002005db0        0x0 d:/francisco/arquivos_de_programas/nios2eds/bin/gnu/h-x86_64-mingw32/bin/../lib/gcc/nios2-elf/4.9.1/mno-hw-mul\libgcc.a(lib2-mul.o)
 .data          0x0000000002005db0        0x0 ../my_nios_bsp/\libhal_bsp.a(alt_close.o)
 .data          0x0000000002005db0      0x1a8 ../my_nios_bsp/\libhal_bsp.a(alt_dev.o)
                0x0000000002005db0                alt_dev_null
                0x0000000002005dd8                alt_fd_list
 .data          0x0000000002005f58        0x0 ../my_nios_bsp/\libhal_bsp.a(alt_errno.o)
 .data          0x0000000002005f58        0x0 ../my_nios_bsp/\libhal_bsp.a(alt_fstat.o)
 .data          0x0000000002005f58        0x0 ../my_nios_bsp/\libhal_bsp.a(alt_isatty.o)
 .data          0x0000000002005f58        0x0 ../my_nios_bsp/\libhal_bsp.a(alt_load.o)
 .data          0x0000000002005f58        0x0 ../my_nios_bsp/\libhal_bsp.a(alt_lseek.o)
 .data          0x0000000002005f58        0x0 ../my_nios_bsp/\libhal_bsp.a(alt_main.o)
 .data          0x0000000002005f58        0x0 ../my_nios_bsp/\libhal_bsp.a(alt_malloc_lock.o)
 .data          0x0000000002005f58        0x0 ../my_nios_bsp/\libhal_bsp.a(alt_read.o)
 .data          0x0000000002005f58        0x0 ../my_nios_bsp/\libhal_bsp.a(alt_release_fd.o)
 .data          0x0000000002005f58        0x0 ../my_nios_bsp/\libhal_bsp.a(alt_sbrk.o)
 .data          0x0000000002005f58        0x0 ../my_nios_bsp/\libhal_bsp.a(alt_write.o)
 .data          0x0000000002005f58     0x1060 ../my_nios_bsp/\libhal_bsp.a(alt_sys_init.o)
 .data          0x0000000002006fb8        0x0 ../my_nios_bsp/\libhal_bsp.a(altera_avalon_jtag_uart_fd.o)
 .data          0x0000000002006fb8        0x0 ../my_nios_bsp/\libhal_bsp.a(altera_avalon_jtag_uart_init.o)
 .data          0x0000000002006fb8        0x0 ../my_nios_bsp/\libhal_bsp.a(altera_avalon_jtag_uart_ioctl.o)
 .data          0x0000000002006fb8        0x0 ../my_nios_bsp/\libhal_bsp.a(altera_avalon_jtag_uart_read.o)
 .data          0x0000000002006fb8        0x0 ../my_nios_bsp/\libhal_bsp.a(altera_avalon_jtag_uart_write.o)
 .data          0x0000000002006fb8        0x0 ../my_nios_bsp/\libhal_bsp.a(alt_alarm_start.o)
 .data          0x0000000002006fb8        0x0 ../my_nios_bsp/\libhal_bsp.a(alt_dcache_flush_all.o)
 .data          0x0000000002006fb8        0x0 ../my_nios_bsp/\libhal_bsp.a(alt_dev_llist_insert.o)
 .data          0x0000000002006fb8        0x0 ../my_nios_bsp/\libhal_bsp.a(alt_do_ctors.o)
 .data          0x0000000002006fb8        0x0 ../my_nios_bsp/\libhal_bsp.a(alt_do_dtors.o)
 .data          0x0000000002006fb8        0x0 ../my_nios_bsp/\libhal_bsp.a(alt_icache_flush_all.o)
 .data          0x0000000002006fb8        0x0 ../my_nios_bsp/\libhal_bsp.a(alt_iic.o)
 .data          0x0000000002006fb8        0x0 ../my_nios_bsp/\libhal_bsp.a(alt_iic_isr_register.o)
 .data          0x0000000002006fb8        0x0 ../my_nios_bsp/\libhal_bsp.a(alt_io_redirect.o)
 .data          0x0000000002006fb8        0x0 ../my_nios_bsp/\libhal_bsp.a(alt_irq_entry.o)
 .data          0x0000000002006fb8        0x0 ../my_nios_bsp/\libhal_bsp.a(alt_irq_handler.o)
 .data          0x0000000002006fb8        0x0 ../my_nios_bsp/\libhal_bsp.a(alt_irq_vars.o)
 .data          0x0000000002006fb8        0x0 ../my_nios_bsp/\libhal_bsp.a(alt_open.o)
 .data          0x0000000002006fb8        0x0 ../my_nios_bsp/\libhal_bsp.a(alt_tick.o)
 .data          0x0000000002006fb8        0x0 ../my_nios_bsp/\libhal_bsp.a(altera_nios2_gen2_irq.o)
 .data          0x0000000002006fb8        0x0 ../my_nios_bsp/\libhal_bsp.a(alt_exception_entry.o)
 .data          0x0000000002006fb8        0x0 ../my_nios_bsp/\libhal_bsp.a(alt_find_dev.o)
 .data          0x0000000002006fb8        0x0 ../my_nios_bsp/\libhal_bsp.a(alt_find_file.o)
 .data          0x0000000002006fb8        0x0 ../my_nios_bsp/\libhal_bsp.a(alt_get_fd.o)
 .data          0x0000000002006fb8        0x0 ../my_nios_bsp/\libhal_bsp.a(alt_instruction_exception_entry.o)
 .data          0x0000000002006fb8        0x0 d:/francisco/arquivos_de_programas/nios2eds/bin/gnu/h-x86_64-mingw32/bin/../lib/gcc/nios2-elf/4.9.1/../../../../../H-x86_64-mingw32/nios2-elf/lib/mno-hw-mul\libc.a(lib_a-atexit.o)
 .data          0x0000000002006fb8        0x0 d:/francisco/arquivos_de_programas/nios2eds/bin/gnu/h-x86_64-mingw32/bin/../lib/gcc/nios2-elf/4.9.1/../../../../../H-x86_64-mingw32/nios2-elf/lib/mno-hw-mul\libc.a(lib_a-exit.o)
 .data          0x0000000002006fb8        0x0 d:/francisco/arquivos_de_programas/nios2eds/bin/gnu/h-x86_64-mingw32/bin/../lib/gcc/nios2-elf/4.9.1/../../../../../H-x86_64-mingw32/nios2-elf/lib/mno-hw-mul\libc.a(lib_a-memcmp.o)
 .data          0x0000000002006fb8        0x0 d:/francisco/arquivos_de_programas/nios2eds/bin/gnu/h-x86_64-mingw32/bin/../lib/gcc/nios2-elf/4.9.1/../../../../../H-x86_64-mingw32/nios2-elf/lib/mno-hw-mul\libc.a(lib_a-__atexit.o)
 .data          0x0000000002006fb8        0x0 d:/francisco/arquivos_de_programas/nios2eds/bin/gnu/h-x86_64-mingw32/bin/../lib/gcc/nios2-elf/4.9.1/../../../../../H-x86_64-mingw32/nios2-elf/lib/mno-hw-mul\libc.a(lib_a-__call_atexit.o)
 .data          0x0000000002006fb8        0x0 ../my_nios_bsp/\libhal_bsp.a(alt_exit.o)
                0x000000000200efb8                _gp = ABSOLUTE ((. + 0x8000))
                0x000000000200efb8                PROVIDE (gp, _gp)
 *(.rwdata .rwdata.*)
 *(.sdata .sdata.* .gnu.linkonce.s.*)
 .sdata         0x0000000002006fb8        0x8 d:/francisco/arquivos_de_programas/nios2eds/bin/gnu/h-x86_64-mingw32/bin/../lib/gcc/nios2-elf/4.9.1/../../../../../H-x86_64-mingw32/nios2-elf/lib/mno-hw-mul\libc.a(lib_a-impure.o)
                0x0000000002006fb8                _global_impure_ptr
                0x0000000002006fbc                _impure_ptr
 .sdata         0x0000000002006fc0        0x8 d:/francisco/arquivos_de_programas/nios2eds/bin/gnu/h-x86_64-mingw32/bin/../lib/gcc/nios2-elf/4.9.1/../../../../../H-x86_64-mingw32/nios2-elf/lib/mno-hw-mul\libc.a(lib_a-mallocr.o)
                0x0000000002006fc0                __malloc_sbrk_base
                0x0000000002006fc4                __malloc_trim_threshold
 .sdata         0x0000000002006fc8       0x14 ../my_nios_bsp/\libhal_bsp.a(alt_dev.o)
                0x0000000002006fc8                alt_fs_list
                0x0000000002006fd0                alt_dev_list
                0x0000000002006fd8                alt_max_fd
 .sdata         0x0000000002006fdc        0x4 ../my_nios_bsp/\libhal_bsp.a(alt_errno.o)
                0x0000000002006fdc                alt_errno
 .sdata         0x0000000002006fe0        0x4 ../my_nios_bsp/\libhal_bsp.a(alt_sbrk.o)
 .sdata         0x0000000002006fe4        0x4 ../my_nios_bsp/\libhal_bsp.a(alt_irq_vars.o)
                0x0000000002006fe4                alt_priority_mask
 .sdata         0x0000000002006fe8        0x8 ../my_nios_bsp/\libhal_bsp.a(alt_tick.o)
                0x0000000002006fe8                alt_alarm_list
 *(.sdata2 .sdata2.* .gnu.linkonce.s2.*)
                0x0000000002006ff0                . = ALIGN (0x4)
                0x0000000002006ff0                _edata = ABSOLUTE (.)
                0x0000000002006ff0                PROVIDE (edata, ABSOLUTE (.))
                0x0000000002006ff0                PROVIDE (__ram_rwdata_end, ABSOLUTE (.))
                0x0000000002006ff0                PROVIDE (__flash_rwdata_start, LOADADDR (.rwdata))

.bss            0x0000000002008a5c      0x154
                0x0000000002008a5c                __bss_start = ABSOLUTE (.)
                0x0000000002008a5c                PROVIDE (__sbss_start, ABSOLUTE (.))
                0x0000000002008a5c                PROVIDE (___sbss_start, ABSOLUTE (.))
 *(.dynsbss)
 *(.sbss .sbss.* .gnu.linkonce.sb.*)
 .sbss          0x0000000002008a5c        0xc d:/francisco/arquivos_de_programas/nios2eds/bin/gnu/h-x86_64-mingw32/bin/../lib/gcc/nios2-elf/4.9.1/../../../../../H-x86_64-mingw32/nios2-elf/lib/mno-hw-mul\libc.a(lib_a-mallocr.o)
                0x0000000002008a5c                __malloc_max_total_mem
                0x0000000002008a60                __malloc_max_sbrked_mem
                0x0000000002008a64                __malloc_top_pad
 .sbss          0x0000000002008a68        0x4 d:/francisco/arquivos_de_programas/nios2eds/bin/gnu/h-x86_64-mingw32/bin/../lib/gcc/nios2-elf/4.9.1/../../../../../H-x86_64-mingw32/nios2-elf/lib/mno-hw-mul\libc.a(lib_a-int_errno.o)
                0x0000000002008a68                errno
 .sbss          0x0000000002008a6c        0xc ../my_nios_bsp/\libhal_bsp.a(alt_main.o)
                0x0000000002008a6c                alt_argc
                0x0000000002008a70                alt_argv
                0x0000000002008a74                alt_envp
 .sbss          0x0000000002008a78        0x4 ../my_nios_bsp/\libhal_bsp.a(alt_irq_vars.o)
                0x0000000002008a78                alt_irq_active
 .sbss          0x0000000002008a7c        0x8 ../my_nios_bsp/\libhal_bsp.a(alt_tick.o)
                0x0000000002008a7c                _alt_tick_rate
                0x0000000002008a80                _alt_nticks
 .sbss          0x0000000002008a84        0x4 ../my_nios_bsp/\libhal_bsp.a(alt_instruction_exception_entry.o)
                0x0000000002008a84                alt_instruction_exception_handler
 *(.sbss2 .sbss2.* .gnu.linkonce.sb2.*)
 *(.scommon)
                0x0000000002008a88                PROVIDE (__sbss_end, ABSOLUTE (.))
                0x0000000002008a88                PROVIDE (___sbss_end, ABSOLUTE (.))
 *(.dynbss)
 *(.bss .bss.* .gnu.linkonce.b.*)
 .bss           0x0000000002008a88        0x0 ../my_nios_bsp//obj/HAL/src/crt0.o
 .bss           0x0000000002008a88        0x0 obj/default/hello_world.o
 .bss           0x0000000002008a88        0x0 d:/francisco/arquivos_de_programas/nios2eds/bin/gnu/h-x86_64-mingw32/bin/../lib/gcc/nios2-elf/4.9.1/../../../../../H-x86_64-mingw32/nios2-elf/lib/mno-hw-mul\libc.a(lib_a-puts.o)
 .bss           0x0000000002008a88        0x0 d:/francisco/arquivos_de_programas/nios2eds/bin/gnu/h-x86_64-mingw32/bin/../lib/gcc/nios2-elf/4.9.1/../../../../../H-x86_64-mingw32/nios2-elf/lib/mno-hw-mul\libc.a(lib_a-strlen.o)
 .bss           0x0000000002008a88        0x0 d:/francisco/arquivos_de_programas/nios2eds/bin/gnu/h-x86_64-mingw32/bin/../lib/gcc/nios2-elf/4.9.1/../../../../../H-x86_64-mingw32/nios2-elf/lib/mno-hw-mul\libc.a(lib_a-fvwrite.o)
 .bss           0x0000000002008a88        0x0 d:/francisco/arquivos_de_programas/nios2eds/bin/gnu/h-x86_64-mingw32/bin/../lib/gcc/nios2-elf/4.9.1/../../../../../H-x86_64-mingw32/nios2-elf/lib/mno-hw-mul\libc.a(lib_a-impure.o)
 .bss           0x0000000002008a88       0x28 d:/francisco/arquivos_de_programas/nios2eds/bin/gnu/h-x86_64-mingw32/bin/../lib/gcc/nios2-elf/4.9.1/../../../../../H-x86_64-mingw32/nios2-elf/lib/mno-hw-mul\libc.a(lib_a-mallocr.o)
                0x0000000002008a88                __malloc_current_mallinfo
 .bss           0x0000000002008ab0        0x0 d:/francisco/arquivos_de_programas/nios2eds/bin/gnu/h-x86_64-mingw32/bin/../lib/gcc/nios2-elf/4.9.1/../../../../../H-x86_64-mingw32/nios2-elf/lib/mno-hw-mul\libc.a(lib_a-memchr.o)
 .bss           0x0000000002008ab0        0x0 d:/francisco/arquivos_de_programas/nios2eds/bin/gnu/h-x86_64-mingw32/bin/../lib/gcc/nios2-elf/4.9.1/../../../../../H-x86_64-mingw32/nios2-elf/lib/mno-hw-mul\libc.a(lib_a-memcpy.o)
 .bss           0x0000000002008ab0        0x0 d:/francisco/arquivos_de_programas/nios2eds/bin/gnu/h-x86_64-mingw32/bin/../lib/gcc/nios2-elf/4.9.1/../../../../../H-x86_64-mingw32/nios2-elf/lib/mno-hw-mul\libc.a(lib_a-memmove.o)
 .bss           0x0000000002008ab0        0x0 d:/francisco/arquivos_de_programas/nios2eds/bin/gnu/h-x86_64-mingw32/bin/../lib/gcc/nios2-elf/4.9.1/../../../../../H-x86_64-mingw32/nios2-elf/lib/mno-hw-mul\libc.a(lib_a-reallocr.o)
 .bss           0x0000000002008ab0        0x0 d:/francisco/arquivos_de_programas/nios2eds/bin/gnu/h-x86_64-mingw32/bin/../lib/gcc/nios2-elf/4.9.1/../../../../../H-x86_64-mingw32/nios2-elf/lib/mno-hw-mul\libc.a(lib_a-sbrkr.o)
 .bss           0x0000000002008ab0        0x0 d:/francisco/arquivos_de_programas/nios2eds/bin/gnu/h-x86_64-mingw32/bin/../lib/gcc/nios2-elf/4.9.1/../../../../../H-x86_64-mingw32/nios2-elf/lib/mno-hw-mul\libc.a(lib_a-wsetup.o)
 .bss           0x0000000002008ab0        0x0 d:/francisco/arquivos_de_programas/nios2eds/bin/gnu/h-x86_64-mingw32/bin/../lib/gcc/nios2-elf/4.9.1/../../../../../H-x86_64-mingw32/nios2-elf/lib/mno-hw-mul\libc.a(lib_a-fflush.o)
 .bss           0x0000000002008ab0        0x0 d:/francisco/arquivos_de_programas/nios2eds/bin/gnu/h-x86_64-mingw32/bin/../lib/gcc/nios2-elf/4.9.1/../../../../../H-x86_64-mingw32/nios2-elf/lib/mno-hw-mul\libc.a(lib_a-findfp.o)
 .bss           0x0000000002008ab0        0x0 d:/francisco/arquivos_de_programas/nios2eds/bin/gnu/h-x86_64-mingw32/bin/../lib/gcc/nios2-elf/4.9.1/../../../../../H-x86_64-mingw32/nios2-elf/lib/mno-hw-mul\libc.a(lib_a-freer.o)
 .bss           0x0000000002008ab0        0x0 d:/francisco/arquivos_de_programas/nios2eds/bin/gnu/h-x86_64-mingw32/bin/../lib/gcc/nios2-elf/4.9.1/../../../../../H-x86_64-mingw32/nios2-elf/lib/mno-hw-mul\libc.a(lib_a-fwalk.o)
 .bss           0x0000000002008ab0        0x0 d:/francisco/arquivos_de_programas/nios2eds/bin/gnu/h-x86_64-mingw32/bin/../lib/gcc/nios2-elf/4.9.1/../../../../../H-x86_64-mingw32/nios2-elf/lib/mno-hw-mul\libc.a(lib_a-int_errno.o)
 .bss           0x0000000002008ab0        0x0 d:/francisco/arquivos_de_programas/nios2eds/bin/gnu/h-x86_64-mingw32/bin/../lib/gcc/nios2-elf/4.9.1/../../../../../H-x86_64-mingw32/nios2-elf/lib/mno-hw-mul\libc.a(lib_a-makebuf.o)
 .bss           0x0000000002008ab0        0x0 d:/francisco/arquivos_de_programas/nios2eds/bin/gnu/h-x86_64-mingw32/bin/../lib/gcc/nios2-elf/4.9.1/../../../../../H-x86_64-mingw32/nios2-elf/lib/mno-hw-mul\libc.a(lib_a-memset.o)
 .bss           0x0000000002008ab0        0x0 d:/francisco/arquivos_de_programas/nios2eds/bin/gnu/h-x86_64-mingw32/bin/../lib/gcc/nios2-elf/4.9.1/../../../../../H-x86_64-mingw32/nios2-elf/lib/mno-hw-mul\libc.a(lib_a-stdio.o)
 .bss           0x0000000002008ab0        0x0 d:/francisco/arquivos_de_programas/nios2eds/bin/gnu/h-x86_64-mingw32/bin/../lib/gcc/nios2-elf/4.9.1/../../../../../H-x86_64-mingw32/nios2-elf/lib/mno-hw-mul\libc.a(lib_a-writer.o)
 .bss           0x0000000002008ab0        0x0 d:/francisco/arquivos_de_programas/nios2eds/bin/gnu/h-x86_64-mingw32/bin/../lib/gcc/nios2-elf/4.9.1/../../../../../H-x86_64-mingw32/nios2-elf/lib/mno-hw-mul\libc.a(closer.o)
 .bss           0x0000000002008ab0        0x0 d:/francisco/arquivos_de_programas/nios2eds/bin/gnu/h-x86_64-mingw32/bin/../lib/gcc/nios2-elf/4.9.1/../../../../../H-x86_64-mingw32/nios2-elf/lib/mno-hw-mul\libc.a(lib_a-fclose.o)
 .bss           0x0000000002008ab0        0x0 d:/francisco/arquivos_de_programas/nios2eds/bin/gnu/h-x86_64-mingw32/bin/../lib/gcc/nios2-elf/4.9.1/../../../../../H-x86_64-mingw32/nios2-elf/lib/mno-hw-mul\libc.a(lib_a-fstatr.o)
 .bss           0x0000000002008ab0        0x0 d:/francisco/arquivos_de_programas/nios2eds/bin/gnu/h-x86_64-mingw32/bin/../lib/gcc/nios2-elf/4.9.1/../../../../../H-x86_64-mingw32/nios2-elf/lib/mno-hw-mul\libc.a(lib_a-isattyr.o)
 .bss           0x0000000002008ab0        0x0 d:/francisco/arquivos_de_programas/nios2eds/bin/gnu/h-x86_64-mingw32/bin/../lib/gcc/nios2-elf/4.9.1/../../../../../H-x86_64-mingw32/nios2-elf/lib/mno-hw-mul\libc.a(lib_a-lseekr.o)
 .bss           0x0000000002008ab0        0x0 d:/francisco/arquivos_de_programas/nios2eds/bin/gnu/h-x86_64-mingw32/bin/../lib/gcc/nios2-elf/4.9.1/../../../../../H-x86_64-mingw32/nios2-elf/lib/mno-hw-mul\libc.a(lib_a-readr.o)
 .bss           0x0000000002008ab0        0x0 d:/francisco/arquivos_de_programas/nios2eds/bin/gnu/h-x86_64-mingw32/bin/../lib/gcc/nios2-elf/4.9.1/mno-hw-mul\libgcc.a(lib2-mul.o)
 .bss           0x0000000002008ab0        0x0 ../my_nios_bsp/\libhal_bsp.a(alt_close.o)
 .bss           0x0000000002008ab0        0x0 ../my_nios_bsp/\libhal_bsp.a(alt_dev.o)
 .bss           0x0000000002008ab0        0x0 ../my_nios_bsp/\libhal_bsp.a(alt_errno.o)
 .bss           0x0000000002008ab0        0x0 ../my_nios_bsp/\libhal_bsp.a(alt_fstat.o)
 .bss           0x0000000002008ab0        0x0 ../my_nios_bsp/\libhal_bsp.a(alt_isatty.o)
 .bss           0x0000000002008ab0        0x0 ../my_nios_bsp/\libhal_bsp.a(alt_load.o)
 .bss           0x0000000002008ab0        0x0 ../my_nios_bsp/\libhal_bsp.a(alt_lseek.o)
 .bss           0x0000000002008ab0        0x0 ../my_nios_bsp/\libhal_bsp.a(alt_main.o)
 .bss           0x0000000002008ab0        0x0 ../my_nios_bsp/\libhal_bsp.a(alt_malloc_lock.o)
 .bss           0x0000000002008ab0        0x0 ../my_nios_bsp/\libhal_bsp.a(alt_read.o)
 .bss           0x0000000002008ab0        0x0 ../my_nios_bsp/\libhal_bsp.a(alt_release_fd.o)
 .bss           0x0000000002008ab0        0x0 ../my_nios_bsp/\libhal_bsp.a(alt_sbrk.o)
 .bss           0x0000000002008ab0        0x0 ../my_nios_bsp/\libhal_bsp.a(alt_write.o)
 .bss           0x0000000002008ab0        0x0 ../my_nios_bsp/\libhal_bsp.a(alt_sys_init.o)
 .bss           0x0000000002008ab0        0x0 ../my_nios_bsp/\libhal_bsp.a(altera_avalon_jtag_uart_fd.o)
 .bss           0x0000000002008ab0        0x0 ../my_nios_bsp/\libhal_bsp.a(altera_avalon_jtag_uart_init.o)
 .bss           0x0000000002008ab0        0x0 ../my_nios_bsp/\libhal_bsp.a(altera_avalon_jtag_uart_ioctl.o)
 .bss           0x0000000002008ab0        0x0 ../my_nios_bsp/\libhal_bsp.a(altera_avalon_jtag_uart_read.o)
 .bss           0x0000000002008ab0        0x0 ../my_nios_bsp/\libhal_bsp.a(altera_avalon_jtag_uart_write.o)
 .bss           0x0000000002008ab0        0x0 ../my_nios_bsp/\libhal_bsp.a(alt_alarm_start.o)
 .bss           0x0000000002008ab0        0x0 ../my_nios_bsp/\libhal_bsp.a(alt_dcache_flush_all.o)
 .bss           0x0000000002008ab0        0x0 ../my_nios_bsp/\libhal_bsp.a(alt_dev_llist_insert.o)
 .bss           0x0000000002008ab0        0x0 ../my_nios_bsp/\libhal_bsp.a(alt_do_ctors.o)
 .bss           0x0000000002008ab0        0x0 ../my_nios_bsp/\libhal_bsp.a(alt_do_dtors.o)
 .bss           0x0000000002008ab0        0x0 ../my_nios_bsp/\libhal_bsp.a(alt_icache_flush_all.o)
 .bss           0x0000000002008ab0        0x0 ../my_nios_bsp/\libhal_bsp.a(alt_iic.o)
 .bss           0x0000000002008ab0        0x0 ../my_nios_bsp/\libhal_bsp.a(alt_iic_isr_register.o)
 .bss           0x0000000002008ab0        0x0 ../my_nios_bsp/\libhal_bsp.a(alt_io_redirect.o)
 .bss           0x0000000002008ab0        0x0 ../my_nios_bsp/\libhal_bsp.a(alt_irq_entry.o)
 .bss           0x0000000002008ab0        0x0 ../my_nios_bsp/\libhal_bsp.a(alt_irq_handler.o)
 .bss           0x0000000002008ab0        0x0 ../my_nios_bsp/\libhal_bsp.a(alt_irq_vars.o)
 .bss           0x0000000002008ab0        0x0 ../my_nios_bsp/\libhal_bsp.a(alt_open.o)
 .bss           0x0000000002008ab0        0x0 ../my_nios_bsp/\libhal_bsp.a(alt_tick.o)
 .bss           0x0000000002008ab0        0x0 ../my_nios_bsp/\libhal_bsp.a(altera_nios2_gen2_irq.o)
 .bss           0x0000000002008ab0        0x0 ../my_nios_bsp/\libhal_bsp.a(alt_exception_entry.o)
 .bss           0x0000000002008ab0        0x0 ../my_nios_bsp/\libhal_bsp.a(alt_find_dev.o)
 .bss           0x0000000002008ab0        0x0 ../my_nios_bsp/\libhal_bsp.a(alt_find_file.o)
 .bss           0x0000000002008ab0        0x0 ../my_nios_bsp/\libhal_bsp.a(alt_get_fd.o)
 .bss           0x0000000002008ab0        0x0 ../my_nios_bsp/\libhal_bsp.a(alt_instruction_exception_entry.o)
 .bss           0x0000000002008ab0        0x0 d:/francisco/arquivos_de_programas/nios2eds/bin/gnu/h-x86_64-mingw32/bin/../lib/gcc/nios2-elf/4.9.1/../../../../../H-x86_64-mingw32/nios2-elf/lib/mno-hw-mul\libc.a(lib_a-atexit.o)
 .bss           0x0000000002008ab0        0x0 d:/francisco/arquivos_de_programas/nios2eds/bin/gnu/h-x86_64-mingw32/bin/../lib/gcc/nios2-elf/4.9.1/../../../../../H-x86_64-mingw32/nios2-elf/lib/mno-hw-mul\libc.a(lib_a-exit.o)
 .bss           0x0000000002008ab0        0x0 d:/francisco/arquivos_de_programas/nios2eds/bin/gnu/h-x86_64-mingw32/bin/../lib/gcc/nios2-elf/4.9.1/../../../../../H-x86_64-mingw32/nios2-elf/lib/mno-hw-mul\libc.a(lib_a-memcmp.o)
 .bss           0x0000000002008ab0        0x0 d:/francisco/arquivos_de_programas/nios2eds/bin/gnu/h-x86_64-mingw32/bin/../lib/gcc/nios2-elf/4.9.1/../../../../../H-x86_64-mingw32/nios2-elf/lib/mno-hw-mul\libc.a(lib_a-__atexit.o)
 .bss           0x0000000002008ab0        0x0 d:/francisco/arquivos_de_programas/nios2eds/bin/gnu/h-x86_64-mingw32/bin/../lib/gcc/nios2-elf/4.9.1/../../../../../H-x86_64-mingw32/nios2-elf/lib/mno-hw-mul\libc.a(lib_a-__call_atexit.o)
 .bss           0x0000000002008ab0        0x0 ../my_nios_bsp/\libhal_bsp.a(alt_exit.o)
 *(COMMON)
 COMMON         0x0000000002008ab0      0x100 ../my_nios_bsp/\libhal_bsp.a(alt_irq_handler.o)
                0x0000000002008ab0                alt_irq
                0x0000000002008bb0                . = ALIGN (0x4)
                0x0000000002008bb0                __bss_end = ABSOLUTE (.)

.sdram          0x0000000002008bb0        0x0
                0x0000000002008bb0                PROVIDE (_alt_partition_sdram_start, ABSOLUTE (.))
 *(.sdram .sdram. sdram.*)
                0x0000000002008bb0                . = ALIGN (0x4)
                0x0000000002008bb0                PROVIDE (_alt_partition_sdram_end, ABSOLUTE (.))
                0x0000000002008bb0                _end = ABSOLUTE (.)
                0x0000000002008bb0                end = ABSOLUTE (.)
                0x0000000002008bb0                __alt_stack_base = ABSOLUTE (.)
                0x0000000002008bb0                PROVIDE (_alt_partition_sdram_load_addr, LOADADDR (.sdram))

.onchip_memory  0x0000000004008000        0x0 load address 0x0000000002008bb0
                0x0000000004008000                PROVIDE (_alt_partition_onchip_memory_start, ABSOLUTE (.))
 *(.onchip_memory .onchip_memory. onchip_memory.*)
                0x0000000004008000                . = ALIGN (0x4)
                0x0000000004008000                PROVIDE (_alt_partition_onchip_memory_end, ABSOLUTE (.))
                0x0000000002008bb0                PROVIDE (_alt_partition_onchip_memory_load_addr, LOADADDR (.onchip_memory))

.stab
 *(.stab)

.stabstr
 *(.stabstr)

.stab.excl
 *(.stab.excl)

.stab.exclstr
 *(.stab.exclstr)

.stab.index
 *(.stab.index)

.stab.indexstr
 *(.stab.indexstr)

.comment        0x0000000000000000       0x23
 *(.comment)
 .comment       0x0000000000000000       0x23 obj/default/hello_world.o
                                         0x24 (size before relaxing)
 .comment       0x0000000000000000       0x24 d:/francisco/arquivos_de_programas/nios2eds/bin/gnu/h-x86_64-mingw32/bin/../lib/gcc/nios2-elf/4.9.1/../../../../../H-x86_64-mingw32/nios2-elf/lib/mno-hw-mul\libc.a(lib_a-puts.o)
 .comment       0x0000000000000000       0x24 d:/francisco/arquivos_de_programas/nios2eds/bin/gnu/h-x86_64-mingw32/bin/../lib/gcc/nios2-elf/4.9.1/../../../../../H-x86_64-mingw32/nios2-elf/lib/mno-hw-mul\libc.a(lib_a-strlen.o)
 .comment       0x0000000000000000       0x24 d:/francisco/arquivos_de_programas/nios2eds/bin/gnu/h-x86_64-mingw32/bin/../lib/gcc/nios2-elf/4.9.1/../../../../../H-x86_64-mingw32/nios2-elf/lib/mno-hw-mul\libc.a(lib_a-fvwrite.o)
 .comment       0x0000000000000000       0x24 d:/francisco/arquivos_de_programas/nios2eds/bin/gnu/h-x86_64-mingw32/bin/../lib/gcc/nios2-elf/4.9.1/../../../../../H-x86_64-mingw32/nios2-elf/lib/mno-hw-mul\libc.a(lib_a-impure.o)
 .comment       0x0000000000000000       0x24 d:/francisco/arquivos_de_programas/nios2eds/bin/gnu/h-x86_64-mingw32/bin/../lib/gcc/nios2-elf/4.9.1/../../../../../H-x86_64-mingw32/nios2-elf/lib/mno-hw-mul\libc.a(lib_a-mallocr.o)
 .comment       0x0000000000000000       0x24 d:/francisco/arquivos_de_programas/nios2eds/bin/gnu/h-x86_64-mingw32/bin/../lib/gcc/nios2-elf/4.9.1/../../../../../H-x86_64-mingw32/nios2-elf/lib/mno-hw-mul\libc.a(lib_a-memchr.o)
 .comment       0x0000000000000000       0x24 d:/francisco/arquivos_de_programas/nios2eds/bin/gnu/h-x86_64-mingw32/bin/../lib/gcc/nios2-elf/4.9.1/../../../../../H-x86_64-mingw32/nios2-elf/lib/mno-hw-mul\libc.a(lib_a-memcpy.o)
 .comment       0x0000000000000000       0x24 d:/francisco/arquivos_de_programas/nios2eds/bin/gnu/h-x86_64-mingw32/bin/../lib/gcc/nios2-elf/4.9.1/../../../../../H-x86_64-mingw32/nios2-elf/lib/mno-hw-mul\libc.a(lib_a-memmove.o)
 .comment       0x0000000000000000       0x24 d:/francisco/arquivos_de_programas/nios2eds/bin/gnu/h-x86_64-mingw32/bin/../lib/gcc/nios2-elf/4.9.1/../../../../../H-x86_64-mingw32/nios2-elf/lib/mno-hw-mul\libc.a(lib_a-reallocr.o)
 .comment       0x0000000000000000       0x24 d:/francisco/arquivos_de_programas/nios2eds/bin/gnu/h-x86_64-mingw32/bin/../lib/gcc/nios2-elf/4.9.1/../../../../../H-x86_64-mingw32/nios2-elf/lib/mno-hw-mul\libc.a(lib_a-sbrkr.o)
 .comment       0x0000000000000000       0x24 d:/francisco/arquivos_de_programas/nios2eds/bin/gnu/h-x86_64-mingw32/bin/../lib/gcc/nios2-elf/4.9.1/../../../../../H-x86_64-mingw32/nios2-elf/lib/mno-hw-mul\libc.a(lib_a-wsetup.o)
 .comment       0x0000000000000000       0x24 d:/francisco/arquivos_de_programas/nios2eds/bin/gnu/h-x86_64-mingw32/bin/../lib/gcc/nios2-elf/4.9.1/../../../../../H-x86_64-mingw32/nios2-elf/lib/mno-hw-mul\libc.a(lib_a-fflush.o)
 .comment       0x0000000000000000       0x24 d:/francisco/arquivos_de_programas/nios2eds/bin/gnu/h-x86_64-mingw32/bin/../lib/gcc/nios2-elf/4.9.1/../../../../../H-x86_64-mingw32/nios2-elf/lib/mno-hw-mul\libc.a(lib_a-findfp.o)
 .comment       0x0000000000000000       0x24 d:/francisco/arquivos_de_programas/nios2eds/bin/gnu/h-x86_64-mingw32/bin/../lib/gcc/nios2-elf/4.9.1/../../../../../H-x86_64-mingw32/nios2-elf/lib/mno-hw-mul\libc.a(lib_a-freer.o)
 .comment       0x0000000000000000       0x24 d:/francisco/arquivos_de_programas/nios2eds/bin/gnu/h-x86_64-mingw32/bin/../lib/gcc/nios2-elf/4.9.1/../../../../../H-x86_64-mingw32/nios2-elf/lib/mno-hw-mul\libc.a(lib_a-fwalk.o)
 .comment       0x0000000000000000       0x24 d:/francisco/arquivos_de_programas/nios2eds/bin/gnu/h-x86_64-mingw32/bin/../lib/gcc/nios2-elf/4.9.1/../../../../../H-x86_64-mingw32/nios2-elf/lib/mno-hw-mul\libc.a(lib_a-int_errno.o)
 .comment       0x0000000000000000       0x24 d:/francisco/arquivos_de_programas/nios2eds/bin/gnu/h-x86_64-mingw32/bin/../lib/gcc/nios2-elf/4.9.1/../../../../../H-x86_64-mingw32/nios2-elf/lib/mno-hw-mul\libc.a(lib_a-makebuf.o)
 .comment       0x0000000000000000       0x24 d:/francisco/arquivos_de_programas/nios2eds/bin/gnu/h-x86_64-mingw32/bin/../lib/gcc/nios2-elf/4.9.1/../../../../../H-x86_64-mingw32/nios2-elf/lib/mno-hw-mul\libc.a(lib_a-memset.o)
 .comment       0x0000000000000000       0x24 d:/francisco/arquivos_de_programas/nios2eds/bin/gnu/h-x86_64-mingw32/bin/../lib/gcc/nios2-elf/4.9.1/../../../../../H-x86_64-mingw32/nios2-elf/lib/mno-hw-mul\libc.a(lib_a-stdio.o)
 .comment       0x0000000000000000       0x24 d:/francisco/arquivos_de_programas/nios2eds/bin/gnu/h-x86_64-mingw32/bin/../lib/gcc/nios2-elf/4.9.1/../../../../../H-x86_64-mingw32/nios2-elf/lib/mno-hw-mul\libc.a(lib_a-writer.o)
 .comment       0x0000000000000000       0x24 d:/francisco/arquivos_de_programas/nios2eds/bin/gnu/h-x86_64-mingw32/bin/../lib/gcc/nios2-elf/4.9.1/../../../../../H-x86_64-mingw32/nios2-elf/lib/mno-hw-mul\libc.a(closer.o)
 .comment       0x0000000000000000       0x24 d:/francisco/arquivos_de_programas/nios2eds/bin/gnu/h-x86_64-mingw32/bin/../lib/gcc/nios2-elf/4.9.1/../../../../../H-x86_64-mingw32/nios2-elf/lib/mno-hw-mul\libc.a(lib_a-fclose.o)
 .comment       0x0000000000000000       0x24 d:/francisco/arquivos_de_programas/nios2eds/bin/gnu/h-x86_64-mingw32/bin/../lib/gcc/nios2-elf/4.9.1/../../../../../H-x86_64-mingw32/nios2-elf/lib/mno-hw-mul\libc.a(lib_a-fstatr.o)
 .comment       0x0000000000000000       0x24 d:/francisco/arquivos_de_programas/nios2eds/bin/gnu/h-x86_64-mingw32/bin/../lib/gcc/nios2-elf/4.9.1/../../../../../H-x86_64-mingw32/nios2-elf/lib/mno-hw-mul\libc.a(lib_a-isattyr.o)
 .comment       0x0000000000000000       0x24 d:/francisco/arquivos_de_programas/nios2eds/bin/gnu/h-x86_64-mingw32/bin/../lib/gcc/nios2-elf/4.9.1/../../../../../H-x86_64-mingw32/nios2-elf/lib/mno-hw-mul\libc.a(lib_a-lseekr.o)
 .comment       0x0000000000000000       0x24 d:/francisco/arquivos_de_programas/nios2eds/bin/gnu/h-x86_64-mingw32/bin/../lib/gcc/nios2-elf/4.9.1/../../../../../H-x86_64-mingw32/nios2-elf/lib/mno-hw-mul\libc.a(lib_a-readr.o)
 .comment       0x0000000000000000       0x24 d:/francisco/arquivos_de_programas/nios2eds/bin/gnu/h-x86_64-mingw32/bin/../lib/gcc/nios2-elf/4.9.1/mno-hw-mul\libgcc.a(lib2-mul.o)
 .comment       0x0000000000000000       0x24 ../my_nios_bsp/\libhal_bsp.a(alt_close.o)
 .comment       0x0000000000000000       0x24 ../my_nios_bsp/\libhal_bsp.a(alt_dev.o)
 .comment       0x0000000000000000       0x24 ../my_nios_bsp/\libhal_bsp.a(alt_errno.o)
 .comment       0x0000000000000000       0x24 ../my_nios_bsp/\libhal_bsp.a(alt_fstat.o)
 .comment       0x0000000000000000       0x24 ../my_nios_bsp/\libhal_bsp.a(alt_isatty.o)
 .comment       0x0000000000000000       0x24 ../my_nios_bsp/\libhal_bsp.a(alt_load.o)
 .comment       0x0000000000000000       0x24 ../my_nios_bsp/\libhal_bsp.a(alt_lseek.o)
 .comment       0x0000000000000000       0x24 ../my_nios_bsp/\libhal_bsp.a(alt_main.o)
 .comment       0x0000000000000000       0x24 ../my_nios_bsp/\libhal_bsp.a(alt_malloc_lock.o)
 .comment       0x0000000000000000       0x24 ../my_nios_bsp/\libhal_bsp.a(alt_read.o)
 .comment       0x0000000000000000       0x24 ../my_nios_bsp/\libhal_bsp.a(alt_release_fd.o)
 .comment       0x0000000000000000       0x24 ../my_nios_bsp/\libhal_bsp.a(alt_sbrk.o)
 .comment       0x0000000000000000       0x24 ../my_nios_bsp/\libhal_bsp.a(alt_write.o)
 .comment       0x0000000000000000       0x24 ../my_nios_bsp/\libhal_bsp.a(alt_sys_init.o)
 .comment       0x0000000000000000       0x24 ../my_nios_bsp/\libhal_bsp.a(altera_avalon_jtag_uart_fd.o)
 .comment       0x0000000000000000       0x24 ../my_nios_bsp/\libhal_bsp.a(altera_avalon_jtag_uart_init.o)
 .comment       0x0000000000000000       0x24 ../my_nios_bsp/\libhal_bsp.a(altera_avalon_jtag_uart_ioctl.o)
 .comment       0x0000000000000000       0x24 ../my_nios_bsp/\libhal_bsp.a(altera_avalon_jtag_uart_read.o)
 .comment       0x0000000000000000       0x24 ../my_nios_bsp/\libhal_bsp.a(altera_avalon_jtag_uart_write.o)
 .comment       0x0000000000000000       0x24 ../my_nios_bsp/\libhal_bsp.a(alt_alarm_start.o)
 .comment       0x0000000000000000       0x24 ../my_nios_bsp/\libhal_bsp.a(alt_dcache_flush_all.o)
 .comment       0x0000000000000000       0x24 ../my_nios_bsp/\libhal_bsp.a(alt_dev_llist_insert.o)
 .comment       0x0000000000000000       0x24 ../my_nios_bsp/\libhal_bsp.a(alt_do_ctors.o)
 .comment       0x0000000000000000       0x24 ../my_nios_bsp/\libhal_bsp.a(alt_do_dtors.o)
 .comment       0x0000000000000000       0x24 ../my_nios_bsp/\libhal_bsp.a(alt_icache_flush_all.o)
 .comment       0x0000000000000000       0x24 ../my_nios_bsp/\libhal_bsp.a(alt_iic.o)
 .comment       0x0000000000000000       0x24 ../my_nios_bsp/\libhal_bsp.a(alt_iic_isr_register.o)
 .comment       0x0000000000000000       0x24 ../my_nios_bsp/\libhal_bsp.a(alt_io_redirect.o)
 .comment       0x0000000000000000       0x24 ../my_nios_bsp/\libhal_bsp.a(alt_irq_handler.o)
 .comment       0x0000000000000000       0x24 ../my_nios_bsp/\libhal_bsp.a(alt_irq_vars.o)
 .comment       0x0000000000000000       0x24 ../my_nios_bsp/\libhal_bsp.a(alt_open.o)
 .comment       0x0000000000000000       0x24 ../my_nios_bsp/\libhal_bsp.a(alt_tick.o)
 .comment       0x0000000000000000       0x24 ../my_nios_bsp/\libhal_bsp.a(altera_nios2_gen2_irq.o)
 .comment       0x0000000000000000       0x24 ../my_nios_bsp/\libhal_bsp.a(alt_find_dev.o)
 .comment       0x0000000000000000       0x24 ../my_nios_bsp/\libhal_bsp.a(alt_find_file.o)
 .comment       0x0000000000000000       0x24 ../my_nios_bsp/\libhal_bsp.a(alt_get_fd.o)
 .comment       0x0000000000000000       0x24 ../my_nios_bsp/\libhal_bsp.a(alt_instruction_exception_entry.o)
 .comment       0x0000000000000000       0x24 d:/francisco/arquivos_de_programas/nios2eds/bin/gnu/h-x86_64-mingw32/bin/../lib/gcc/nios2-elf/4.9.1/../../../../../H-x86_64-mingw32/nios2-elf/lib/mno-hw-mul\libc.a(lib_a-atexit.o)
 .comment       0x0000000000000000       0x24 d:/francisco/arquivos_de_programas/nios2eds/bin/gnu/h-x86_64-mingw32/bin/../lib/gcc/nios2-elf/4.9.1/../../../../../H-x86_64-mingw32/nios2-elf/lib/mno-hw-mul\libc.a(lib_a-exit.o)
 .comment       0x0000000000000000       0x24 d:/francisco/arquivos_de_programas/nios2eds/bin/gnu/h-x86_64-mingw32/bin/../lib/gcc/nios2-elf/4.9.1/../../../../../H-x86_64-mingw32/nios2-elf/lib/mno-hw-mul\libc.a(lib_a-memcmp.o)
 .comment       0x0000000000000000       0x24 d:/francisco/arquivos_de_programas/nios2eds/bin/gnu/h-x86_64-mingw32/bin/../lib/gcc/nios2-elf/4.9.1/../../../../../H-x86_64-mingw32/nios2-elf/lib/mno-hw-mul\libc.a(lib_a-__atexit.o)
 .comment       0x0000000000000000       0x24 d:/francisco/arquivos_de_programas/nios2eds/bin/gnu/h-x86_64-mingw32/bin/../lib/gcc/nios2-elf/4.9.1/../../../../../H-x86_64-mingw32/nios2-elf/lib/mno-hw-mul\libc.a(lib_a-__call_atexit.o)
 .comment       0x0000000000000000       0x24 ../my_nios_bsp/\libhal_bsp.a(alt_exit.o)

.debug
 *(.debug)

.line
 *(.line)

.debug_srcinfo
 *(.debug_srcinfo)

.debug_sfnames
 *(.debug_sfnames)

.debug_aranges  0x0000000000000000      0x958
 *(.debug_aranges)
 .debug_aranges
                0x0000000000000000       0x28 ../my_nios_bsp//obj/HAL/src/crt0.o
 .debug_aranges
                0x0000000000000028       0x20 obj/default/hello_world.o
 .debug_aranges
                0x0000000000000048       0x20 d:/francisco/arquivos_de_programas/nios2eds/bin/gnu/h-x86_64-mingw32/bin/../lib/gcc/nios2-elf/4.9.1/../../../../../H-x86_64-mingw32/nios2-elf/lib/mno-hw-mul\libc.a(lib_a-puts.o)
 .debug_aranges
                0x0000000000000068       0x20 d:/francisco/arquivos_de_programas/nios2eds/bin/gnu/h-x86_64-mingw32/bin/../lib/gcc/nios2-elf/4.9.1/../../../../../H-x86_64-mingw32/nios2-elf/lib/mno-hw-mul\libc.a(lib_a-strlen.o)
 .debug_aranges
                0x0000000000000088       0x20 d:/francisco/arquivos_de_programas/nios2eds/bin/gnu/h-x86_64-mingw32/bin/../lib/gcc/nios2-elf/4.9.1/../../../../../H-x86_64-mingw32/nios2-elf/lib/mno-hw-mul\libc.a(lib_a-fvwrite.o)
 .debug_aranges
                0x00000000000000a8       0x18 d:/francisco/arquivos_de_programas/nios2eds/bin/gnu/h-x86_64-mingw32/bin/../lib/gcc/nios2-elf/4.9.1/../../../../../H-x86_64-mingw32/nios2-elf/lib/mno-hw-mul\libc.a(lib_a-impure.o)
 .debug_aranges
                0x00000000000000c0       0x20 d:/francisco/arquivos_de_programas/nios2eds/bin/gnu/h-x86_64-mingw32/bin/../lib/gcc/nios2-elf/4.9.1/../../../../../H-x86_64-mingw32/nios2-elf/lib/mno-hw-mul\libc.a(lib_a-mallocr.o)
 .debug_aranges
                0x00000000000000e0       0x20 d:/francisco/arquivos_de_programas/nios2eds/bin/gnu/h-x86_64-mingw32/bin/../lib/gcc/nios2-elf/4.9.1/../../../../../H-x86_64-mingw32/nios2-elf/lib/mno-hw-mul\libc.a(lib_a-memchr.o)
 .debug_aranges
                0x0000000000000100       0x20 d:/francisco/arquivos_de_programas/nios2eds/bin/gnu/h-x86_64-mingw32/bin/../lib/gcc/nios2-elf/4.9.1/../../../../../H-x86_64-mingw32/nios2-elf/lib/mno-hw-mul\libc.a(lib_a-memcpy.o)
 .debug_aranges
                0x0000000000000120       0x20 d:/francisco/arquivos_de_programas/nios2eds/bin/gnu/h-x86_64-mingw32/bin/../lib/gcc/nios2-elf/4.9.1/../../../../../H-x86_64-mingw32/nios2-elf/lib/mno-hw-mul\libc.a(lib_a-memmove.o)
 .debug_aranges
                0x0000000000000140       0x20 d:/francisco/arquivos_de_programas/nios2eds/bin/gnu/h-x86_64-mingw32/bin/../lib/gcc/nios2-elf/4.9.1/../../../../../H-x86_64-mingw32/nios2-elf/lib/mno-hw-mul\libc.a(lib_a-reallocr.o)
 .debug_aranges
                0x0000000000000160       0x20 d:/francisco/arquivos_de_programas/nios2eds/bin/gnu/h-x86_64-mingw32/bin/../lib/gcc/nios2-elf/4.9.1/../../../../../H-x86_64-mingw32/nios2-elf/lib/mno-hw-mul\libc.a(lib_a-sbrkr.o)
 .debug_aranges
                0x0000000000000180       0x20 d:/francisco/arquivos_de_programas/nios2eds/bin/gnu/h-x86_64-mingw32/bin/../lib/gcc/nios2-elf/4.9.1/../../../../../H-x86_64-mingw32/nios2-elf/lib/mno-hw-mul\libc.a(lib_a-wsetup.o)
 .debug_aranges
                0x00000000000001a0       0x20 d:/francisco/arquivos_de_programas/nios2eds/bin/gnu/h-x86_64-mingw32/bin/../lib/gcc/nios2-elf/4.9.1/../../../../../H-x86_64-mingw32/nios2-elf/lib/mno-hw-mul\libc.a(lib_a-fflush.o)
 .debug_aranges
                0x00000000000001c0       0x20 d:/francisco/arquivos_de_programas/nios2eds/bin/gnu/h-x86_64-mingw32/bin/../lib/gcc/nios2-elf/4.9.1/../../../../../H-x86_64-mingw32/nios2-elf/lib/mno-hw-mul\libc.a(lib_a-findfp.o)
 .debug_aranges
                0x00000000000001e0       0x20 d:/francisco/arquivos_de_programas/nios2eds/bin/gnu/h-x86_64-mingw32/bin/../lib/gcc/nios2-elf/4.9.1/../../../../../H-x86_64-mingw32/nios2-elf/lib/mno-hw-mul\libc.a(lib_a-freer.o)
 .debug_aranges
                0x0000000000000200       0x20 d:/francisco/arquivos_de_programas/nios2eds/bin/gnu/h-x86_64-mingw32/bin/../lib/gcc/nios2-elf/4.9.1/../../../../../H-x86_64-mingw32/nios2-elf/lib/mno-hw-mul\libc.a(lib_a-fwalk.o)
 .debug_aranges
                0x0000000000000220       0x18 d:/francisco/arquivos_de_programas/nios2eds/bin/gnu/h-x86_64-mingw32/bin/../lib/gcc/nios2-elf/4.9.1/../../../../../H-x86_64-mingw32/nios2-elf/lib/mno-hw-mul\libc.a(lib_a-int_errno.o)
 .debug_aranges
                0x0000000000000238       0x20 d:/francisco/arquivos_de_programas/nios2eds/bin/gnu/h-x86_64-mingw32/bin/../lib/gcc/nios2-elf/4.9.1/../../../../../H-x86_64-mingw32/nios2-elf/lib/mno-hw-mul\libc.a(lib_a-makebuf.o)
 .debug_aranges
                0x0000000000000258       0x20 d:/francisco/arquivos_de_programas/nios2eds/bin/gnu/h-x86_64-mingw32/bin/../lib/gcc/nios2-elf/4.9.1/../../../../../H-x86_64-mingw32/nios2-elf/lib/mno-hw-mul\libc.a(lib_a-memset.o)
 .debug_aranges
                0x0000000000000278       0x20 d:/francisco/arquivos_de_programas/nios2eds/bin/gnu/h-x86_64-mingw32/bin/../lib/gcc/nios2-elf/4.9.1/../../../../../H-x86_64-mingw32/nios2-elf/lib/mno-hw-mul\libc.a(lib_a-stdio.o)
 .debug_aranges
                0x0000000000000298       0x20 d:/francisco/arquivos_de_programas/nios2eds/bin/gnu/h-x86_64-mingw32/bin/../lib/gcc/nios2-elf/4.9.1/../../../../../H-x86_64-mingw32/nios2-elf/lib/mno-hw-mul\libc.a(lib_a-writer.o)
 .debug_aranges
                0x00000000000002b8       0x20 d:/francisco/arquivos_de_programas/nios2eds/bin/gnu/h-x86_64-mingw32/bin/../lib/gcc/nios2-elf/4.9.1/../../../../../H-x86_64-mingw32/nios2-elf/lib/mno-hw-mul\libc.a(closer.o)
 .debug_aranges
                0x00000000000002d8       0x20 d:/francisco/arquivos_de_programas/nios2eds/bin/gnu/h-x86_64-mingw32/bin/../lib/gcc/nios2-elf/4.9.1/../../../../../H-x86_64-mingw32/nios2-elf/lib/mno-hw-mul\libc.a(lib_a-fclose.o)
 .debug_aranges
                0x00000000000002f8       0x20 d:/francisco/arquivos_de_programas/nios2eds/bin/gnu/h-x86_64-mingw32/bin/../lib/gcc/nios2-elf/4.9.1/../../../../../H-x86_64-mingw32/nios2-elf/lib/mno-hw-mul\libc.a(lib_a-fstatr.o)
 .debug_aranges
                0x0000000000000318       0x20 d:/francisco/arquivos_de_programas/nios2eds/bin/gnu/h-x86_64-mingw32/bin/../lib/gcc/nios2-elf/4.9.1/../../../../../H-x86_64-mingw32/nios2-elf/lib/mno-hw-mul\libc.a(lib_a-isattyr.o)
 .debug_aranges
                0x0000000000000338       0x20 d:/francisco/arquivos_de_programas/nios2eds/bin/gnu/h-x86_64-mingw32/bin/../lib/gcc/nios2-elf/4.9.1/../../../../../H-x86_64-mingw32/nios2-elf/lib/mno-hw-mul\libc.a(lib_a-lseekr.o)
 .debug_aranges
                0x0000000000000358       0x20 d:/francisco/arquivos_de_programas/nios2eds/bin/gnu/h-x86_64-mingw32/bin/../lib/gcc/nios2-elf/4.9.1/../../../../../H-x86_64-mingw32/nios2-elf/lib/mno-hw-mul\libc.a(lib_a-readr.o)
 .debug_aranges
                0x0000000000000378       0x20 d:/francisco/arquivos_de_programas/nios2eds/bin/gnu/h-x86_64-mingw32/bin/../lib/gcc/nios2-elf/4.9.1/mno-hw-mul\libgcc.a(lib2-mul.o)
 .debug_aranges
                0x0000000000000398       0x20 ../my_nios_bsp/\libhal_bsp.a(alt_close.o)
 .debug_aranges
                0x00000000000003b8       0x20 ../my_nios_bsp/\libhal_bsp.a(alt_dev.o)
 .debug_aranges
                0x00000000000003d8       0x18 ../my_nios_bsp/\libhal_bsp.a(alt_errno.o)
 .debug_aranges
                0x00000000000003f0       0x20 ../my_nios_bsp/\libhal_bsp.a(alt_fstat.o)
 .debug_aranges
                0x0000000000000410       0x20 ../my_nios_bsp/\libhal_bsp.a(alt_isatty.o)
 .debug_aranges
                0x0000000000000430       0x20 ../my_nios_bsp/\libhal_bsp.a(alt_load.o)
 .debug_aranges
                0x0000000000000450       0x20 ../my_nios_bsp/\libhal_bsp.a(alt_lseek.o)
 .debug_aranges
                0x0000000000000470       0x20 ../my_nios_bsp/\libhal_bsp.a(alt_main.o)
 .debug_aranges
                0x0000000000000490       0x20 ../my_nios_bsp/\libhal_bsp.a(alt_malloc_lock.o)
 .debug_aranges
                0x00000000000004b0       0x20 ../my_nios_bsp/\libhal_bsp.a(alt_read.o)
 .debug_aranges
                0x00000000000004d0       0x20 ../my_nios_bsp/\libhal_bsp.a(alt_release_fd.o)
 .debug_aranges
                0x00000000000004f0       0x20 ../my_nios_bsp/\libhal_bsp.a(alt_sbrk.o)
 .debug_aranges
                0x0000000000000510       0x20 ../my_nios_bsp/\libhal_bsp.a(alt_write.o)
 .debug_aranges
                0x0000000000000530       0x20 ../my_nios_bsp/\libhal_bsp.a(alt_sys_init.o)
 .debug_aranges
                0x0000000000000550       0x20 ../my_nios_bsp/\libhal_bsp.a(altera_avalon_jtag_uart_fd.o)
 .debug_aranges
                0x0000000000000570       0x20 ../my_nios_bsp/\libhal_bsp.a(altera_avalon_jtag_uart_init.o)
 .debug_aranges
                0x0000000000000590       0x20 ../my_nios_bsp/\libhal_bsp.a(altera_avalon_jtag_uart_ioctl.o)
 .debug_aranges
                0x00000000000005b0       0x20 ../my_nios_bsp/\libhal_bsp.a(altera_avalon_jtag_uart_read.o)
 .debug_aranges
                0x00000000000005d0       0x20 ../my_nios_bsp/\libhal_bsp.a(altera_avalon_jtag_uart_write.o)
 .debug_aranges
                0x00000000000005f0       0x20 ../my_nios_bsp/\libhal_bsp.a(alt_alarm_start.o)
 .debug_aranges
                0x0000000000000610       0x20 ../my_nios_bsp/\libhal_bsp.a(alt_dcache_flush_all.o)
 .debug_aranges
                0x0000000000000630       0x20 ../my_nios_bsp/\libhal_bsp.a(alt_dev_llist_insert.o)
 .debug_aranges
                0x0000000000000650       0x20 ../my_nios_bsp/\libhal_bsp.a(alt_do_ctors.o)
 .debug_aranges
                0x0000000000000670       0x20 ../my_nios_bsp/\libhal_bsp.a(alt_do_dtors.o)
 .debug_aranges
                0x0000000000000690       0x20 ../my_nios_bsp/\libhal_bsp.a(alt_icache_flush_all.o)
 .debug_aranges
                0x00000000000006b0       0x20 ../my_nios_bsp/\libhal_bsp.a(alt_iic.o)
 .debug_aranges
                0x00000000000006d0       0x20 ../my_nios_bsp/\libhal_bsp.a(alt_iic_isr_register.o)
 .debug_aranges
                0x00000000000006f0       0x20 ../my_nios_bsp/\libhal_bsp.a(alt_io_redirect.o)
 .debug_aranges
                0x0000000000000710       0x30 ../my_nios_bsp/\libhal_bsp.a(alt_irq_entry.o)
 .debug_aranges
                0x0000000000000740       0x20 ../my_nios_bsp/\libhal_bsp.a(alt_irq_handler.o)
 .debug_aranges
                0x0000000000000760       0x18 ../my_nios_bsp/\libhal_bsp.a(alt_irq_vars.o)
 .debug_aranges
                0x0000000000000778       0x20 ../my_nios_bsp/\libhal_bsp.a(alt_open.o)
 .debug_aranges
                0x0000000000000798       0x20 ../my_nios_bsp/\libhal_bsp.a(alt_tick.o)
 .debug_aranges
                0x00000000000007b8       0x20 ../my_nios_bsp/\libhal_bsp.a(altera_nios2_gen2_irq.o)
 .debug_aranges
                0x00000000000007d8       0x38 ../my_nios_bsp/\libhal_bsp.a(alt_exception_entry.o)
 .debug_aranges
                0x0000000000000810       0x20 ../my_nios_bsp/\libhal_bsp.a(alt_find_dev.o)
 .debug_aranges
                0x0000000000000830       0x20 ../my_nios_bsp/\libhal_bsp.a(alt_find_file.o)
 .debug_aranges
                0x0000000000000850       0x20 ../my_nios_bsp/\libhal_bsp.a(alt_get_fd.o)
 .debug_aranges
                0x0000000000000870       0x28 ../my_nios_bsp/\libhal_bsp.a(alt_instruction_exception_entry.o)
 .debug_aranges
                0x0000000000000898       0x20 d:/francisco/arquivos_de_programas/nios2eds/bin/gnu/h-x86_64-mingw32/bin/../lib/gcc/nios2-elf/4.9.1/../../../../../H-x86_64-mingw32/nios2-elf/lib/mno-hw-mul\libc.a(lib_a-atexit.o)
 .debug_aranges
                0x00000000000008b8       0x20 d:/francisco/arquivos_de_programas/nios2eds/bin/gnu/h-x86_64-mingw32/bin/../lib/gcc/nios2-elf/4.9.1/../../../../../H-x86_64-mingw32/nios2-elf/lib/mno-hw-mul\libc.a(lib_a-exit.o)
 .debug_aranges
                0x00000000000008d8       0x20 d:/francisco/arquivos_de_programas/nios2eds/bin/gnu/h-x86_64-mingw32/bin/../lib/gcc/nios2-elf/4.9.1/../../../../../H-x86_64-mingw32/nios2-elf/lib/mno-hw-mul\libc.a(lib_a-memcmp.o)
 .debug_aranges
                0x00000000000008f8       0x20 d:/francisco/arquivos_de_programas/nios2eds/bin/gnu/h-x86_64-mingw32/bin/../lib/gcc/nios2-elf/4.9.1/../../../../../H-x86_64-mingw32/nios2-elf/lib/mno-hw-mul\libc.a(lib_a-__atexit.o)
 .debug_aranges
                0x0000000000000918       0x20 d:/francisco/arquivos_de_programas/nios2eds/bin/gnu/h-x86_64-mingw32/bin/../lib/gcc/nios2-elf/4.9.1/../../../../../H-x86_64-mingw32/nios2-elf/lib/mno-hw-mul\libc.a(lib_a-__call_atexit.o)
 .debug_aranges
                0x0000000000000938       0x20 ../my_nios_bsp/\libhal_bsp.a(alt_exit.o)

.debug_pubnames
 *(.debug_pubnames)

.debug_info     0x0000000000000000    0x15fd3
 *(.debug_info .gnu.linkonce.wi.*)
 .debug_info    0x0000000000000000       0x7b ../my_nios_bsp//obj/HAL/src/crt0.o
 .debug_info    0x000000000000007b       0x8f obj/default/hello_world.o
 .debug_info    0x000000000000010a      0x9f4 d:/francisco/arquivos_de_programas/nios2eds/bin/gnu/h-x86_64-mingw32/bin/../lib/gcc/nios2-elf/4.9.1/../../../../../H-x86_64-mingw32/nios2-elf/lib/mno-hw-mul\libc.a(lib_a-puts.o)
 .debug_info    0x0000000000000afe       0xdb d:/francisco/arquivos_de_programas/nios2eds/bin/gnu/h-x86_64-mingw32/bin/../lib/gcc/nios2-elf/4.9.1/../../../../../H-x86_64-mingw32/nios2-elf/lib/mno-hw-mul\libc.a(lib_a-strlen.o)
 .debug_info    0x0000000000000bd9      0xc31 d:/francisco/arquivos_de_programas/nios2eds/bin/gnu/h-x86_64-mingw32/bin/../lib/gcc/nios2-elf/4.9.1/../../../../../H-x86_64-mingw32/nios2-elf/lib/mno-hw-mul\libc.a(lib_a-fvwrite.o)
 .debug_info    0x000000000000180a      0x88f d:/francisco/arquivos_de_programas/nios2eds/bin/gnu/h-x86_64-mingw32/bin/../lib/gcc/nios2-elf/4.9.1/../../../../../H-x86_64-mingw32/nios2-elf/lib/mno-hw-mul\libc.a(lib_a-impure.o)
 .debug_info    0x0000000000002099      0xd71 d:/francisco/arquivos_de_programas/nios2eds/bin/gnu/h-x86_64-mingw32/bin/../lib/gcc/nios2-elf/4.9.1/../../../../../H-x86_64-mingw32/nios2-elf/lib/mno-hw-mul\libc.a(lib_a-mallocr.o)
 .debug_info    0x0000000000002e0a      0x12b d:/francisco/arquivos_de_programas/nios2eds/bin/gnu/h-x86_64-mingw32/bin/../lib/gcc/nios2-elf/4.9.1/../../../../../H-x86_64-mingw32/nios2-elf/lib/mno-hw-mul\libc.a(lib_a-memchr.o)
 .debug_info    0x0000000000002f35      0x133 d:/francisco/arquivos_de_programas/nios2eds/bin/gnu/h-x86_64-mingw32/bin/../lib/gcc/nios2-elf/4.9.1/../../../../../H-x86_64-mingw32/nios2-elf/lib/mno-hw-mul\libc.a(lib_a-memcpy.o)
 .debug_info    0x0000000000003068      0x133 d:/francisco/arquivos_de_programas/nios2eds/bin/gnu/h-x86_64-mingw32/bin/../lib/gcc/nios2-elf/4.9.1/../../../../../H-x86_64-mingw32/nios2-elf/lib/mno-hw-mul\libc.a(lib_a-memmove.o)
 .debug_info    0x000000000000319b      0xcc6 d:/francisco/arquivos_de_programas/nios2eds/bin/gnu/h-x86_64-mingw32/bin/../lib/gcc/nios2-elf/4.9.1/../../../../../H-x86_64-mingw32/nios2-elf/lib/mno-hw-mul\libc.a(lib_a-reallocr.o)
 .debug_info    0x0000000000003e61      0x8ef d:/francisco/arquivos_de_programas/nios2eds/bin/gnu/h-x86_64-mingw32/bin/../lib/gcc/nios2-elf/4.9.1/../../../../../H-x86_64-mingw32/nios2-elf/lib/mno-hw-mul\libc.a(lib_a-sbrkr.o)
 .debug_info    0x0000000000004750      0x91d d:/francisco/arquivos_de_programas/nios2eds/bin/gnu/h-x86_64-mingw32/bin/../lib/gcc/nios2-elf/4.9.1/../../../../../H-x86_64-mingw32/nios2-elf/lib/mno-hw-mul\libc.a(lib_a-wsetup.o)
 .debug_info    0x000000000000506d      0xa3a d:/francisco/arquivos_de_programas/nios2eds/bin/gnu/h-x86_64-mingw32/bin/../lib/gcc/nios2-elf/4.9.1/../../../../../H-x86_64-mingw32/nios2-elf/lib/mno-hw-mul\libc.a(lib_a-fflush.o)
 .debug_info    0x0000000000005aa7      0xd37 d:/francisco/arquivos_de_programas/nios2eds/bin/gnu/h-x86_64-mingw32/bin/../lib/gcc/nios2-elf/4.9.1/../../../../../H-x86_64-mingw32/nios2-elf/lib/mno-hw-mul\libc.a(lib_a-findfp.o)
 .debug_info    0x00000000000067de      0xc02 d:/francisco/arquivos_de_programas/nios2eds/bin/gnu/h-x86_64-mingw32/bin/../lib/gcc/nios2-elf/4.9.1/../../../../../H-x86_64-mingw32/nios2-elf/lib/mno-hw-mul\libc.a(lib_a-freer.o)
 .debug_info    0x00000000000073e0      0xab7 d:/francisco/arquivos_de_programas/nios2eds/bin/gnu/h-x86_64-mingw32/bin/../lib/gcc/nios2-elf/4.9.1/../../../../../H-x86_64-mingw32/nios2-elf/lib/mno-hw-mul\libc.a(lib_a-fwalk.o)
 .debug_info    0x0000000000007e97       0x83 d:/francisco/arquivos_de_programas/nios2eds/bin/gnu/h-x86_64-mingw32/bin/../lib/gcc/nios2-elf/4.9.1/../../../../../H-x86_64-mingw32/nios2-elf/lib/mno-hw-mul\libc.a(lib_a-int_errno.o)
 .debug_info    0x0000000000007f1a      0xaff d:/francisco/arquivos_de_programas/nios2eds/bin/gnu/h-x86_64-mingw32/bin/../lib/gcc/nios2-elf/4.9.1/../../../../../H-x86_64-mingw32/nios2-elf/lib/mno-hw-mul\libc.a(lib_a-makebuf.o)
 .debug_info    0x0000000000008a19      0x11a d:/francisco/arquivos_de_programas/nios2eds/bin/gnu/h-x86_64-mingw32/bin/../lib/gcc/nios2-elf/4.9.1/../../../../../H-x86_64-mingw32/nios2-elf/lib/mno-hw-mul\libc.a(lib_a-memset.o)
 .debug_info    0x0000000000008b33      0xb83 d:/francisco/arquivos_de_programas/nios2eds/bin/gnu/h-x86_64-mingw32/bin/../lib/gcc/nios2-elf/4.9.1/../../../../../H-x86_64-mingw32/nios2-elf/lib/mno-hw-mul\libc.a(lib_a-stdio.o)
 .debug_info    0x00000000000096b6      0x921 d:/francisco/arquivos_de_programas/nios2eds/bin/gnu/h-x86_64-mingw32/bin/../lib/gcc/nios2-elf/4.9.1/../../../../../H-x86_64-mingw32/nios2-elf/lib/mno-hw-mul\libc.a(lib_a-writer.o)
 .debug_info    0x0000000000009fd7      0x8ce d:/francisco/arquivos_de_programas/nios2eds/bin/gnu/h-x86_64-mingw32/bin/../lib/gcc/nios2-elf/4.9.1/../../../../../H-x86_64-mingw32/nios2-elf/lib/mno-hw-mul\libc.a(closer.o)
 .debug_info    0x000000000000a8a5      0xa12 d:/francisco/arquivos_de_programas/nios2eds/bin/gnu/h-x86_64-mingw32/bin/../lib/gcc/nios2-elf/4.9.1/../../../../../H-x86_64-mingw32/nios2-elf/lib/mno-hw-mul\libc.a(lib_a-fclose.o)
 .debug_info    0x000000000000b2b7      0xa5c d:/francisco/arquivos_de_programas/nios2eds/bin/gnu/h-x86_64-mingw32/bin/../lib/gcc/nios2-elf/4.9.1/../../../../../H-x86_64-mingw32/nios2-elf/lib/mno-hw-mul\libc.a(lib_a-fstatr.o)
 .debug_info    0x000000000000bd13      0x8ce d:/francisco/arquivos_de_programas/nios2eds/bin/gnu/h-x86_64-mingw32/bin/../lib/gcc/nios2-elf/4.9.1/../../../../../H-x86_64-mingw32/nios2-elf/lib/mno-hw-mul\libc.a(lib_a-isattyr.o)
 .debug_info    0x000000000000c5e1      0x91a d:/francisco/arquivos_de_programas/nios2eds/bin/gnu/h-x86_64-mingw32/bin/../lib/gcc/nios2-elf/4.9.1/../../../../../H-x86_64-mingw32/nios2-elf/lib/mno-hw-mul\libc.a(lib_a-lseekr.o)
 .debug_info    0x000000000000cefb      0x91a d:/francisco/arquivos_de_programas/nios2eds/bin/gnu/h-x86_64-mingw32/bin/../lib/gcc/nios2-elf/4.9.1/../../../../../H-x86_64-mingw32/nios2-elf/lib/mno-hw-mul\libc.a(lib_a-readr.o)
 .debug_info    0x000000000000d815       0xb4 d:/francisco/arquivos_de_programas/nios2eds/bin/gnu/h-x86_64-mingw32/bin/../lib/gcc/nios2-elf/4.9.1/mno-hw-mul\libgcc.a(lib2-mul.o)
 .debug_info    0x000000000000d8c9      0x31a ../my_nios_bsp/\libhal_bsp.a(alt_close.o)
 .debug_info    0x000000000000dbe3      0x495 ../my_nios_bsp/\libhal_bsp.a(alt_dev.o)
 .debug_info    0x000000000000e078       0x9f ../my_nios_bsp/\libhal_bsp.a(alt_errno.o)
 .debug_info    0x000000000000e117      0x481 ../my_nios_bsp/\libhal_bsp.a(alt_fstat.o)
 .debug_info    0x000000000000e598      0x484 ../my_nios_bsp/\libhal_bsp.a(alt_isatty.o)
 .debug_info    0x000000000000ea1c      0x13e ../my_nios_bsp/\libhal_bsp.a(alt_load.o)
 .debug_info    0x000000000000eb5a      0x34b ../my_nios_bsp/\libhal_bsp.a(alt_lseek.o)
 .debug_info    0x000000000000eea5      0x12a ../my_nios_bsp/\libhal_bsp.a(alt_main.o)
 .debug_info    0x000000000000efcf      0x89f ../my_nios_bsp/\libhal_bsp.a(alt_malloc_lock.o)
 .debug_info    0x000000000000f86e      0x4a9 ../my_nios_bsp/\libhal_bsp.a(alt_read.o)
 .debug_info    0x000000000000fd17      0x2b0 ../my_nios_bsp/\libhal_bsp.a(alt_release_fd.o)
 .debug_info    0x000000000000ffc7      0x1a5 ../my_nios_bsp/\libhal_bsp.a(alt_sbrk.o)
 .debug_info    0x000000000001016c      0x4b0 ../my_nios_bsp/\libhal_bsp.a(alt_write.o)
 .debug_info    0x000000000001061c      0x4bc ../my_nios_bsp/\libhal_bsp.a(alt_sys_init.o)
 .debug_info    0x0000000000010ad8      0x527 ../my_nios_bsp/\libhal_bsp.a(altera_avalon_jtag_uart_fd.o)
 .debug_info    0x0000000000010fff      0x3a1 ../my_nios_bsp/\libhal_bsp.a(altera_avalon_jtag_uart_init.o)
 .debug_info    0x00000000000113a0      0x279 ../my_nios_bsp/\libhal_bsp.a(altera_avalon_jtag_uart_ioctl.o)
 .debug_info    0x0000000000011619      0x342 ../my_nios_bsp/\libhal_bsp.a(altera_avalon_jtag_uart_read.o)
 .debug_info    0x000000000001195b      0x339 ../my_nios_bsp/\libhal_bsp.a(altera_avalon_jtag_uart_write.o)
 .debug_info    0x0000000000011c94      0x2c5 ../my_nios_bsp/\libhal_bsp.a(alt_alarm_start.o)
 .debug_info    0x0000000000011f59       0x8b ../my_nios_bsp/\libhal_bsp.a(alt_dcache_flush_all.o)
 .debug_info    0x0000000000011fe4      0x1a2 ../my_nios_bsp/\libhal_bsp.a(alt_dev_llist_insert.o)
 .debug_info    0x0000000000012186       0x83 ../my_nios_bsp/\libhal_bsp.a(alt_do_ctors.o)
 .debug_info    0x0000000000012209       0x83 ../my_nios_bsp/\libhal_bsp.a(alt_do_dtors.o)
 .debug_info    0x000000000001228c       0x8b ../my_nios_bsp/\libhal_bsp.a(alt_icache_flush_all.o)
 .debug_info    0x0000000000012317      0x349 ../my_nios_bsp/\libhal_bsp.a(alt_iic.o)
 .debug_info    0x0000000000012660      0x1e8 ../my_nios_bsp/\libhal_bsp.a(alt_iic_isr_register.o)
 .debug_info    0x0000000000012848      0x49e ../my_nios_bsp/\libhal_bsp.a(alt_io_redirect.o)
 .debug_info    0x0000000000012ce6       0x84 ../my_nios_bsp/\libhal_bsp.a(alt_irq_entry.o)
 .debug_info    0x0000000000012d6a      0x180 ../my_nios_bsp/\libhal_bsp.a(alt_irq_handler.o)
 .debug_info    0x0000000000012eea       0x88 ../my_nios_bsp/\libhal_bsp.a(alt_irq_vars.o)
 .debug_info    0x0000000000012f72      0x3b4 ../my_nios_bsp/\libhal_bsp.a(alt_open.o)
 .debug_info    0x0000000000013326      0x292 ../my_nios_bsp/\libhal_bsp.a(alt_tick.o)
 .debug_info    0x00000000000135b8       0x8b ../my_nios_bsp/\libhal_bsp.a(altera_nios2_gen2_irq.o)
 .debug_info    0x0000000000013643       0x8a ../my_nios_bsp/\libhal_bsp.a(alt_exception_entry.o)
 .debug_info    0x00000000000136cd      0x2e2 ../my_nios_bsp/\libhal_bsp.a(alt_find_dev.o)
 .debug_info    0x00000000000139af      0x2df ../my_nios_bsp/\libhal_bsp.a(alt_find_file.o)
 .debug_info    0x0000000000013c8e      0x309 ../my_nios_bsp/\libhal_bsp.a(alt_get_fd.o)
 .debug_info    0x0000000000013f97      0x1d8 ../my_nios_bsp/\libhal_bsp.a(alt_instruction_exception_entry.o)
 .debug_info    0x000000000001416f      0x10a d:/francisco/arquivos_de_programas/nios2eds/bin/gnu/h-x86_64-mingw32/bin/../lib/gcc/nios2-elf/4.9.1/../../../../../H-x86_64-mingw32/nios2-elf/lib/mno-hw-mul\libc.a(lib_a-atexit.o)
 .debug_info    0x0000000000014279      0x8df d:/francisco/arquivos_de_programas/nios2eds/bin/gnu/h-x86_64-mingw32/bin/../lib/gcc/nios2-elf/4.9.1/../../../../../H-x86_64-mingw32/nios2-elf/lib/mno-hw-mul\libc.a(lib_a-exit.o)
 .debug_info    0x0000000000014b58      0x113 d:/francisco/arquivos_de_programas/nios2eds/bin/gnu/h-x86_64-mingw32/bin/../lib/gcc/nios2-elf/4.9.1/../../../../../H-x86_64-mingw32/nios2-elf/lib/mno-hw-mul\libc.a(lib_a-memcmp.o)
 .debug_info    0x0000000000014c6b      0x93b d:/francisco/arquivos_de_programas/nios2eds/bin/gnu/h-x86_64-mingw32/bin/../lib/gcc/nios2-elf/4.9.1/../../../../../H-x86_64-mingw32/nios2-elf/lib/mno-hw-mul\libc.a(lib_a-__atexit.o)
 .debug_info    0x00000000000155a6      0x948 d:/francisco/arquivos_de_programas/nios2eds/bin/gnu/h-x86_64-mingw32/bin/../lib/gcc/nios2-elf/4.9.1/../../../../../H-x86_64-mingw32/nios2-elf/lib/mno-hw-mul\libc.a(lib_a-__call_atexit.o)
 .debug_info    0x0000000000015eee       0xe5 ../my_nios_bsp/\libhal_bsp.a(alt_exit.o)

.debug_abbrev   0x0000000000000000     0x5d8d
 *(.debug_abbrev)
 .debug_abbrev  0x0000000000000000       0x12 ../my_nios_bsp//obj/HAL/src/crt0.o
 .debug_abbrev  0x0000000000000012       0x42 obj/default/hello_world.o
 .debug_abbrev  0x0000000000000054      0x226 d:/francisco/arquivos_de_programas/nios2eds/bin/gnu/h-x86_64-mingw32/bin/../lib/gcc/nios2-elf/4.9.1/../../../../../H-x86_64-mingw32/nios2-elf/lib/mno-hw-mul\libc.a(lib_a-puts.o)
 .debug_abbrev  0x000000000000027a       0x90 d:/francisco/arquivos_de_programas/nios2eds/bin/gnu/h-x86_64-mingw32/bin/../lib/gcc/nios2-elf/4.9.1/../../../../../H-x86_64-mingw32/nios2-elf/lib/mno-hw-mul\libc.a(lib_a-strlen.o)
 .debug_abbrev  0x000000000000030a      0x252 d:/francisco/arquivos_de_programas/nios2eds/bin/gnu/h-x86_64-mingw32/bin/../lib/gcc/nios2-elf/4.9.1/../../../../../H-x86_64-mingw32/nios2-elf/lib/mno-hw-mul\libc.a(lib_a-fvwrite.o)
 .debug_abbrev  0x000000000000055c      0x180 d:/francisco/arquivos_de_programas/nios2eds/bin/gnu/h-x86_64-mingw32/bin/../lib/gcc/nios2-elf/4.9.1/../../../../../H-x86_64-mingw32/nios2-elf/lib/mno-hw-mul\libc.a(lib_a-impure.o)
 .debug_abbrev  0x00000000000006dc      0x2ad d:/francisco/arquivos_de_programas/nios2eds/bin/gnu/h-x86_64-mingw32/bin/../lib/gcc/nios2-elf/4.9.1/../../../../../H-x86_64-mingw32/nios2-elf/lib/mno-hw-mul\libc.a(lib_a-mallocr.o)
 .debug_abbrev  0x0000000000000989       0xab d:/francisco/arquivos_de_programas/nios2eds/bin/gnu/h-x86_64-mingw32/bin/../lib/gcc/nios2-elf/4.9.1/../../../../../H-x86_64-mingw32/nios2-elf/lib/mno-hw-mul\libc.a(lib_a-memchr.o)
 .debug_abbrev  0x0000000000000a34       0x9c d:/francisco/arquivos_de_programas/nios2eds/bin/gnu/h-x86_64-mingw32/bin/../lib/gcc/nios2-elf/4.9.1/../../../../../H-x86_64-mingw32/nios2-elf/lib/mno-hw-mul\libc.a(lib_a-memcpy.o)
 .debug_abbrev  0x0000000000000ad0       0x9c d:/francisco/arquivos_de_programas/nios2eds/bin/gnu/h-x86_64-mingw32/bin/../lib/gcc/nios2-elf/4.9.1/../../../../../H-x86_64-mingw32/nios2-elf/lib/mno-hw-mul\libc.a(lib_a-memmove.o)
 .debug_abbrev  0x0000000000000b6c      0x269 d:/francisco/arquivos_de_programas/nios2eds/bin/gnu/h-x86_64-mingw32/bin/../lib/gcc/nios2-elf/4.9.1/../../../../../H-x86_64-mingw32/nios2-elf/lib/mno-hw-mul\libc.a(lib_a-reallocr.o)
 .debug_abbrev  0x0000000000000dd5      0x1fd d:/francisco/arquivos_de_programas/nios2eds/bin/gnu/h-x86_64-mingw32/bin/../lib/gcc/nios2-elf/4.9.1/../../../../../H-x86_64-mingw32/nios2-elf/lib/mno-hw-mul\libc.a(lib_a-sbrkr.o)
 .debug_abbrev  0x0000000000000fd2      0x1f3 d:/francisco/arquivos_de_programas/nios2eds/bin/gnu/h-x86_64-mingw32/bin/../lib/gcc/nios2-elf/4.9.1/../../../../../H-x86_64-mingw32/nios2-elf/lib/mno-hw-mul\libc.a(lib_a-wsetup.o)
 .debug_abbrev  0x00000000000011c5      0x275 d:/francisco/arquivos_de_programas/nios2eds/bin/gnu/h-x86_64-mingw32/bin/../lib/gcc/nios2-elf/4.9.1/../../../../../H-x86_64-mingw32/nios2-elf/lib/mno-hw-mul\libc.a(lib_a-fflush.o)
 .debug_abbrev  0x000000000000143a      0x387 d:/francisco/arquivos_de_programas/nios2eds/bin/gnu/h-x86_64-mingw32/bin/../lib/gcc/nios2-elf/4.9.1/../../../../../H-x86_64-mingw32/nios2-elf/lib/mno-hw-mul\libc.a(lib_a-findfp.o)
 .debug_abbrev  0x00000000000017c1      0x27b d:/francisco/arquivos_de_programas/nios2eds/bin/gnu/h-x86_64-mingw32/bin/../lib/gcc/nios2-elf/4.9.1/../../../../../H-x86_64-mingw32/nios2-elf/lib/mno-hw-mul\libc.a(lib_a-freer.o)
 .debug_abbrev  0x0000000000001a3c      0x242 d:/francisco/arquivos_de_programas/nios2eds/bin/gnu/h-x86_64-mingw32/bin/../lib/gcc/nios2-elf/4.9.1/../../../../../H-x86_64-mingw32/nios2-elf/lib/mno-hw-mul\libc.a(lib_a-fwalk.o)
 .debug_abbrev  0x0000000000001c7e       0x37 d:/francisco/arquivos_de_programas/nios2eds/bin/gnu/h-x86_64-mingw32/bin/../lib/gcc/nios2-elf/4.9.1/../../../../../H-x86_64-mingw32/nios2-elf/lib/mno-hw-mul\libc.a(lib_a-int_errno.o)
 .debug_abbrev  0x0000000000001cb5      0x206 d:/francisco/arquivos_de_programas/nios2eds/bin/gnu/h-x86_64-mingw32/bin/../lib/gcc/nios2-elf/4.9.1/../../../../../H-x86_64-mingw32/nios2-elf/lib/mno-hw-mul\libc.a(lib_a-makebuf.o)
 .debug_abbrev  0x0000000000001ebb       0xae d:/francisco/arquivos_de_programas/nios2eds/bin/gnu/h-x86_64-mingw32/bin/../lib/gcc/nios2-elf/4.9.1/../../../../../H-x86_64-mingw32/nios2-elf/lib/mno-hw-mul\libc.a(lib_a-memset.o)