Archive member included to satisfy reference by file (symbol)

d:/francisco/arquivos_de_programas/nios2eds/bin/gnu/h-x86_64-mingw32/bin/../lib/gcc/nios2-elf/4.9.1/../../../../../H-x86_64-mingw32/nios2-elf/lib/mno-hw-mul\libsmallc.a(lib_a-puts.o)
                              obj/default/hello_world.o (puts)
d:/francisco/arquivos_de_programas/nios2eds/bin/gnu/h-x86_64-mingw32/bin/../lib/gcc/nios2-elf/4.9.1/../../../../../H-x86_64-mingw32/nios2-elf/lib/mno-hw-mul\libsmallc.a(lib_a-strlen.o)
                              d:/francisco/arquivos_de_programas/nios2eds/bin/gnu/h-x86_64-mingw32/bin/../lib/gcc/nios2-elf/4.9.1/../../../../../H-x86_64-mingw32/nios2-elf/lib/mno-hw-mul\libsmallc.a(lib_a-puts.o) (strlen)
d:/francisco/arquivos_de_programas/nios2eds/bin/gnu/h-x86_64-mingw32/bin/../lib/gcc/nios2-elf/4.9.1/../../../../../H-x86_64-mingw32/nios2-elf/lib/mno-hw-mul\libsmallc.a(lib_a-fvwrite_small_dev.o)
                              d:/francisco/arquivos_de_programas/nios2eds/bin/gnu/h-x86_64-mingw32/bin/../lib/gcc/nios2-elf/4.9.1/../../../../../H-x86_64-mingw32/nios2-elf/lib/mno-hw-mul\libsmallc.a(lib_a-puts.o) (__sfvwrite_small_dev)
d:/francisco/arquivos_de_programas/nios2eds/bin/gnu/h-x86_64-mingw32/bin/../lib/gcc/nios2-elf/4.9.1/../../../../../H-x86_64-mingw32/nios2-elf/lib/mno-hw-mul\libsmallc.a(lib_a-impure.o)
                              d:/francisco/arquivos_de_programas/nios2eds/bin/gnu/h-x86_64-mingw32/bin/../lib/gcc/nios2-elf/4.9.1/../../../../../H-x86_64-mingw32/nios2-elf/lib/mno-hw-mul\libsmallc.a(lib_a-puts.o) (_impure_ptr)
d:/francisco/arquivos_de_programas/nios2eds/bin/gnu/h-x86_64-mingw32/bin/../lib/gcc/nios2-elf/4.9.1/../../../../../H-x86_64-mingw32/nios2-elf/lib/mno-hw-mul\libsmallc.a(lib_a-writer.o)
                              d:/francisco/arquivos_de_programas/nios2eds/bin/gnu/h-x86_64-mingw32/bin/../lib/gcc/nios2-elf/4.9.1/../../../../../H-x86_64-mingw32/nios2-elf/lib/mno-hw-mul\libsmallc.a(lib_a-fvwrite_small_dev.o) (_write_r)
d:/francisco/arquivos_de_programas/nios2eds/bin/gnu/h-x86_64-mingw32/bin/../lib/gcc/nios2-elf/4.9.1/../../../../../H-x86_64-mingw32/nios2-elf/lib/mno-hw-mul\libsmallc.a(lib_a-int_errno.o)
                              d:/francisco/arquivos_de_programas/nios2eds/bin/gnu/h-x86_64-mingw32/bin/../lib/gcc/nios2-elf/4.9.1/../../../../../H-x86_64-mingw32/nios2-elf/lib/mno-hw-mul\libsmallc.a(lib_a-writer.o) (errno)
../my_nios_bsp/\libhal_bsp.a(alt_load.o)
                              ../my_nios_bsp//obj/HAL/src/crt0.o (alt_load)
../my_nios_bsp/\libhal_bsp.a(alt_main.o)
                              ../my_nios_bsp//obj/HAL/src/crt0.o (alt_main)
../my_nios_bsp/\libhal_bsp.a(alt_write.o)
                              d:/francisco/arquivos_de_programas/nios2eds/bin/gnu/h-x86_64-mingw32/bin/../lib/gcc/nios2-elf/4.9.1/../../../../../H-x86_64-mingw32/nios2-elf/lib/mno-hw-mul\libsmallc.a(lib_a-writer.o) (write)
../my_nios_bsp/\libhal_bsp.a(alt_sys_init.o)
                              ../my_nios_bsp/\libhal_bsp.a(alt_main.o) (alt_irq_init)
../my_nios_bsp/\libhal_bsp.a(altera_avalon_jtag_uart_fd.o)
                              ../my_nios_bsp/\libhal_bsp.a(alt_sys_init.o) (altera_avalon_jtag_uart_read_fd)
../my_nios_bsp/\libhal_bsp.a(altera_avalon_jtag_uart_read.o)
                              ../my_nios_bsp/\libhal_bsp.a(altera_avalon_jtag_uart_fd.o) (altera_avalon_jtag_uart_read)
../my_nios_bsp/\libhal_bsp.a(altera_avalon_jtag_uart_write.o)
                              ../my_nios_bsp/\libhal_bsp.a(altera_avalon_jtag_uart_fd.o) (altera_avalon_jtag_uart_write)
../my_nios_bsp/\libhal_bsp.a(alt_close.o)
                              ../my_nios_bsp/\libhal_bsp.a(alt_main.o) (close)
../my_nios_bsp/\libhal_bsp.a(alt_dcache_flush_all.o)
                              ../my_nios_bsp/\libhal_bsp.a(alt_load.o) (alt_dcache_flush_all)
../my_nios_bsp/\libhal_bsp.a(alt_dev.o)
                              ../my_nios_bsp/\libhal_bsp.a(alt_sys_init.o) (alt_dev_list)
../my_nios_bsp/\libhal_bsp.a(alt_dev_llist_insert.o)
                              ../my_nios_bsp/\libhal_bsp.a(alt_sys_init.o) (alt_dev_llist_insert)
../my_nios_bsp/\libhal_bsp.a(alt_errno.o)
                              ../my_nios_bsp/\libhal_bsp.a(alt_write.o) (alt_errno)
../my_nios_bsp/\libhal_bsp.a(alt_icache_flush_all.o)
                              ../my_nios_bsp/\libhal_bsp.a(alt_load.o) (alt_icache_flush_all)
../my_nios_bsp/\libhal_bsp.a(alt_io_redirect.o)
                              ../my_nios_bsp/\libhal_bsp.a(alt_main.o) (alt_io_redirect)
../my_nios_bsp/\libhal_bsp.a(alt_open.o)
                              ../my_nios_bsp/\libhal_bsp.a(alt_io_redirect.o) (open)
../my_nios_bsp/\libhal_bsp.a(alt_release_fd.o)
                              ../my_nios_bsp/\libhal_bsp.a(alt_close.o) (alt_release_fd)
../my_nios_bsp/\libhal_bsp.a(altera_nios2_gen2_irq.o)
                              ../my_nios_bsp/\libhal_bsp.a(alt_sys_init.o) (altera_nios2_gen2_irq_init)
../my_nios_bsp/\libhal_bsp.a(alt_find_dev.o)
                              ../my_nios_bsp/\libhal_bsp.a(alt_open.o) (alt_find_dev)
../my_nios_bsp/\libhal_bsp.a(alt_find_file.o)
                              ../my_nios_bsp/\libhal_bsp.a(alt_open.o) (alt_find_file)
../my_nios_bsp/\libhal_bsp.a(alt_get_fd.o)
                              ../my_nios_bsp/\libhal_bsp.a(alt_open.o) (alt_get_fd)
d:/francisco/arquivos_de_programas/nios2eds/bin/gnu/h-x86_64-mingw32/bin/../lib/gcc/nios2-elf/4.9.1/../../../../../H-x86_64-mingw32/nios2-elf/lib/mno-hw-mul\libsmallc.a(lib_a-exit.o)
                              ../my_nios_bsp/\libhal_bsp.a(alt_main.o) (exit)
d:/francisco/arquivos_de_programas/nios2eds/bin/gnu/h-x86_64-mingw32/bin/../lib/gcc/nios2-elf/4.9.1/../../../../../H-x86_64-mingw32/nios2-elf/lib/mno-hw-mul\libsmallc.a(lib_a-memcmp.o)
                              ../my_nios_bsp/\libhal_bsp.a(alt_find_dev.o) (memcmp)
d:/francisco/arquivos_de_programas/nios2eds/bin/gnu/h-x86_64-mingw32/bin/../lib/gcc/nios2-elf/4.9.1/../../../../../H-x86_64-mingw32/nios2-elf/lib/mno-hw-mul\libsmallc.a(lib_a-__call_atexit.o)
                              d:/francisco/arquivos_de_programas/nios2eds/bin/gnu/h-x86_64-mingw32/bin/../lib/gcc/nios2-elf/4.9.1/../../../../../H-x86_64-mingw32/nios2-elf/lib/mno-hw-mul\libsmallc.a(lib_a-exit.o) (__call_exitprocs)
d:/francisco/arquivos_de_programas/nios2eds/bin/gnu/h-x86_64-mingw32/bin/../lib/gcc/nios2-elf/4.9.1/mno-hw-mul\libgcc.a(lib2-mul.o)
                              ../my_nios_bsp/\libhal_bsp.a(alt_write.o) (__mulsi3)
../my_nios_bsp/\libhal_bsp.a(alt_exit.o)
                              d:/francisco/arquivos_de_programas/nios2eds/bin/gnu/h-x86_64-mingw32/bin/../lib/gcc/nios2-elf/4.9.1/../../../../../H-x86_64-mingw32/nios2-elf/lib/mno-hw-mul\libsmallc.a(lib_a-exit.o) (_exit)

Allocating common symbols
Common symbol       size              file

errno               0x4               d:/francisco/arquivos_de_programas/nios2eds/bin/gnu/h-x86_64-mingw32/bin/../lib/gcc/nios2-elf/4.9.1/../../../../../H-x86_64-mingw32/nios2-elf/lib/mno-hw-mul\libsmallc.a(lib_a-int_errno.o)

Memory Configuration

Name             Origin             Length             Attributes
reset            0x0000000000008000 0x0000000000000020
onchip_memory    0x0000000000008020 0x0000000000004fe0
*default*        0x0000000000000000 0xffffffffffffffff

Linker script and memory map

LOAD ../my_nios_bsp//obj/HAL/src/crt0.o
LOAD obj/default/hello_world.o
LOAD d:/francisco/arquivos_de_programas/nios2eds/bin/gnu/h-x86_64-mingw32/bin/../lib/gcc/nios2-elf/4.9.1/../../../../../H-x86_64-mingw32/nios2-elf/lib/mno-hw-mul\libstdc++.a
LOAD d:/francisco/arquivos_de_programas/nios2eds/bin/gnu/h-x86_64-mingw32/bin/../lib/gcc/nios2-elf/4.9.1/../../../../../H-x86_64-mingw32/nios2-elf/lib/mno-hw-mul\libm.a
LOAD d:/francisco/arquivos_de_programas/nios2eds/bin/gnu/h-x86_64-mingw32/bin/../lib/gcc/nios2-elf/4.9.1/mno-hw-mul\libgcc.a
START GROUP
LOAD d:/francisco/arquivos_de_programas/nios2eds/bin/gnu/h-x86_64-mingw32/bin/../lib/gcc/nios2-elf/4.9.1/../../../../../H-x86_64-mingw32/nios2-elf/lib/mno-hw-mul\libsmallc.a
LOAD d:/francisco/arquivos_de_programas/nios2eds/bin/gnu/h-x86_64-mingw32/bin/../lib/gcc/nios2-elf/4.9.1/mno-hw-mul\libgcc.a
LOAD ../my_nios_bsp/\libhal_bsp.a
LOAD d:/francisco/arquivos_de_programas/nios2eds/bin/gnu/h-x86_64-mingw32/bin/../lib/gcc/nios2-elf/4.9.1/../../../../../H-x86_64-mingw32/nios2-elf/lib/mno-hw-mul\libm.a
END GROUP
LOAD d:/francisco/arquivos_de_programas/nios2eds/bin/gnu/h-x86_64-mingw32/bin/../lib/gcc/nios2-elf/4.9.1/mno-hw-mul\libgcc.a
                0x0000000000008000                __alt_mem_onchip_memory = 0x8000

.entry          0x0000000000008000       0x20
 *(.entry)
 .entry         0x0000000000008000       0x20 ../my_nios_bsp//obj/HAL/src/crt0.o
                0x0000000000008000                __reset

.exceptions     0x0000000000008020        0x0
                0x0000000000008020                PROVIDE (__ram_exceptions_start, ABSOLUTE (.))
                0x0000000000008020                . = ALIGN (0x20)
 *(.irq)
 *(.exceptions.entry.label)
 *(.exceptions.entry.user)
 *(.exceptions.entry.ecc_fatal)
 *(.exceptions.entry)
 *(.exceptions.irqtest.user)
 *(.exceptions.irqtest)
 *(.exceptions.irqhandler.user)
 *(.exceptions.irqhandler)
 *(.exceptions.irqreturn.user)
 *(.exceptions.irqreturn)
 *(.exceptions.notirq.label)
 *(.exceptions.notirq.user)
 *(.exceptions.notirq)
 *(.exceptions.soft.user)
 *(.exceptions.soft)
 *(.exceptions.unknown.user)
 *(.exceptions.unknown)
 *(.exceptions.exit.label)
 *(.exceptions.exit.user)
 *(.exceptions.exit)
 *(.exceptions)
                0x0000000000008020                PROVIDE (__ram_exceptions_end, ABSOLUTE (.))
                0x0000000000008020                PROVIDE (__flash_exceptions_start, LOADADDR (.exceptions))

.text           0x0000000000008020     0x13c8
                0x0000000000008020                PROVIDE (stext, ABSOLUTE (.))
 *(.interp)
 *(.hash)
 *(.dynsym)
 *(.dynstr)
 *(.gnu.version)
 *(.gnu.version_d)
 *(.gnu.version_r)
 *(.rel.init)
 *(.rela.init)
 *(.rel.text .rel.text.* .rel.gnu.linkonce.t.*)
 *(.rela.text .rela.text.* .rela.gnu.linkonce.t.*)
 *(.rel.fini)
 *(.rela.fini)
 *(.rel.rodata .rel.rodata.* .rel.gnu.linkonce.r.*)
 *(.rela.rodata .rela.rodata.* .rela.gnu.linkonce.r.*)
 *(.rel.data .rel.data.* .rel.gnu.linkonce.d.*)
 *(.rela.data .rela.data.* .rela.gnu.linkonce.d.*)
 *(.rel.tdata .rel.tdata.* .rel.gnu.linkonce.td.*)
 *(.rela.tdata .rela.tdata.* .rela.gnu.linkonce.td.*)
 *(.rel.tbss .rel.tbss.* .rel.gnu.linkonce.tb.*)
 *(.rela.tbss .rela.tbss.* .rela.gnu.linkonce.tb.*)
 *(.rel.ctors)
 *(.rela.ctors)
 *(.rel.dtors)
 *(.rela.dtors)
 *(.rel.got)
 *(.rela.got)
 *(.rel.sdata .rel.sdata.* .rel.gnu.linkonce.s.*)
 *(.rela.sdata .rela.sdata.* .rela.gnu.linkonce.s.*)
 *(.rel.sbss .rel.sbss.* .rel.gnu.linkonce.sb.*)
 *(.rela.sbss .rela.sbss.* .rela.gnu.linkonce.sb.*)
 *(.rel.sdata2 .rel.sdata2.* .rel.gnu.linkonce.s2.*)
 *(.rela.sdata2 .rela.sdata2.* .rela.gnu.linkonce.s2.*)
 *(.rel.sbss2 .rel.sbss2.* .rel.gnu.linkonce.sb2.*)
 *(.rela.sbss2 .rela.sbss2.* .rela.gnu.linkonce.sb2.*)
 *(.rel.bss .rel.bss.* .rel.gnu.linkonce.b.*)
 *(.rela.bss .rela.bss.* .rela.gnu.linkonce.b.*)
 *(.rel.plt)
 *(.rela.plt)
 *(.rel.dyn)
 *(.init)
 *(.plt)
 *(.text .stub .text.* .gnu.linkonce.t.*)
 .text          0x0000000000008020       0x3c ../my_nios_bsp//obj/HAL/src/crt0.o
                0x0000000000008020                _start
 .text          0x000000000000805c       0x88 obj/default/hello_world.o
                0x000000000000805c                simple_loop_delay
                0x000000000000809c                main
 .text          0x00000000000080e4       0x94 d:/francisco/arquivos_de_programas/nios2eds/bin/gnu/h-x86_64-mingw32/bin/../lib/gcc/nios2-elf/4.9.1/../../../../../H-x86_64-mingw32/nios2-elf/lib/mno-hw-mul\libsmallc.a(lib_a-puts.o)
                0x00000000000080e4                _puts_r
                0x0000000000008164                puts
 .text          0x0000000000008178       0x1c d:/francisco/arquivos_de_programas/nios2eds/bin/gnu/h-x86_64-mingw32/bin/../lib/gcc/nios2-elf/4.9.1/../../../../../H-x86_64-mingw32/nios2-elf/lib/mno-hw-mul\libsmallc.a(lib_a-strlen.o)
                0x0000000000008178                strlen
 .text          0x0000000000008194       0xac d:/francisco/arquivos_de_programas/nios2eds/bin/gnu/h-x86_64-mingw32/bin/../lib/gcc/nios2-elf/4.9.1/../../../../../H-x86_64-mingw32/nios2-elf/lib/mno-hw-mul\libsmallc.a(lib_a-fvwrite_small_dev.o)
                0x0000000000008194                __sfvwrite_small_dev
 .text          0x0000000000008240        0x0 d:/francisco/arquivos_de_programas/nios2eds/bin/gnu/h-x86_64-mingw32/bin/../lib/gcc/nios2-elf/4.9.1/../../../../../H-x86_64-mingw32/nios2-elf/lib/mno-hw-mul\libsmallc.a(lib_a-impure.o)
 .text          0x0000000000008240       0x58 d:/francisco/arquivos_de_programas/nios2eds/bin/gnu/h-x86_64-mingw32/bin/../lib/gcc/nios2-elf/4.9.1/../../../../../H-x86_64-mingw32/nios2-elf/lib/mno-hw-mul\libsmallc.a(lib_a-writer.o)
                0x0000000000008240                _write_r
 .text          0x0000000000008298        0x0 d:/francisco/arquivos_de_programas/nios2eds/bin/gnu/h-x86_64-mingw32/bin/../lib/gcc/nios2-elf/4.9.1/../../../../../H-x86_64-mingw32/nios2-elf/lib/mno-hw-mul\libsmallc.a(lib_a-int_errno.o)
 .text          0x0000000000008298       0xe4 ../my_nios_bsp/\libhal_bsp.a(alt_load.o)
                0x00000000000082fc                alt_load
 .text          0x000000000000837c       0x68 ../my_nios_bsp/\libhal_bsp.a(alt_main.o)
                0x000000000000837c                alt_main
 .text          0x00000000000083e4      0x150 ../my_nios_bsp/\libhal_bsp.a(alt_write.o)
                0x0000000000008434                write
 .text          0x0000000000008534       0xa0 ../my_nios_bsp/\libhal_bsp.a(alt_sys_init.o)
                0x000000000000856c                alt_irq_init
                0x00000000000085a0                alt_sys_init
 .text          0x00000000000085d4       0xc0 ../my_nios_bsp/\libhal_bsp.a(altera_avalon_jtag_uart_fd.o)
                0x00000000000085d4                altera_avalon_jtag_uart_read_fd
                0x0000000000008634                altera_avalon_jtag_uart_write_fd
 .text          0x0000000000008694       0xe4 ../my_nios_bsp/\libhal_bsp.a(altera_avalon_jtag_uart_read.o)
                0x0000000000008694                altera_avalon_jtag_uart_read
 .text          0x0000000000008778       0x94 ../my_nios_bsp/\libhal_bsp.a(altera_avalon_jtag_uart_write.o)
                0x0000000000008778                altera_avalon_jtag_uart_write
 .text          0x000000000000880c      0x128 ../my_nios_bsp/\libhal_bsp.a(alt_close.o)
                0x000000000000885c                close
 .text          0x0000000000008934       0x1c ../my_nios_bsp/\libhal_bsp.a(alt_dcache_flush_all.o)
                0x0000000000008934                alt_dcache_flush_all
 .text          0x0000000000008950       0x2c ../my_nios_bsp/\libhal_bsp.a(alt_dev.o)
 .text          0x000000000000897c       0xf4 ../my_nios_bsp/\libhal_bsp.a(alt_dev_llist_insert.o)
                0x00000000000089cc                alt_dev_llist_insert
 .text          0x0000000000008a70        0x0 ../my_nios_bsp/\libhal_bsp.a(alt_errno.o)
 .text          0x0000000000008a70       0x1c ../my_nios_bsp/\libhal_bsp.a(alt_icache_flush_all.o)
                0x0000000000008a70                alt_icache_flush_all
 .text          0x0000000000008a8c      0x158 ../my_nios_bsp/\libhal_bsp.a(alt_io_redirect.o)
                0x0000000000008b6c                alt_io_redirect
 .text          0x0000000000008be4      0x2a4 ../my_nios_bsp/\libhal_bsp.a(alt_open.o)
                0x0000000000008d28                open
 .text          0x0000000000008e88       0x80 ../my_nios_bsp/\libhal_bsp.a(alt_release_fd.o)
                0x0000000000008e88                alt_release_fd
 .text          0x0000000000008f08       0x20 ../my_nios_bsp/\libhal_bsp.a(altera_nios2_gen2_irq.o)
                0x0000000000008f08                altera_nios2_gen2_irq_init
 .text          0x0000000000008f28       0x90 ../my_nios_bsp/\libhal_bsp.a(alt_find_dev.o)
                0x0000000000008f28                alt_find_dev
 .text          0x0000000000008fb8      0x114 ../my_nios_bsp/\libhal_bsp.a(alt_find_file.o)
                0x0000000000008fb8                alt_find_file
 .text          0x00000000000090cc       0xd4 ../my_nios_bsp/\libhal_bsp.a(alt_get_fd.o)
                0x00000000000090cc                alt_get_fd
 .text          0x00000000000091a0       0x20 d:/francisco/arquivos_de_programas/nios2eds/bin/gnu/h-x86_64-mingw32/bin/../lib/gcc/nios2-elf/4.9.1/../../../../../H-x86_64-mingw32/nios2-elf/lib/mno-hw-mul\libsmallc.a(lib_a-exit.o)
                0x00000000000091a0                exit
 .text          0x00000000000091c0       0x30 d:/francisco/arquivos_de_programas/nios2eds/bin/gnu/h-x86_64-mingw32/bin/../lib/gcc/nios2-elf/4.9.1/../../../../../H-x86_64-mingw32/nios2-elf/lib/mno-hw-mul\libsmallc.a(lib_a-memcmp.o)
                0x00000000000091c0                memcmp
 .text          0x00000000000091f0      0x19c d:/francisco/arquivos_de_programas/nios2eds/bin/gnu/h-x86_64-mingw32/bin/../lib/gcc/nios2-elf/4.9.1/../../../../../H-x86_64-mingw32/nios2-elf/lib/mno-hw-mul\libsmallc.a(lib_a-__call_atexit.o)
                0x00000000000091f0                __call_exitprocs
 .text          0x000000000000938c       0x28 d:/francisco/arquivos_de_programas/nios2eds/bin/gnu/h-x86_64-mingw32/bin/../lib/gcc/nios2-elf/4.9.1/mno-hw-mul\libgcc.a(lib2-mul.o)
                0x000000000000938c                __mulsi3
 .text          0x00000000000093b4       0x34 ../my_nios_bsp/\libhal_bsp.a(alt_exit.o)
                0x00000000000093b4                _exit
 *(.gnu.warning.*)
 *(.fini)
                0x00000000000093e8                PROVIDE (__etext, ABSOLUTE (.))
                0x00000000000093e8                PROVIDE (_etext, ABSOLUTE (.))
                0x00000000000093e8                PROVIDE (etext, ABSOLUTE (.))
 *(.eh_frame_hdr)
                0x00000000000093e8                . = ALIGN (0x4)
                0x00000000000093e8                PROVIDE (__preinit_array_start, ABSOLUTE (.))
 *(.preinit_array)
                0x00000000000093e8                PROVIDE (__preinit_array_end, ABSOLUTE (.))
                0x00000000000093e8                PROVIDE (__init_array_start, ABSOLUTE (.))
 *(.init_array)
                0x00000000000093e8                PROVIDE (__init_array_end, ABSOLUTE (.))
                0x00000000000093e8                PROVIDE (__fini_array_start, ABSOLUTE (.))
 *(.fini_array)
                0x00000000000093e8                PROVIDE (__fini_array_end, ABSOLUTE (.))
 *(.eh_frame)
 *(.gcc_except_table .gcc_except_table.*)
 *(.dynamic)
                0x00000000000093e8                PROVIDE (__CTOR_LIST__, ABSOLUTE (.))
 *(.ctors)
 *(SORT(.ctors.*))
                0x00000000000093e8                PROVIDE (__CTOR_END__, ABSOLUTE (.))
                0x00000000000093e8                PROVIDE (__DTOR_LIST__, ABSOLUTE (.))
 *(.dtors)
 *(SORT(.dtors.*))
                0x00000000000093e8                PROVIDE (__DTOR_END__, ABSOLUTE (.))
 *(.jcr)
                0x00000000000093e8                . = ALIGN (0x4)

.rodata         0x00000000000093e8       0x44
                0x00000000000093e8                PROVIDE (__ram_rodata_start, ABSOLUTE (.))
                0x00000000000093e8                . = ALIGN (0x4)
 *(.rodata .rodata.* .gnu.linkonce.r.*)
 .rodata        0x00000000000093e8       0x14 obj/default/hello_world.o
 .rodata.str1.4
                0x00000000000093fc        0x4 d:/francisco/arquivos_de_programas/nios2eds/bin/gnu/h-x86_64-mingw32/bin/../lib/gcc/nios2-elf/4.9.1/../../../../../H-x86_64-mingw32/nios2-elf/lib/mno-hw-mul\libsmallc.a(lib_a-puts.o)
 .rodata        0x0000000000009400       0x10 ../my_nios_bsp/\libhal_bsp.a(alt_main.o)
 .rodata        0x0000000000009410       0x10 ../my_nios_bsp/\libhal_bsp.a(alt_sys_init.o)
 .rodata        0x0000000000009420        0xc ../my_nios_bsp/\libhal_bsp.a(alt_dev.o)
 *(.rodata1)
                0x000000000000942c                . = ALIGN (0x4)
                0x000000000000942c                PROVIDE (__ram_rodata_end, ABSOLUTE (.))
                0x00000000000093e8                PROVIDE (__flash_rodata_start, LOADADDR (.rodata))

.rwdata         0x000000000000942c      0x2d4 load address 0x0000000000009700
                0x000000000000942c                PROVIDE (__ram_rwdata_start, ABSOLUTE (.))
                0x000000000000942c                . = ALIGN (0x4)
 *(.got.plt)
 *(.got)
 *(.data1)
 *(.data .data.* .gnu.linkonce.d.*)
 .data          0x000000000000942c        0x0 ../my_nios_bsp//obj/HAL/src/crt0.o
 .data          0x000000000000942c        0x0 obj/default/hello_world.o
 .data          0x000000000000942c        0x0 d:/francisco/arquivos_de_programas/nios2eds/bin/gnu/h-x86_64-mingw32/bin/../lib/gcc/nios2-elf/4.9.1/../../../../../H-x86_64-mingw32/nios2-elf/lib/mno-hw-mul\libsmallc.a(lib_a-puts.o)
 .data          0x000000000000942c        0x0 d:/francisco/arquivos_de_programas/nios2eds/bin/gnu/h-x86_64-mingw32/bin/../lib/gcc/nios2-elf/4.9.1/../../../../../H-x86_64-mingw32/nios2-elf/lib/mno-hw-mul\libsmallc.a(lib_a-strlen.o)
 .data          0x000000000000942c        0x0 d:/francisco/arquivos_de_programas/nios2eds/bin/gnu/h-x86_64-mingw32/bin/../lib/gcc/nios2-elf/4.9.1/../../../../../H-x86_64-mingw32/nios2-elf/lib/mno-hw-mul\libsmallc.a(lib_a-fvwrite_small_dev.o)
 .data          0x000000000000942c       0xe0 d:/francisco/arquivos_de_programas/nios2eds/bin/gnu/h-x86_64-mingw32/bin/../lib/gcc/nios2-elf/4.9.1/../../../../../H-x86_64-mingw32/nios2-elf/lib/mno-hw-mul\libsmallc.a(lib_a-impure.o)
 .data          0x000000000000950c        0x0 d:/francisco/arquivos_de_programas/nios2eds/bin/gnu/h-x86_64-mingw32/bin/../lib/gcc/nios2-elf/4.9.1/../../../../../H-x86_64-mingw32/nios2-elf/lib/mno-hw-mul\libsmallc.a(lib_a-writer.o)
 .data          0x000000000000950c        0x0 d:/francisco/arquivos_de_programas/nios2eds/bin/gnu/h-x86_64-mingw32/bin/../lib/gcc/nios2-elf/4.9.1/../../../../../H-x86_64-mingw32/nios2-elf/lib/mno-hw-mul\libsmallc.a(lib_a-int_errno.o)
 .data          0x000000000000950c        0x0 ../my_nios_bsp/\libhal_bsp.a(alt_load.o)
 .data          0x000000000000950c        0x0 ../my_nios_bsp/\libhal_bsp.a(alt_main.o)
 .data          0x000000000000950c        0x0 ../my_nios_bsp/\libhal_bsp.a(alt_write.o)
 .data          0x000000000000950c       0x2c ../my_nios_bsp/\libhal_bsp.a(alt_sys_init.o)
 .data          0x0000000000009538        0x0 ../my_nios_bsp/\libhal_bsp.a(altera_avalon_jtag_uart_fd.o)
 .data          0x0000000000009538        0x0 ../my_nios_bsp/\libhal_bsp.a(altera_avalon_jtag_uart_read.o)
 .data          0x0000000000009538        0x0 ../my_nios_bsp/\libhal_bsp.a(altera_avalon_jtag_uart_write.o)
 .data          0x0000000000009538        0x0 ../my_nios_bsp/\libhal_bsp.a(alt_close.o)
 .data          0x0000000000009538        0x0 ../my_nios_bsp/\libhal_bsp.a(alt_dcache_flush_all.o)
 .data          0x0000000000009538      0x1a8 ../my_nios_bsp/\libhal_bsp.a(alt_dev.o)
                0x0000000000009538                alt_dev_null
                0x0000000000009560                alt_fd_list
 .data          0x00000000000096e0        0x0 ../my_nios_bsp/\libhal_bsp.a(alt_dev_llist_insert.o)
 .data          0x00000000000096e0        0x0 ../my_nios_bsp/\libhal_bsp.a(alt_errno.o)
 .data          0x00000000000096e0        0x0 ../my_nios_bsp/\libhal_bsp.a(alt_icache_flush_all.o)
 .data          0x00000000000096e0        0x0 ../my_nios_bsp/\libhal_bsp.a(alt_io_redirect.o)
 .data          0x00000000000096e0        0x0 ../my_nios_bsp/\libhal_bsp.a(alt_open.o)
 .data          0x00000000000096e0        0x0 ../my_nios_bsp/\libhal_bsp.a(alt_release_fd.o)
 .data          0x00000000000096e0        0x0 ../my_nios_bsp/\libhal_bsp.a(altera_nios2_gen2_irq.o)
 .data          0x00000000000096e0        0x0 ../my_nios_bsp/\libhal_bsp.a(alt_find_dev.o)
 .data          0x00000000000096e0        0x0 ../my_nios_bsp/\libhal_bsp.a(alt_find_file.o)
 .data          0x00000000000096e0        0x0 ../my_nios_bsp/\libhal_bsp.a(alt_get_fd.o)
 .data          0x00000000000096e0        0x0 d:/francisco/arquivos_de_programas/nios2eds/bin/gnu/h-x86_64-mingw32/bin/../lib/gcc/nios2-elf/4.9.1/../../../../../H-x86_64-mingw32/nios2-elf/lib/mno-hw-mul\libsmallc.a(lib_a-exit.o)
 .data          0x00000000000096e0        0x0 d:/francisco/arquivos_de_programas/nios2eds/bin/gnu/h-x86_64-mingw32/bin/../lib/gcc/nios2-elf/4.9.1/../../../../../H-x86_64-mingw32/nios2-elf/lib/mno-hw-mul\libsmallc.a(lib_a-memcmp.o)
 .data          0x00000000000096e0        0x0 d:/francisco/arquivos_de_programas/nios2eds/bin/gnu/h-x86_64-mingw32/bin/../lib/gcc/nios2-elf/4.9.1/../../../../../H-x86_64-mingw32/nios2-elf/lib/mno-hw-mul\libsmallc.a(lib_a-__call_atexit.o)
 .data          0x00000000000096e0        0x0 d:/francisco/arquivos_de_programas/nios2eds/bin/gnu/h-x86_64-mingw32/bin/../lib/gcc/nios2-elf/4.9.1/mno-hw-mul\libgcc.a(lib2-mul.o)
 .data          0x00000000000096e0        0x0 ../my_nios_bsp/\libhal_bsp.a(alt_exit.o)
                0x00000000000116e0                _gp = ABSOLUTE ((. + 0x8000))
                0x00000000000116e0                PROVIDE (gp, _gp)
 *(.rwdata .rwdata.*)
 *(.sdata .sdata.* .gnu.linkonce.s.*)
 .sdata         0x00000000000096e0        0x8 d:/francisco/arquivos_de_programas/nios2eds/bin/gnu/h-x86_64-mingw32/bin/../lib/gcc/nios2-elf/4.9.1/../../../../../H-x86_64-mingw32/nios2-elf/lib/mno-hw-mul\libsmallc.a(lib_a-impure.o)
                0x00000000000096e0                _global_impure_ptr
                0x00000000000096e4                _impure_ptr
 .sdata         0x00000000000096e8       0x14 ../my_nios_bsp/\libhal_bsp.a(alt_dev.o)
                0x00000000000096e8                alt_fs_list
                0x00000000000096f0                alt_dev_list
                0x00000000000096f8                alt_max_fd
 .sdata         0x00000000000096fc        0x4 ../my_nios_bsp/\libhal_bsp.a(alt_errno.o)
                0x00000000000096fc                alt_errno
 *(.sdata2 .sdata2.* .gnu.linkonce.s2.*)
                0x0000000000009700                . = ALIGN (0x4)
                0x0000000000009700                _edata = ABSOLUTE (.)
                0x0000000000009700                PROVIDE (edata, ABSOLUTE (.))
                0x0000000000009700                PROVIDE (__ram_rwdata_end, ABSOLUTE (.))
                0x0000000000009700                PROVIDE (__flash_rwdata_start, LOADADDR (.rwdata))

.bss            0x00000000000099d4       0x10
                0x00000000000099d4                __bss_start = ABSOLUTE (.)
                0x00000000000099d4                PROVIDE (__sbss_start, ABSOLUTE (.))
                0x00000000000099d4                PROVIDE (___sbss_start, ABSOLUTE (.))
 *(.dynsbss)
 *(.sbss .sbss.* .gnu.linkonce.sb.*)
 .sbss          0x00000000000099d4        0x4 d:/francisco/arquivos_de_programas/nios2eds/bin/gnu/h-x86_64-mingw32/bin/../lib/gcc/nios2-elf/4.9.1/../../../../../H-x86_64-mingw32/nios2-elf/lib/mno-hw-mul\libsmallc.a(lib_a-int_errno.o)
                0x00000000000099d4                errno
 .sbss          0x00000000000099d8        0xc ../my_nios_bsp/\libhal_bsp.a(alt_main.o)
                0x00000000000099d8                alt_argc
                0x00000000000099dc                alt_argv
                0x00000000000099e0                alt_envp
 *(.sbss2 .sbss2.* .gnu.linkonce.sb2.*)
 *(.scommon)
                0x00000000000099e4                PROVIDE (__sbss_end, ABSOLUTE (.))
                0x00000000000099e4                PROVIDE (___sbss_end, ABSOLUTE (.))
 *(.dynbss)
 *(.bss .bss.* .gnu.linkonce.b.*)
 .bss           0x00000000000099e4        0x0 ../my_nios_bsp//obj/HAL/src/crt0.o
 .bss           0x00000000000099e4        0x0 obj/default/hello_world.o
 .bss           0x00000000000099e4        0x0 d:/francisco/arquivos_de_programas/nios2eds/bin/gnu/h-x86_64-mingw32/bin/../lib/gcc/nios2-elf/4.9.1/../../../../../H-x86_64-mingw32/nios2-elf/lib/mno-hw-mul\libsmallc.a(lib_a-puts.o)
 .bss           0x00000000000099e4        0x0 d:/francisco/arquivos_de_programas/nios2eds/bin/gnu/h-x86_64-mingw32/bin/../lib/gcc/nios2-elf/4.9.1/../../../../../H-x86_64-mingw32/nios2-elf/lib/mno-hw-mul\libsmallc.a(lib_a-strlen.o)
 .bss           0x00000000000099e4        0x0 d:/francisco/arquivos_de_programas/nios2eds/bin/gnu/h-x86_64-mingw32/bin/../lib/gcc/nios2-elf/4.9.1/../../../../../H-x86_64-mingw32/nios2-elf/lib/mno-hw-mul\libsmallc.a(lib_a-fvwrite_small_dev.o)
 .bss           0x00000000000099e4        0x0 d:/francisco/arquivos_de_programas/nios2eds/bin/gnu/h-x86_64-mingw32/bin/../lib/gcc/nios2-elf/4.9.1/../../../../../H-x86_64-mingw32/nios2-elf/lib/mno-hw-mul\libsmallc.a(lib_a-impure.o)
 .bss           0x00000000000099e4        0x0 d:/francisco/arquivos_de_programas/nios2eds/bin/gnu/h-x86_64-mingw32/bin/../lib/gcc/nios2-elf/4.9.1/../../../../../H-x86_64-mingw32/nios2-elf/lib/mno-hw-mul\libsmallc.a(lib_a-writer.o)
 .bss           0x00000000000099e4        0x0 d:/francisco/arquivos_de_programas/nios2eds/bin/gnu/h-x86_64-mingw32/bin/../lib/gcc/nios2-elf/4.9.1/../../../../../H-x86_64-mingw32/nios2-elf/lib/mno-hw-mul\libsmallc.a(lib_a-int_errno.o)
 .bss           0x00000000000099e4        0x0 ../my_nios_bsp/\libhal_bsp.a(alt_load.o)
 .bss           0x00000000000099e4        0x0 ../my_nios_bsp/\libhal_bsp.a(alt_main.o)
 .bss           0x00000000000099e4        0x0 ../my_nios_bsp/\libhal_bsp.a(alt_write.o)
 .bss           0x00000000000099e4        0x0 ../my_nios_bsp/\libhal_bsp.a(alt_sys_init.o)
 .bss           0x00000000000099e4        0x0 ../my_nios_bsp/\libhal_bsp.a(altera_avalon_jtag_uart_fd.o)
 .bss           0x00000000000099e4        0x0 ../my_nios_bsp/\libhal_bsp.a(altera_avalon_jtag_uart_read.o)
 .bss           0x00000000000099e4        0x0 ../my_nios_bsp/\libhal_bsp.a(altera_avalon_jtag_uart_write.o)
 .bss           0x00000000000099e4        0x0 ../my_nios_bsp/\libhal_bsp.a(alt_close.o)
 .bss           0x00000000000099e4        0x0 ../my_nios_bsp/\libhal_bsp.a(alt_dcache_flush_all.o)
 .bss           0x00000000000099e4        0x0 ../my_nios_bsp/\libhal_bsp.a(alt_dev.o)
 .bss           0x00000000000099e4        0x0 ../my_nios_bsp/\libhal_bsp.a(alt_dev_llist_insert.o)
 .bss           0x00000000000099e4        0x0 ../my_nios_bsp/\libhal_bsp.a(alt_errno.o)
 .bss           0x00000000000099e4        0x0 ../my_nios_bsp/\libhal_bsp.a(alt_icache_flush_all.o)
 .bss           0x00000000000099e4        0x0 ../my_nios_bsp/\libhal_bsp.a(alt_io_redirect.o)
 .bss           0x00000000000099e4        0x0 ../my_nios_bsp/\libhal_bsp.a(alt_open.o)
 .bss           0x00000000000099e4        0x0 ../my_nios_bsp/\libhal_bsp.a(alt_release_fd.o)
 .bss           0x00000000000099e4        0x0 ../my_nios_bsp/\libhal_bsp.a(altera_nios2_gen2_irq.o)
 .bss           0x00000000000099e4        0x0 ../my_nios_bsp/\libhal_bsp.a(alt_find_dev.o)
 .bss           0x00000000000099e4        0x0 ../my_nios_bsp/\libhal_bsp.a(alt_find_file.o)
 .bss           0x00000000000099e4        0x0 ../my_nios_bsp/\libhal_bsp.a(alt_get_fd.o)
 .bss           0x00000000000099e4        0x0 d:/francisco/arquivos_de_programas/nios2eds/bin/gnu/h-x86_64-mingw32/bin/../lib/gcc/nios2-elf/4.9.1/../../../../../H-x86_64-mingw32/nios2-elf/lib/mno-hw-mul\libsmallc.a(lib_a-exit.o)
 .bss           0x00000000000099e4        0x0 d:/francisco/arquivos_de_programas/nios2eds/bin/gnu/h-x86_64-mingw32/bin/../lib/gcc/nios2-elf/4.9.1/../../../../../H-x86_64-mingw32/nios2-elf/lib/mno-hw-mul\libsmallc.a(lib_a-memcmp.o)
 .bss           0x00000000000099e4        0x0 d:/francisco/arquivos_de_programas/nios2eds/bin/gnu/h-x86_64-mingw32/bin/../lib/gcc/nios2-elf/4.9.1/../../../../../H-x86_64-mingw32/nios2-elf/lib/mno-hw-mul\libsmallc.a(lib_a-__call_atexit.o)
 .bss           0x00000000000099e4        0x0 d:/francisco/arquivos_de_programas/nios2eds/bin/gnu/h-x86_64-mingw32/bin/../lib/gcc/nios2-elf/4.9.1/mno-hw-mul\libgcc.a(lib2-mul.o)
 .bss           0x00000000000099e4        0x0 ../my_nios_bsp/\libhal_bsp.a(alt_exit.o)
 *(COMMON)
                0x00000000000099e4                . = ALIGN (0x4)
                0x00000000000099e4                __bss_end = ABSOLUTE (.)

.onchip_memory  0x00000000000099e4        0x0
                0x00000000000099e4                PROVIDE (_alt_partition_onchip_memory_start, ABSOLUTE (.))
 *(.onchip_memory .onchip_memory. onchip_memory.*)
                0x00000000000099e4                . = ALIGN (0x4)
                0x00000000000099e4                PROVIDE (_alt_partition_onchip_memory_end, ABSOLUTE (.))
                0x00000000000099e4                _end = ABSOLUTE (.)
                0x00000000000099e4                end = ABSOLUTE (.)
                0x00000000000099e4                __alt_stack_base = ABSOLUTE (.)
                0x00000000000099e4                PROVIDE (_alt_partition_onchip_memory_load_addr, LOADADDR (.onchip_memory))

.stab
 *(.stab)

.stabstr
 *(.stabstr)

.stab.excl
 *(.stab.excl)

.stab.exclstr
 *(.stab.exclstr)

.stab.index
 *(.stab.index)

.stab.indexstr
 *(.stab.indexstr)

.comment        0x0000000000000000       0x23
 *(.comment)
 .comment       0x0000000000000000       0x23 obj/default/hello_world.o
                                         0x24 (size before relaxing)
 .comment       0x0000000000000000       0x24 d:/francisco/arquivos_de_programas/nios2eds/bin/gnu/h-x86_64-mingw32/bin/../lib/gcc/nios2-elf/4.9.1/../../../../../H-x86_64-mingw32/nios2-elf/lib/mno-hw-mul\libsmallc.a(lib_a-puts.o)
 .comment       0x0000000000000000       0x24 d:/francisco/arquivos_de_programas/nios2eds/bin/gnu/h-x86_64-mingw32/bin/../lib/gcc/nios2-elf/4.9.1/../../../../../H-x86_64-mingw32/nios2-elf/lib/mno-hw-mul\libsmallc.a(lib_a-strlen.o)
 .comment       0x0000000000000000       0x24 d:/francisco/arquivos_de_programas/nios2eds/bin/gnu/h-x86_64-mingw32/bin/../lib/gcc/nios2-elf/4.9.1/../../../../../H-x86_64-mingw32/nios2-elf/lib/mno-hw-mul\libsmallc.a(lib_a-fvwrite_small_dev.o)
 .comment       0x0000000000000000       0x24 d:/francisco/arquivos_de_programas/nios2eds/bin/gnu/h-x86_64-mingw32/bin/../lib/gcc/nios2-elf/4.9.1/../../../../../H-x86_64-mingw32/nios2-elf/lib/mno-hw-mul\libsmallc.a(lib_a-impure.o)
 .comment       0x0000000000000000       0x24 d:/francisco/arquivos_de_programas/nios2eds/bin/gnu/h-x86_64-mingw32/bin/../lib/gcc/nios2-elf/4.9.1/../../../../../H-x86_64-mingw32/nios2-elf/lib/mno-hw-mul\libsmallc.a(lib_a-writer.o)
 .comment       0x0000000000000000       0x24 d:/francisco/arquivos_de_programas/nios2eds/bin/gnu/h-x86_64-mingw32/bin/../lib/gcc/nios2-elf/4.9.1/../../../../../H-x86_64-mingw32/nios2-elf/lib/mno-hw-mul\libsmallc.a(lib_a-int_errno.o)
 .comment       0x0000000000000000       0x24 ../my_nios_bsp/\libhal_bsp.a(alt_load.o)
 .comment       0x0000000000000000       0x24 ../my_nios_bsp/\libhal_bsp.a(alt_main.o)
 .comment       0x0000000000000000       0x24 ../my_nios_bsp/\libhal_bsp.a(alt_write.o)
 .comment       0x0000000000000000       0x24 ../my_nios_bsp/\libhal_bsp.a(alt_sys_init.o)
 .comment       0x0000000000000000       0x24 ../my_nios_bsp/\libhal_bsp.a(altera_avalon_jtag_uart_fd.o)
 .comment       0x0000000000000000       0x24 ../my_nios_bsp/\libhal_bsp.a(altera_avalon_jtag_uart_read.o)
 .comment       0x0000000000000000       0x24 ../my_nios_bsp/\libhal_bsp.a(altera_avalon_jtag_uart_write.o)
 .comment       0x0000000000000000       0x24 ../my_nios_bsp/\libhal_bsp.a(alt_close.o)
 .comment       0x0000000000000000       0x24 ../my_nios_bsp/\libhal_bsp.a(alt_dcache_flush_all.o)
 .comment       0x0000000000000000       0x24 ../my_nios_bsp/\libhal_bsp.a(alt_dev.o)
 .comment       0x0000000000000000       0x24 ../my_nios_bsp/\libhal_bsp.a(alt_dev_llist_insert.o)
 .comment       0x0000000000000000       0x24 ../my_nios_bsp/\libhal_bsp.a(alt_errno.o)
 .comment       0x0000000000000000       0x24 ../my_nios_bsp/\libhal_bsp.a(alt_icache_flush_all.o)
 .comment       0x0000000000000000       0x24 ../my_nios_bsp/\libhal_bsp.a(alt_io_redirect.o)
 .comment       0x0000000000000000       0x24 ../my_nios_bsp/\libhal_bsp.a(alt_open.o)
 .comment       0x0000000000000000       0x24 ../my_nios_bsp/\libhal_bsp.a(alt_release_fd.o)
 .comment       0x0000000000000000       0x24 ../my_nios_bsp/\libhal_bsp.a(altera_nios2_gen2_irq.o)
 .comment       0x0000000000000000       0x24 ../my_nios_bsp/\libhal_bsp.a(alt_find_dev.o)
 .comment       0x0000000000000000       0x24 ../my_nios_bsp/\libhal_bsp.a(alt_find_file.o)
 .comment       0x0000000000000000       0x24 ../my_nios_bsp/\libhal_bsp.a(alt_get_fd.o)
 .comment       0x0000000000000000       0x24 d:/francisco/arquivos_de_programas/nios2eds/bin/gnu/h-x86_64-mingw32/bin/../lib/gcc/nios2-elf/4.9.1/../../../../../H-x86_64-mingw32/nios2-elf/lib/mno-hw-mul\libsmallc.a(lib_a-exit.o)
 .comment       0x0000000000000000       0x24 d:/francisco/arquivos_de_programas/nios2eds/bin/gnu/h-x86_64-mingw32/bin/../lib/gcc/nios2-elf/4.9.1/../../../../../H-x86_64-mingw32/nios2-elf/lib/mno-hw-mul\libsmallc.a(lib_a-memcmp.o)
 .comment       0x0000000000000000       0x24 d:/francisco/arquivos_de_programas/nios2eds/bin/gnu/h-x86_64-mingw32/bin/../lib/gcc/nios2-elf/4.9.1/../../../../../H-x86_64-mingw32/nios2-elf/lib/mno-hw-mul\libsmallc.a(lib_a-__call_atexit.o)
 .comment       0x0000000000000000       0x24 d:/francisco/arquivos_de_programas/nios2eds/bin/gnu/h-x86_64-mingw32/bin/../lib/gcc/nios2-elf/4.9.1/mno-hw-mul\libgcc.a(lib2-mul.o)
 .comment       0x0000000000000000       0x24 ../my_nios_bsp/\libhal_bsp.a(alt_exit.o)

.debug
 *(.debug)

.line
 *(.line)

.debug_srcinfo
 *(.debug_srcinfo)

.debug_sfnames
 *(.debug_sfnames)

.debug_aranges  0x0000000000000000      0x410
 *(.debug_aranges)
 .debug_aranges
                0x0000000000000000       0x28 ../my_nios_bsp//obj/HAL/src/crt0.o
 .debug_aranges
                0x0000000000000028       0x20 obj/default/hello_world.o
 .debug_aranges
                0x0000000000000048       0x20 d:/francisco/arquivos_de_programas/nios2eds/bin/gnu/h-x86_64-mingw32/bin/../lib/gcc/nios2-elf/4.9.1/../../../../../H-x86_64-mingw32/nios2-elf/lib/mno-hw-mul\libsmallc.a(lib_a-puts.o)
 .debug_aranges
                0x0000000000000068       0x20 d:/francisco/arquivos_de_programas/nios2eds/bin/gnu/h-x86_64-mingw32/bin/../lib/gcc/nios2-elf/4.9.1/../../../../../H-x86_64-mingw32/nios2-elf/lib/mno-hw-mul\libsmallc.a(lib_a-strlen.o)
 .debug_aranges
                0x0000000000000088       0x20 d:/francisco/arquivos_de_programas/nios2eds/bin/gnu/h-x86_64-mingw32/bin/../lib/gcc/nios2-elf/4.9.1/../../../../../H-x86_64-mingw32/nios2-elf/lib/mno-hw-mul\libsmallc.a(lib_a-fvwrite_small_dev.o)
 .debug_aranges
                0x00000000000000a8       0x18 d:/francisco/arquivos_de_programas/nios2eds/bin/gnu/h-x86_64-mingw32/bin/../lib/gcc/nios2-elf/4.9.1/../../../../../H-x86_64-mingw32/nios2-elf/lib/mno-hw-mul\libsmallc.a(lib_a-impure.o)
 .debug_aranges
                0x00000000000000c0       0x20 d:/francisco/arquivos_de_programas/nios2eds/bin/gnu/h-x86_64-mingw32/bin/../lib/gcc/nios2-elf/4.9.1/../../../../../H-x86_64-mingw32/nios2-elf/lib/mno-hw-mul\libsmallc.a(lib_a-writer.o)
 .debug_aranges
                0x00000000000000e0       0x18 d:/francisco/arquivos_de_programas/nios2eds/bin/gnu/h-x86_64-mingw32/bin/../lib/gcc/nios2-elf/4.9.1/../../../../../H-x86_64-mingw32/nios2-elf/lib/mno-hw-mul\libsmallc.a(lib_a-int_errno.o)
 .debug_aranges
                0x00000000000000f8       0x20 ../my_nios_bsp/\libhal_bsp.a(alt_load.o)
 .debug_aranges
                0x0000000000000118       0x20 ../my_nios_bsp/\libhal_bsp.a(alt_main.o)
 .debug_aranges
                0x0000000000000138       0x20 ../my_nios_bsp/\libhal_bsp.a(alt_write.o)
 .debug_aranges
                0x0000000000000158       0x20 ../my_nios_bsp/\libhal_bsp.a(alt_sys_init.o)
 .debug_aranges
                0x0000000000000178       0x20 ../my_nios_bsp/\libhal_bsp.a(altera_avalon_jtag_uart_fd.o)
 .debug_aranges
                0x0000000000000198       0x20 ../my_nios_bsp/\libhal_bsp.a(altera_avalon_jtag_uart_read.o)
 .debug_aranges
                0x00000000000001b8       0x20 ../my_nios_bsp/\libhal_bsp.a(altera_avalon_jtag_uart_write.o)
 .debug_aranges
                0x00000000000001d8       0x20 ../my_nios_bsp/\libhal_bsp.a(alt_close.o)
 .debug_aranges
                0x00000000000001f8       0x20 ../my_nios_bsp/\libhal_bsp.a(alt_dcache_flush_all.o)
 .debug_aranges
                0x0000000000000218       0x20 ../my_nios_bsp/\libhal_bsp.a(alt_dev.o)
 .debug_aranges
                0x0000000000000238       0x20 ../my_nios_bsp/\libhal_bsp.a(alt_dev_llist_insert.o)
 .debug_aranges
                0x0000000000000258       0x18 ../my_nios_bsp/\libhal_bsp.a(alt_errno.o)
 .debug_aranges
                0x0000000000000270       0x20 ../my_nios_bsp/\libhal_bsp.a(alt_icache_flush_all.o)
 .debug_aranges
                0x0000000000000290       0x20 ../my_nios_bsp/\libhal_bsp.a(alt_io_redirect.o)
 .debug_aranges
                0x00000000000002b0       0x20 ../my_nios_bsp/\libhal_bsp.a(alt_open.o)
 .debug_aranges
                0x00000000000002d0       0x20 ../my_nios_bsp/\libhal_bsp.a(alt_release_fd.o)
 .debug_aranges
                0x00000000000002f0       0x20 ../my_nios_bsp/\libhal_bsp.a(altera_nios2_gen2_irq.o)
 .debug_aranges
                0x0000000000000310       0x20 ../my_nios_bsp/\libhal_bsp.a(alt_find_dev.o)
 .debug_aranges
                0x0000000000000330       0x20 ../my_nios_bsp/\libhal_bsp.a(alt_find_file.o)
 .debug_aranges
                0x0000000000000350       0x20 ../my_nios_bsp/\libhal_bsp.a(alt_get_fd.o)
 .debug_aranges
                0x0000000000000370       0x20 d:/francisco/arquivos_de_programas/nios2eds/bin/gnu/h-x86_64-mingw32/bin/../lib/gcc/nios2-elf/4.9.1/../../../../../H-x86_64-mingw32/nios2-elf/lib/mno-hw-mul\libsmallc.a(lib_a-exit.o)
 .debug_aranges
                0x0000000000000390       0x20 d:/francisco/arquivos_de_programas/nios2eds/bin/gnu/h-x86_64-mingw32/bin/../lib/gcc/nios2-elf/4.9.1/../../../../../H-x86_64-mingw32/nios2-elf/lib/mno-hw-mul\libsmallc.a(lib_a-memcmp.o)
 .debug_aranges
                0x00000000000003b0       0x20 d:/francisco/arquivos_de_programas/nios2eds/bin/gnu/h-x86_64-mingw32/bin/../lib/gcc/nios2-elf/4.9.1/../../../../../H-x86_64-mingw32/nios2-elf/lib/mno-hw-mul\libsmallc.a(lib_a-__call_atexit.o)
 .debug_aranges
                0x00000000000003d0       0x20 d:/francisco/arquivos_de_programas/nios2eds/bin/gnu/h-x86_64-mingw32/bin/../lib/gcc/nios2-elf/4.9.1/mno-hw-mul\libgcc.a(lib2-mul.o)
 .debug_aranges
                0x00000000000003f0       0x20 ../my_nios_bsp/\libhal_bsp.a(alt_exit.o)

.debug_pubnames
 *(.debug_pubnames)

.debug_info     0x0000000000000000     0x5623
 *(.debug_info .gnu.linkonce.wi.*)
 .debug_info    0x0000000000000000       0x6d ../my_nios_bsp//obj/HAL/src/crt0.o
 .debug_info    0x000000000000006d       0xbc obj/default/hello_world.o
 .debug_info    0x0000000000000129      0x685 d:/francisco/arquivos_de_programas/nios2eds/bin/gnu/h-x86_64-mingw32/bin/../lib/gcc/nios2-elf/4.9.1/../../../../../H-x86_64-mingw32/nios2-elf/lib/mno-hw-mul\libsmallc.a(lib_a-puts.o)
 .debug_info    0x00000000000007ae       0xc2 d:/francisco/arquivos_de_programas/nios2eds/bin/gnu/h-x86_64-mingw32/bin/../lib/gcc/nios2-elf/4.9.1/../../../../../H-x86_64-mingw32/nios2-elf/lib/mno-hw-mul\libsmallc.a(lib_a-strlen.o)
 .debug_info    0x0000000000000870      0x656 d:/francisco/arquivos_de_programas/nios2eds/bin/gnu/h-x86_64-mingw32/bin/../lib/gcc/nios2-elf/4.9.1/../../../../../H-x86_64-mingw32/nios2-elf/lib/mno-hw-mul\libsmallc.a(lib_a-fvwrite_small_dev.o)
 .debug_info    0x0000000000000ec6      0x5a7 d:/francisco/arquivos_de_programas/nios2eds/bin/gnu/h-x86_64-mingw32/bin/../lib/gcc/nios2-elf/4.9.1/../../../../../H-x86_64-mingw32/nios2-elf/lib/mno-hw-mul\libsmallc.a(lib_a-impure.o)
 .debug_info    0x000000000000146d      0x639 d:/francisco/arquivos_de_programas/nios2eds/bin/gnu/h-x86_64-mingw32/bin/../lib/gcc/nios2-elf/4.9.1/../../../../../H-x86_64-mingw32/nios2-elf/lib/mno-hw-mul\libsmallc.a(lib_a-writer.o)
 .debug_info    0x0000000000001aa6       0x83 d:/francisco/arquivos_de_programas/nios2eds/bin/gnu/h-x86_64-mingw32/bin/../lib/gcc/nios2-elf/4.9.1/../../../../../H-x86_64-mingw32/nios2-elf/lib/mno-hw-mul\libsmallc.a(lib_a-int_errno.o)
 .debug_info    0x0000000000001b29      0x13e ../my_nios_bsp/\libhal_bsp.a(alt_load.o)
 .debug_info    0x0000000000001c67      0x12a ../my_nios_bsp/\libhal_bsp.a(alt_main.o)
 .debug_info    0x0000000000001d91      0x4b0 ../my_nios_bsp/\libhal_bsp.a(alt_write.o)
 .debug_info    0x0000000000002241      0x3c2 ../my_nios_bsp/\libhal_bsp.a(alt_sys_init.o)
 .debug_info    0x0000000000002603      0x3a0 ../my_nios_bsp/\libhal_bsp.a(altera_avalon_jtag_uart_fd.o)
 .debug_info    0x00000000000029a3      0x1af ../my_nios_bsp/\libhal_bsp.a(altera_avalon_jtag_uart_read.o)
 .debug_info    0x0000000000002b52      0x18e ../my_nios_bsp/\libhal_bsp.a(altera_avalon_jtag_uart_write.o)
 .debug_info    0x0000000000002ce0      0x31a ../my_nios_bsp/\libhal_bsp.a(alt_close.o)
 .debug_info    0x0000000000002ffa       0x8b ../my_nios_bsp/\libhal_bsp.a(alt_dcache_flush_all.o)
 .debug_info    0x0000000000003085      0x495 ../my_nios_bsp/\libhal_bsp.a(alt_dev.o)
 .debug_info    0x000000000000351a      0x1a2 ../my_nios_bsp/\libhal_bsp.a(alt_dev_llist_insert.o)
 .debug_info    0x00000000000036bc       0x9f ../my_nios_bsp/\libhal_bsp.a(alt_errno.o)
 .debug_info    0x000000000000375b       0x8b ../my_nios_bsp/\libhal_bsp.a(alt_icache_flush_all.o)
 .debug_info    0x00000000000037e6      0x49e ../my_nios_bsp/\libhal_bsp.a(alt_io_redirect.o)
 .debug_info    0x0000000000003c84      0x3b4 ../my_nios_bsp/\libhal_bsp.a(alt_open.o)
 .debug_info    0x0000000000004038      0x2b0 ../my_nios_bsp/\libhal_bsp.a(alt_release_fd.o)
 .debug_info    0x00000000000042e8       0x8b ../my_nios_bsp/\libhal_bsp.a(altera_nios2_gen2_irq.o)
 .debug_info    0x0000000000004373      0x2e2 ../my_nios_bsp/\libhal_bsp.a(alt_find_dev.o)
 .debug_info    0x0000000000004655      0x2df ../my_nios_bsp/\libhal_bsp.a(alt_find_file.o)
 .debug_info    0x0000000000004934      0x309 ../my_nios_bsp/\libhal_bsp.a(alt_get_fd.o)
 .debug_info    0x0000000000004c3d       0xed d:/francisco/arquivos_de_programas/nios2eds/bin/gnu/h-x86_64-mingw32/bin/../lib/gcc/nios2-elf/4.9.1/../../../../../H-x86_64-mingw32/nios2-elf/lib/mno-hw-mul\libsmallc.a(lib_a-exit.o)
 .debug_info    0x0000000000004d2a       0xed d:/francisco/arquivos_de_programas/nios2eds/bin/gnu/h-x86_64-mingw32/bin/../lib/gcc/nios2-elf/4.9.1/../../../../../H-x86_64-mingw32/nios2-elf/lib/mno-hw-mul\libsmallc.a(lib_a-memcmp.o)
 .debug_info    0x0000000000004e17      0x673 d:/francisco/arquivos_de_programas/nios2eds/bin/gnu/h-x86_64-mingw32/bin/../lib/gcc/nios2-elf/4.9.1/../../../../../H-x86_64-mingw32/nios2-elf/lib/mno-hw-mul\libsmallc.a(lib_a-__call_atexit.o)
 .debug_info    0x000000000000548a       0xb4 d:/francisco/arquivos_de_programas/nios2eds/bin/gnu/h-x86_64-mingw32/bin/../lib/gcc/nios2-elf/4.9.1/mno-hw-mul\libgcc.a(lib2-mul.o)
 .debug_info    0x000000000000553e       0xe5 ../my_nios_bsp/\libhal_bsp.a(alt_exit.o)

.debug_abbrev   0x0000000000000000     0x1cdf
 *(.debug_abbrev)
 .debug_abbrev  0x0000000000000000       0x12 ../my_nios_bsp//obj/HAL/src/crt0.o
 .debug_abbrev  0x0000000000000012       0x76 obj/default/hello_world.o
 .debug_abbrev  0x0000000000000088      0x1ed d:/francisco/arquivos_de_programas/nios2eds/bin/gnu/h-x86_64-mingw32/bin/../lib/gcc/nios2-elf/4.9.1/../../../../../H-x86_64-mingw32/nios2-elf/lib/mno-hw-mul\libsmallc.a(lib_a-puts.o)
 .debug_abbrev  0x0000000000000275       0x7f d:/francisco/arquivos_de_programas/nios2eds/bin/gnu/h-x86_64-mingw32/bin/../lib/gcc/nios2-elf/4.9.1/../../../../../H-x86_64-mingw32/nios2-elf/lib/mno-hw-mul\libsmallc.a(lib_a-strlen.o)
 .debug_abbrev  0x00000000000002f4      0x1c3 d:/francisco/arquivos_de_programas/nios2eds/bin/gnu/h-x86_64-mingw32/bin/../lib/gcc/nios2-elf/4.9.1/../../../../../H-x86_64-mingw32/nios2-elf/lib/mno-hw-mul\libsmallc.a(lib_a-fvwrite_small_dev.o)
 .debug_abbrev  0x00000000000004b7      0x14a d:/francisco/arquivos_de_programas/nios2eds/bin/gnu/h-x86_64-mingw32/bin/../lib/gcc/nios2-elf/4.9.1/../../../../../H-x86_64-mingw32/nios2-elf/lib/mno-hw-mul\libsmallc.a(lib_a-impure.o)
 .debug_abbrev  0x0000000000000601      0x1a8 d:/francisco/arquivos_de_programas/nios2eds/bin/gnu/h-x86_64-mingw32/bin/../lib/gcc/nios2-elf/4.9.1/../../../../../H-x86_64-mingw32/nios2-elf/lib/mno-hw-mul\libsmallc.a(lib_a-writer.o)
 .debug_abbrev  0x00000000000007a9       0x37 d:/francisco/arquivos_de_programas/nios2eds/bin/gnu/h-x86_64-mingw32/bin/../lib/gcc/nios2-elf/4.9.1/../../../../../H-x86_64-mingw32/nios2-elf/lib/mno-hw-mul\libsmallc.a(lib_a-int_errno.o)
 .debug_abbrev  0x00000000000007e0       0x9f ../my_nios_bsp/\libhal_bsp.a(alt_load.o)
 .debug_abbrev  0x000000000000087f       0xba ../my_nios_bsp/\libhal_bsp.a(alt_main.o)
 .debug_abbrev  0x0000000000000939      0x133 ../my_nios_bsp/\libhal_bsp.a(alt_write.o)
 .debug_abbrev  0x0000000000000a6c      0x157 ../my_nios_bsp/\libhal_bsp.a(alt_sys_init.o)
 .debug_abbrev  0x0000000000000bc3       0xf7 ../my_nios_bsp/\libhal_bsp.a(altera_avalon_jtag_uart_fd.o)
 .debug_abbrev  0x0000000000000cba       0xd7 ../my_nios_bsp/\libhal_bsp.a(altera_avalon_jtag_uart_read.o)
 .debug_abbrev  0x0000000000000d91       0xd5 ../my_nios_bsp/\libhal_bsp.a(altera_avalon_jtag_uart_write.o)
 .debug_abbrev  0x0000000000000e66      0x11f ../my_nios_bsp/\libhal_bsp.a(alt_close.o)
 .debug_abbrev  0x0000000000000f85       0x42 ../my_nios_bsp/\libhal_bsp.a(alt_dcache_flush_all.o)
 .debug_abbrev  0x0000000000000fc7       0xd9 ../my_nios_bsp/\libhal_bsp.a(alt_dev.o)
 .debug_abbrev  0x00000000000010a0      0x114 ../my_nios_bsp/\libhal_bsp.a(alt_dev_llist_insert.o)
 .debug_abbrev  0x00000000000011b4       0x5a ../my_nios_bsp/\libhal_bsp.a(alt_errno.o)
 .debug_abbrev  0x000000000000120e       0x42 ../my_nios_bsp/\libhal_bsp.a(alt_icache_flush_all.o)
 .debug_abbrev  0x0000000000001250      0x114 ../my_nios_bsp/\libhal_bsp.a(alt_io_redirect.o)
 .debug_abbrev  0x0000000000001364      0x148 ../my_nios_bsp/\libhal_bsp.a(alt_open.o)
 .debug_abbrev  0x00000000000014ac       0xde ../my_nios_bsp/\libhal_bsp.a(alt_release_fd.o)
 .debug_abbrev  0x000000000000158a       0x42 ../my_nios_bsp/\libhal_bsp.a(altera_nios2_gen2_irq.o)
 .debug_abbrev  0x00000000000015cc       0xf0 ../my_nios_bsp/\libhal_bsp.a(alt_find_dev.o)
 .debug_abbrev  0x00000000000016bc       0xf0 ../my_nios_bsp/\libhal_bsp.a(alt_find_file.o)
 .debug_abbrev  0x00000000000017ac      0x10d ../my_nios_bsp/\libhal_bsp.a(alt_get_fd.o)
 .debug_abbrev  0x00000000000018b9       0xa9 d:/francisco/arquivos_de_programas/nios2eds/bin/gnu/h-x86_64-mingw32/bin/../lib/gcc/nios2-elf/4.9.1/../../../../../H-x86_64-mingw32/nios2-elf/lib/mno-hw-mul\libsmallc.a(lib_a-exit.o)
 .debug_abbrev  0x0000000000001962       0x7f d:/francisco/arquivos_de_programas/nios2eds/bin/gnu/h-x86_64-mingw32/bin/../lib/gcc/nios2-elf/4.9.1/../../../../../H-x86_64-mingw32/nios2-elf/lib/mno-hw-mul\libsmallc.a(lib_a-memcmp.o)
 .debug_abbrev  0x00000000000019e1      0x1e9 d:/francisco/arquivos_de_programas/nios2eds/bin/gnu/h-x86_64-mingw32/bin/../lib/gcc/nios2-elf/4.9.1/../../../../../H-x86_64-mingw32/nios2-elf/lib/mno-hw-mul\libsmallc.a(lib_a-__call_atexit.o)
 .debug_abbrev  0x0000000000001bca       0x6f d:/francisco/arquivos_de_programas/nios2eds/bin/gnu/h-x86_64-mingw32/bin/../lib/gcc/nios2-elf/4.9.1/mno-hw-mul\libgcc.a(lib2-mul.o)
 .debug_abbrev  0x0000000000001c39       0xa6 ../my_nios_bsp/\libhal_bsp.a(alt_exit.o)

.debug_line     0x0000000000000000     0x2139
 *(.debug_line)
 .debug_line    0x0000000000000000       0x66 ../my_nios_bsp//obj/HAL/src/crt0.o
 .debug_line    0x0000000000000066       0x8b obj/default/hello_world.o
 .debug_line    0x00000000000000f1      0x1ff d:/francisco/arquivos_de_programas/nios2eds/bin/gnu/h-x86_64-mingw32/bin/../lib/gcc/nios2-elf/4.9.1/../../../../../H-x86_64-mingw32/nios2-elf/lib/mno-hw-mul\libsmallc.a(lib_a-puts.o)
 .debug_line    0x00000000000002f0      0x15e d:/francisco/arquivos_de_programas/nios2eds/bin/gnu/h-x86_64-mingw32/bin/../lib/gcc/nios2-elf/4.9.1/../../../../../H-x86_64-mingw32/nios2-elf/lib/mno-hw-mul\libsmallc.a(lib_a-strlen.o)
 .debug_line    0x000000000000044e      0x1f5 d:/francisco/arquivos_de_programas/nios2eds/bin/gnu/h-x86_64-mingw32/bin/../lib/gcc/nios2-elf/4.9.1/../../../../../H-x86_64-mingw32/nios2-elf/lib/mno-hw-mul\libsmallc.a(lib_a-fvwrite_small_dev.o)
 .debug_line    0x0000000000000643      0x158 d:/francisco/arquivos_de_programas/nios2eds/bin/gnu/h-x86_64-mingw32/bin/../lib/gcc/nios2-elf/4.9.1/../../../../../H-x86_64-mingw32/nios2-elf/lib/mno-hw-mul\libsmallc.a(lib_a-impure.o)
 .debug_line    0x000000000000079b      0x1f0 d:/francisco/arquivos_de_programas/nios2eds/bin/gnu/h-x86_64-mingw32/bin/../lib/gcc/nios2-elf/4.9.1/../../../../../H-x86_64-mingw32/nios2-elf/lib/mno-hw-mul\libsmallc.a(lib_a-writer.o)
 .debug_line    0x000000000000098b       0x60 d:/francisco/arquivos_de_programas/nios2eds/bin/gnu/h-x86_64-mingw32/bin/../lib/gcc/nios2-elf/4.9.1/../../../../../H-x86_64-mingw32/nios2-elf/lib/mno-hw-mul\libsmallc.a(lib_a-int_errno.o)
 .debug_line    0x00000000000009eb       0x8d ../my_nios_bsp/\libhal_bsp.a(alt_load.o)
 .debug_line    0x0000000000000a78       0x9e ../my_nios_bsp/\libhal_bsp.a(alt_main.o)
 .debug_line    0x0000000000000b16      0x1f4 ../my_nios_bsp/\libhal_bsp.a(alt_write.o)
 .debug_line    0x0000000000000d0a      0x127 ../my_nios_bsp/\libhal_bsp.a(alt_sys_init.o)
 .debug_line    0x0000000000000e31      0x112 ../my_nios_bsp/\libhal_bsp.a(altera_avalon_jtag_uart_fd.o)
 .debug_line    0x0000000000000f43       0xff ../my_nios_bsp/\libhal_bsp.a(altera_avalon_jtag_uart_read.o)
 .debug_line    0x0000000000001042       0xf4 ../my_nios_bsp/\libhal_bsp.a(altera_avalon_jtag_uart_write.o)
 .debug_line    0x0000000000001136      0x172 ../my_nios_bsp/\libhal_bsp.a(alt_close.o)
 .debug_line    0x00000000000012a8       0x51 ../my_nios_bsp/\libhal_bsp.a(alt_dcache_flush_all.o)
 .debug_line    0x00000000000012f9      0x104 ../my_nios_bsp/\libhal_bsp.a(alt_dev.o)
 .debug_line    0x00000000000013fd       0xd0 ../my_nios_bsp/\libhal_bsp.a(alt_dev_llist_insert.o)
 .debug_line    0x00000000000014cd       0x51 ../my_nios_bsp/\libhal_bsp.a(alt_errno.o)
 .debug_line    0x000000000000151e       0x4f ../my_nios_bsp/\libhal_bsp.a(alt_icache_flush_all.o)
 .debug_line    0x000000000000156d      0x141 ../my_nios_bsp/\libhal_bsp.a(alt_io_redirect.o)
 .debug_line    0x00000000000016ae      0x12d ../my_nios_bsp/\libhal_bsp.a(alt_open.o)
 .debug_line    0x00000000000017db       0xb0 ../my_nios_bsp/\libhal_bsp.a(alt_release_fd.o)
 .debug_line    0x000000000000188b       0x51 ../my_nios_bsp/\libhal_bsp.a(altera_nios2_gen2_irq.o)
 .debug_line    0x00000000000018dc       0xb5 ../my_nios_bsp/\libhal_bsp.a(alt_find_dev.o)
 .debug_line    0x0000000000001991       0xd1 ../my_nios_bsp/\libhal_bsp.a(alt_find_file.o)
 .debug_line    0x0000000000001a62       0xd8 ../my_nios_bsp/\libhal_bsp.a(alt_get_fd.o)
 .debug_line    0x0000000000001b3a      0x15a d:/francisco/arquivos_de_programas/nios2eds/bin/gnu/h-x86_64-mingw32/bin/../lib/gcc/nios2-elf/4.9.1/../../../../../H-x86_64-mingw32/nios2-elf/lib/mno-hw-mul\libsmallc.a(lib_a-exit.o)
 .debug_line    0x0000000000001c94      0x162 d:/francisco/arquivos_de_programas/nios2eds/bin/gnu/h-x86_64-mingw32/bin/../lib/gcc/nios2-elf/4.9.1/../../../../../H-x86_64-mingw32/nios2-elf/lib/mno-hw-mul\libsmallc.a(lib_a-memcmp.o)
 .debug_line    0x0000000000001df6      0x252 d:/francisco/arquivos_de_programas/nios2eds/bin/gnu/h-x86_64-mingw32/bin/../lib/gcc/nios2-elf/4.9.1/../../../../../H-x86_64-mingw32/nios2-elf/lib/mno-hw-mul\libsmallc.a(lib_a-__call_atexit.o)
 .debug_line    0x0000000000002048       0x80 d:/francisco/arquivos_de_programas/nios2eds/bin/gnu/h-x86_64-mingw32/bin/../lib/gcc/nios2-elf/4.9.1/mno-hw-mul\libgcc.a(lib2-mul.o)
 .debug_line    0x00000000000020c8       0x71 ../my_nios_bsp/\libhal_bsp.a(alt_exit.o)

.debug_frame    0x0000000000000000      0x7b8
 *(.debug_frame)
 .debug_frame   0x0000000000000000       0x50 obj/default/hello_world.o
 .debug_frame   0x0000000000000050       0x48 d:/francisco/arquivos_de_programas/nios2eds/bin/gnu/h-x86_64-mingw32/bin/../lib/gcc/nios2-elf/4.9.1/../../../../../H-x86_64-mingw32/nios2-elf/lib/mno-hw-mul\libsmallc.a(lib_a-puts.o)
 .debug_frame   0x0000000000000098       0x20 d:/francisco/arquivos_de_programas/nios2eds/bin/gnu/h-x86_64-mingw32/bin/../lib/gcc/nios2-elf/4.9.1/../../../../../H-x86_64-mingw32/nios2-elf/lib/mno-hw-mul\libsmallc.a(lib_a-strlen.o)
 .debug_frame   0x00000000000000b8       0x40 d:/francisco/arquivos_de_programas/nios2eds/bin/gnu/h-x86_64-mingw32/bin/../lib/gcc/nios2-elf/4.9.1/../../../../../H-x86_64-mingw32/nios2-elf/lib/mno-hw-mul\libsmallc.a(lib_a-fvwrite_small_dev.o)
 .debug_frame   0x00000000000000f8       0x38 d:/francisco/arquivos_de_programas/nios2eds/bin/gnu/h-x86_64-mingw32/bin/../lib/gcc/nios2-elf/4.9.1/../../../../../H-x86_64-mingw32/nios2-elf/lib/mno-hw-mul\libsmallc.a(lib_a-writer.o)
 .debug_frame   0x0000000000000130       0x5c ../my_nios_bsp/\libhal_bsp.a(alt_load.o)
 .debug_frame   0x000000000000018c       0x2c ../my_nios_bsp/\libhal_bsp.a(alt_main.o)
 .debug_frame   0x00000000000001b8       0x60 ../my_nios_bsp/\libhal_bsp.a(alt_write.o)
 .debug_frame   0x0000000000000218       0x88 ../my_nios_bsp/\libhal_bsp.a(alt_sys_init.o)
 .debug_frame   0x00000000000002a0       0x60 ../my_nios_bsp/\libhal_bsp.a(altera_avalon_jtag_uart_fd.o)
 .debug_frame   0x0000000000000300       0x34 ../my_nios_bsp/\libhal_bsp.a(altera_avalon_jtag_uart_read.o)
 .debug_frame   0x0000000000000334       0x34 ../my_nios_bsp/\libhal_bsp.a(altera_avalon_jtag_uart_write.o)
 .debug_frame   0x0000000000000368       0x60 ../my_nios_bsp/\libhal_bsp.a(alt_close.o)
 .debug_frame   0x00000000000003c8       0x34 ../my_nios_bsp/\libhal_bsp.a(alt_dcache_flush_all.o)
 .debug_frame   0x00000000000003fc       0x34 ../my_nios_bsp/\libhal_bsp.a(alt_dev.o)
 .debug_frame   0x0000000000000430       0x60 ../my_nios_bsp/\libhal_bsp.a(alt_dev_llist_insert.o)
 .debug_frame   0x0000000000000490       0x34 ../my_nios_bsp/\libhal_bsp.a(alt_icache_flush_all.o)
 .debug_frame   0x00000000000004c4       0x64 ../my_nios_bsp/\libhal_bsp.a(alt_io_redirect.o)
 .debug_frame   0x0000000000000528       0x8c ../my_nios_bsp/\libhal_bsp.a(alt_open.o)
 .debug_frame   0x00000000000005b4       0x3c ../my_nios_bsp/\libhal_bsp.a(alt_release_fd.o)
 .debug_frame   0x00000000000005f0       0x34 ../my_nios_bsp/\libhal_bsp.a(altera_nios2_gen2_irq.o)
 .debug_frame   0x0000000000000624       0x38 ../my_nios_bsp/\libhal_bsp.a(alt_find_dev.o)
 .debug_frame   0x000000000000065c       0x38 ../my_nios_bsp/\libhal_bsp.a(alt_find_file.o)
 .debug_frame   0x0000000000000694       0x3c ../my_nios_bsp/\libhal_bsp.a(alt_get_fd.o)
 .debug_frame   0x00000000000006d0       0x28 d:/francisco/arquivos_de_programas/nios2eds/bin/gnu/h-x86_64-mingw32/bin/../lib/gcc/nios2-elf/4.9.1/../../../../../H-x86_64-mingw32/nios2-elf/lib/mno-hw-mul\libsmallc.a(lib_a-exit.o)
 .debug_frame   0x00000000000006f8       0x20 d:/francisco/arquivos_de_programas/nios2eds/bin/gnu/h-x86_64-mingw32/bin/../lib/gcc/nios2-elf/4.9.1/../../../../../H-x86_64-mingw32/nios2-elf/lib/mno-hw-mul\libsmallc.a(lib_a-memcmp.o)
 .debug_frame   0x0000000000000718       0x54 d:/francisco/arquivos_de_programas/nios2eds/bin/gnu/h-x86_64-mingw32/bin/../lib/gcc/nios2-elf/4.9.1/../../../../../H-x86_64-mingw32/nios2-elf/lib/mno-hw-mul\libsmallc.a(lib_a-__call_atexit.o)
 .debug_frame   0x000000000000076c       0x20 d:/francisco/arquivos_de_programas/nios2eds/bin/gnu/h-x86_64-mingw32/bin/../lib/gcc/nios2-elf/4.9.1/mno-hw-mul\libgcc.a(lib2-mul.o)
 .debug_frame   0x000000000000078c       0x2c ../my_nios_bsp/\libhal_bsp.a(alt_exit.o)

.debug_str      0x0000000000000000     0x11f4
 *(.debug_str)
 .debug_str     0x0000000000000000       0xed obj/default/hello_world.o
                                        0x12b (size before relaxing)
 .debug_str     0x00000000000000ed      0x3cb d:/francisco/arquivos_de_programas/nios2eds/bin/gnu/h-x86_64-mingw32/bin/../lib/gcc/nios2-elf/4.9.1/../../../../../H-x86_64-mingw32/nios2-elf/lib/mno-hw-mul\libsmallc.a(lib_a-puts.o)
                                        0x491 (size before relaxing)
 .debug_str     0x00000000000004b8       0xd3 d:/francisco/arquivos_de_programas/nios2eds/bin/gnu/h-x86_64-mingw32/bin/../lib/gcc/nios2-elf/4.9.1/../../../../../H-x86_64-mingw32/nios2-elf/lib/mno-hw-mul\libsmallc.a(lib_a-strlen.o)
                                        0x1a9 (size before relaxing)
 .debug_str     0x000000000000058b       0x6d d:/francisco/arquivos_de_programas/nios2eds/bin/gnu/h-x86_64-mingw32/bin/../lib/gcc/nios2-elf/4.9.1/../../../../../H-x86_64-mingw32/nios2-elf/lib/mno-hw-mul\libsmallc.a(lib_a-fvwrite_small_dev.o)
                                        0x4a8 (size before relaxing)
 .debug_str     0x00000000000005f8       0xf0 d:/francisco/arquivos_de_programas/nios2eds/bin/gnu/h-x86_64-mingw32/bin/../lib/gcc/nios2-elf/4.9.1/../../../../../H-x86_64-mingw32/nios2-elf/lib/mno-hw-mul\libsmallc.a(lib_a-impure.o)
                                        0x482 (size before relaxing)
 .debug_str     0x00000000000006e8       0x3d d:/francisco/arquivos_de_programas/nios2eds/bin/gnu/h-x86_64-mingw32/bin/../lib/gcc/nios2-elf/4.9.1/../../../../../H-x86_64-mingw32/nios2-elf/lib/mno-hw-mul\libsmallc.a(lib_a-writer.o)
                                        0x47c (size before relaxing)
 .debug_str     0x0000000000000725       0x40 d:/francisco/arquivos_de_programas/nios2eds/bin/gnu/h-x86_64-mingw32/bin/../lib/gcc/nios2-elf/4.9.1/../../../../../H-x86_64-mingw32/nios2-elf/lib/mno-hw-mul\libsmallc.a(lib_a-int_errno.o)
                                        0x19c (size before relaxing)
 .debug_str     0x0000000000000765      0x12a ../my_nios_bsp/\libhal_bsp.a(alt_load.o)
                                        0x1f4 (size before relaxing)
 .debug_str     0x000000000000088f       0x70 ../my_nios_bsp/\libhal_bsp.a(alt_main.o)
                                        0x17f (size before relaxing)
 .debug_str     0x00000000000008ff      0x15f ../my_nios_bsp/\libhal_bsp.a(alt_write.o)
                                        0x2da (size before relaxing)
 .debug_str     0x0000000000000a5e      0x103 ../my_nios_bsp/\libhal_bsp.a(alt_sys_init.o)
                                        0x2b4 (size before relaxing)
 .debug_str     0x0000000000000b61       0x77 ../my_nios_bsp/\libhal_bsp.a(altera_avalon_jtag_uart_fd.o)
                                        0x2b7 (size before relaxing)
 .debug_str     0x0000000000000bd8       0x48 ../my_nios_bsp/\libhal_bsp.a(altera_avalon_jtag_uart_read.o)
                                        0x201 (size before relaxing)
 .debug_str     0x0000000000000c20       0x4a ../my_nios_bsp/\libhal_bsp.a(altera_avalon_jtag_uart_write.o)
                                        0x1f7 (size before relaxing)
 .debug_str     0x0000000000000c6a       0x1b ../my_nios_bsp/\libhal_bsp.a(alt_close.o)
                                        0x1ed (size before relaxing)
 .debug_str     0x0000000000000c85       0x34 ../my_nios_bsp/\libhal_bsp.a(alt_dcache_flush_all.o)
                                        0x137 (size before relaxing)
 .debug_str     0x0000000000000cb9       0x50 ../my_nios_bsp/\libhal_bsp.a(alt_dev.o)
                                        0x2e7 (size before relaxing)
 .debug_str     0x0000000000000d09       0x4b ../my_nios_bsp/\libhal_bsp.a(alt_dev_llist_insert.o)
                                        0x1ae (size before relaxing)
 .debug_str     0x0000000000000d54       0x14 ../my_nios_bsp/\libhal_bsp.a(alt_errno.o)
                                        0x127 (size before relaxing)
 .debug_str     0x0000000000000d68       0x34 ../my_nios_bsp/\libhal_bsp.a(alt_icache_flush_all.o)
                                        0x137 (size before relaxing)
 .debug_str     0x0000000000000d9c       0x56 ../my_nios_bsp/\libhal_bsp.a(alt_io_redirect.o)
                                        0x2f8 (size before relaxing)
 .debug_str     0x0000000000000df2       0x36 ../my_nios_bsp/\libhal_bsp.a(alt_open.o)
                                        0x22d (size before relaxing)
 .debug_str     0x0000000000000e28       0x28 ../my_nios_bsp/\libhal_bsp.a(alt_release_fd.o)
                                        0x1c1 (size before relaxing)
 .debug_str     0x0000000000000e50       0x3b ../my_nios_bsp/\libhal_bsp.a(altera_nios2_gen2_irq.o)
                                        0x13e (size before relaxing)
 .debug_str     0x0000000000000e8b       0x24 ../my_nios_bsp/\libhal_bsp.a(alt_find_dev.o)
                                        0x1ce (size before relaxing)
 .debug_str     0x0000000000000eaf       0x26 ../my_nios_bsp/\libhal_bsp.a(alt_find_file.o)
                                        0x1dc (size before relaxing)
 .debug_str     0x0000000000000ed5       0x30 ../my_nios_bsp/\libhal_bsp.a(alt_get_fd.o)
                                        0x1fe (size before relaxing)
 .debug_str     0x0000000000000f05       0xe2 d:/francisco/arquivos_de_programas/nios2eds/bin/gnu/h-x86_64-mingw32/bin/../lib/gcc/nios2-elf/4.9.1/../../../../../H-x86_64-mingw32/nios2-elf/lib/mno-hw-mul\libsmallc.a(lib_a-exit.o)
                                        0x1b4 (size before relaxing)
 .debug_str     0x0000000000000fe7       0x45 d:/francisco/arquivos_de_programas/nios2eds/bin/gnu/h-x86_64-mingw32/bin/../lib/gcc/nios2-elf/4.9.1/../../../../../H-x86_64-mingw32/nios2-elf/lib/mno-hw-mul\libsmallc.a(lib_a-memcmp.o)
                                        0x1a3 (size before relaxing)
 .debug_str     0x000000000000102c       0x58 d:/francisco/arquivos_de_programas/nios2eds/bin/gnu/h-x86_64-mingw32/bin/../lib/gcc/nios2-elf/4.9.1/../../../../../H-x86_64-mingw32/nios2-elf/lib/mno-hw-mul\libsmallc.a(lib_a-__call_atexit.o)
                                        0x4a1 (size before relaxing)
 .debug_str     0x0000000000001084      0x146 d:/francisco/arquivos_de_programas/nios2eds/bin/gnu/h-x86_64-mingw32/bin/../lib/gcc/nios2-elf/4.9.1/mno-hw-mul\libgcc.a(lib2-mul.o)
                                        0x191 (size before relaxing)
 .debug_str     0x00000000000011ca       0x2a ../my_nios_bsp/\libhal_bsp.a(alt_exit.o)
                                        0x133 (size before relaxing)

.debug_loc      0x0000000000000000      0x461
 *(.debug_loc)
 .debug_loc     0x0000000000000000       0x97 d:/francisco/arquivos_de_programas/nios2eds/bin/gnu/h-x86_64-mingw32/bin/../lib/gcc/nios2-elf/4.9.1/../../../../../H-x86_64-mingw32/nios2-elf/lib/mno-hw-mul\libsmallc.a(lib_a-puts.o)
 .debug_loc     0x0000000000000097       0x1e d:/francisco/arquivos_de_programas/nios2eds/bin/gnu/h-x86_64-mingw32/bin/../lib/gcc/nios2-elf/4.9.1/../../../../../H-x86_64-mingw32/nios2-elf/lib/mno-hw-mul\libsmallc.a(lib_a-strlen.o)
 .debug_loc     0x00000000000000b5       0xbd d:/francisco/arquivos_de_programas/nios2eds/bin/gnu/h-x86_64-mingw32/bin/../lib/gcc/nios2-elf/4.9.1/../../../../../H-x86_64-mingw32/nios2-elf/lib/mno-hw-mul\libsmallc.a(lib_a-fvwrite_small_dev.o)
 .debug_loc     0x0000000000000172       0xa5 d:/francisco/arquivos_de_programas/nios2eds/bin/gnu/h-x86_64-mingw32/bin/../lib/gcc/nios2-elf/4.9.1/../../../../../H-x86_64-mingw32/nios2-elf/lib/mno-hw-mul\libsmallc.a(lib_a-writer.o)
 .debug_loc     0x0000000000000217       0x1e d:/francisco/arquivos_de_programas/nios2eds/bin/gnu/h-x86_64-mingw32/bin/../lib/gcc/nios2-elf/4.9.1/../../../../../H-x86_64-mingw32/nios2-elf/lib/mno-hw-mul\libsmallc.a(lib_a-exit.o)
 .debug_loc     0x0000000000000235       0x94 d:/francisco/arquivos_de_programas/nios2eds/bin/gnu/h-x86_64-mingw32/bin/../lib/gcc/nios2-elf/4.9.1/../../../../../H-x86_64-mingw32/nios2-elf/lib/mno-hw-mul\libsmallc.a(lib_a-memcmp.o)
 .debug_loc     0x00000000000002c9      0x105 d:/francisco/arquivos_de_programas/nios2eds/bin/gnu/h-x86_64-mingw32/bin/../lib/gcc/nios2-elf/4.9.1/../../../../../H-x86_64-mingw32/nios2-elf/lib/mno-hw-mul\libsmallc.a(lib_a-__call_atexit.o)
 .debug_loc     0x00000000000003ce       0x93 d:/francisco/arquivos_de_programas/nios2eds/bin/gnu/h-x86_64-mingw32/bin/../lib/gcc/nios2-elf/4.9.1/mno-hw-mul\libgcc.a(lib2-mul.o)

.debug_macinfo
 *(.debug_macinfo)

.debug_weaknames
 *(.debug_weaknames)

.debug_funcnames
 *(.debug_funcnames)

.debug_typenames
 *(.debug_typenames)

.debug_varnames
 *(.debug_varnames)

.debug_alt_sim_info
                0x0000000000000000       0x10
 *(.debug_alt_sim_info)
 .debug_alt_sim_info
                0x0000000000000000       0x10 ../my_nios_bsp//obj/HAL/src/crt0.o
                0x000000000000d000                __alt_data_end = 0xd000
                0x000000000000d000                PROVIDE (__alt_stack_pointer, __alt_data_end)
                0x00000000000099e4                PROVIDE (__alt_stack_limit, __alt_stack_base)
                0x00000000000099e4                PROVIDE (__alt_heap_start, end)
                0x000000000000d000                PROVIDE (__alt_heap_limit, 0xd000)
OUTPUT(my_nios.elf elf32-littlenios2)

.debug_ranges   0x0000000000000000       0x38
 .debug_ranges  0x0000000000000000       0x20 ../my_nios_bsp//obj/HAL/src/crt0.o
 .debug_ranges  0x0000000000000020       0x18 d:/francisco/arquivos_de_programas/nios2eds/bin/gnu/h-x86_64-mingw32/bin/../lib/gcc/nios2-elf/4.9.1/../../../../../H-x86_64-mingw32/nios2-elf/lib/mno-hw-mul\libsmallc.a(lib_a-fvwrite_small_dev.o)
