Archive member included to satisfy reference by file (symbol)

../DE0_nano_program_bsp/\libhal_bsp.a(alt_load.o)
                              ../DE0_nano_program_bsp//obj/HAL/src/crt0.o (alt_load)
../DE0_nano_program_bsp/\libhal_bsp.a(alt_main.o)
                              ../DE0_nano_program_bsp//obj/HAL/src/crt0.o (alt_main)
../DE0_nano_program_bsp/\libhal_bsp.a(alt_putstr.o)
                              obj/default/hello_world_small.o (alt_putstr)
../DE0_nano_program_bsp/\libhal_bsp.a(alt_sys_init.o)
                              ../DE0_nano_program_bsp/\libhal_bsp.a(alt_main.o) (alt_irq_init)
../DE0_nano_program_bsp/\libhal_bsp.a(altera_avalon_jtag_uart_write.o)
                              ../DE0_nano_program_bsp/\libhal_bsp.a(alt_putstr.o) (altera_avalon_jtag_uart_write)
../DE0_nano_program_bsp/\libhal_bsp.a(alt_dcache_flush_all.o)
                              ../DE0_nano_program_bsp/\libhal_bsp.a(alt_load.o) (alt_dcache_flush_all)
../DE0_nano_program_bsp/\libhal_bsp.a(alt_icache_flush_all.o)
                              ../DE0_nano_program_bsp/\libhal_bsp.a(alt_load.o) (alt_icache_flush_all)
../DE0_nano_program_bsp/\libhal_bsp.a(altera_nios2_gen2_irq.o)
                              ../DE0_nano_program_bsp/\libhal_bsp.a(alt_sys_init.o) (altera_nios2_gen2_irq_init)
c:/altera/15.0/nios2eds/bin/gnu/h-x86_64-mingw32/bin/../lib/gcc/nios2-elf/4.9.1/../../../../../H-x86_64-mingw32/nios2-elf/lib/mno-hw-mul\libsmallc.a(lib_a-strlen.o)
                              ../DE0_nano_program_bsp/\libhal_bsp.a(alt_putstr.o) (strlen)

Memory Configuration

Name             Origin             Length             Attributes
reset            0x0000000000010000 0x0000000000000020
onchip_memory2_0 0x0000000000010020 0x0000000000008be0
*default*        0x0000000000000000 0xffffffffffffffff

Linker script and memory map

LOAD ../DE0_nano_program_bsp//obj/HAL/src/crt0.o
LOAD obj/default/hello_world_small.o
LOAD c:/altera/15.0/nios2eds/bin/gnu/h-x86_64-mingw32/bin/../lib/gcc/nios2-elf/4.9.1/../../../../../H-x86_64-mingw32/nios2-elf/lib/mno-hw-mul\libstdc++.a
LOAD c:/altera/15.0/nios2eds/bin/gnu/h-x86_64-mingw32/bin/../lib/gcc/nios2-elf/4.9.1/../../../../../H-x86_64-mingw32/nios2-elf/lib/mno-hw-mul\libm.a
LOAD c:/altera/15.0/nios2eds/bin/gnu/h-x86_64-mingw32/bin/../lib/gcc/nios2-elf/4.9.1/mno-hw-mul\libgcc.a
START GROUP
LOAD c:/altera/15.0/nios2eds/bin/gnu/h-x86_64-mingw32/bin/../lib/gcc/nios2-elf/4.9.1/../../../../../H-x86_64-mingw32/nios2-elf/lib/mno-hw-mul\libsmallc.a
LOAD c:/altera/15.0/nios2eds/bin/gnu/h-x86_64-mingw32/bin/../lib/gcc/nios2-elf/4.9.1/mno-hw-mul\libgcc.a
LOAD ../DE0_nano_program_bsp/\libhal_bsp.a
LOAD c:/altera/15.0/nios2eds/bin/gnu/h-x86_64-mingw32/bin/../lib/gcc/nios2-elf/4.9.1/../../../../../H-x86_64-mingw32/nios2-elf/lib/mno-hw-mul\libm.a
END GROUP
LOAD c:/altera/15.0/nios2eds/bin/gnu/h-x86_64-mingw32/bin/../lib/gcc/nios2-elf/4.9.1/mno-hw-mul\libgcc.a
                0x0000000000010000                __alt_mem_onchip_memory2_0 = 0x10000

.entry          0x0000000000010000       0x20
 *(.entry)
 .entry         0x0000000000010000       0x20 ../DE0_nano_program_bsp//obj/HAL/src/crt0.o
                0x0000000000010000                __reset
                0x000000000001000c                _exit

.exceptions     0x0000000000010020        0x0
                0x0000000000010020                PROVIDE (__ram_exceptions_start, ABSOLUTE (.))
                0x0000000000010020                . = ALIGN (0x20)
 *(.irq)
 *(.exceptions.entry.label)
 *(.exceptions.entry.user)
 *(.exceptions.entry.ecc_fatal)
 *(.exceptions.entry)
 *(.exceptions.irqtest.user)
 *(.exceptions.irqtest)
 *(.exceptions.irqhandler.user)
 *(.exceptions.irqhandler)
 *(.exceptions.irqreturn.user)
 *(.exceptions.irqreturn)
 *(.exceptions.notirq.label)
 *(.exceptions.notirq.user)
 *(.exceptions.notirq)
 *(.exceptions.soft.user)
 *(.exceptions.soft)
 *(.exceptions.unknown.user)
 *(.exceptions.unknown)
 *(.exceptions.exit.label)
 *(.exceptions.exit.user)
 *(.exceptions.exit)
 *(.exceptions)
                0x0000000000010020                PROVIDE (__ram_exceptions_end, ABSOLUTE (.))
                0x0000000000010020                PROVIDE (__flash_exceptions_start, LOADADDR (.exceptions))

.text           0x0000000000010020      0x234
                0x0000000000010020                PROVIDE (stext, ABSOLUTE (.))
 *(.interp)
 *(.hash)
 *(.dynsym)
 *(.dynstr)
 *(.gnu.version)
 *(.gnu.version_d)
 *(.gnu.version_r)
 *(.rel.init)
 *(.rela.init)
 *(.rel.text .rel.text.* .rel.gnu.linkonce.t.*)
 *(.rela.text .rela.text.* .rela.gnu.linkonce.t.*)
 *(.rel.fini)
 *(.rela.fini)
 *(.rel.rodata .rel.rodata.* .rel.gnu.linkonce.r.*)
 *(.rela.rodata .rela.rodata.* .rela.gnu.linkonce.r.*)
 *(.rel.data .rel.data.* .rel.gnu.linkonce.d.*)
 *(.rela.data .rela.data.* .rela.gnu.linkonce.d.*)
 *(.rel.tdata .rel.tdata.* .rel.gnu.linkonce.td.*)
 *(.rela.tdata .rela.tdata.* .rela.gnu.linkonce.td.*)
 *(.rel.tbss .rel.tbss.* .rel.gnu.linkonce.tb.*)
 *(.rela.tbss .rela.tbss.* .rela.gnu.linkonce.tb.*)
 *(.rel.ctors)
 *(.rela.ctors)
 *(.rel.dtors)
 *(.rela.dtors)
 *(.rel.got)
 *(.rela.got)
 *(.rel.sdata .rel.sdata.* .rel.gnu.linkonce.s.*)
 *(.rela.sdata .rela.sdata.* .rela.gnu.linkonce.s.*)
 *(.rel.sbss .rel.sbss.* .rel.gnu.linkonce.sb.*)
 *(.rela.sbss .rela.sbss.* .rela.gnu.linkonce.sb.*)
 *(.rel.sdata2 .rel.sdata2.* .rel.gnu.linkonce.s2.*)
 *(.rela.sdata2 .rela.sdata2.* .rela.gnu.linkonce.s2.*)
 *(.rel.sbss2 .rel.sbss2.* .rel.gnu.linkonce.sb2.*)
 *(.rela.sbss2 .rela.sbss2.* .rela.gnu.linkonce.sb2.*)
 *(.rel.bss .rel.bss.* .rel.gnu.linkonce.b.*)
 *(.rela.bss .rela.bss.* .rela.gnu.linkonce.b.*)
 *(.rel.plt)
 *(.rela.plt)
 *(.rel.dyn)
 *(.init)
 *(.plt)
 *(.text .stub .text.* .gnu.linkonce.t.*)
 .text          0x0000000000010020       0x3c ../DE0_nano_program_bsp//obj/HAL/src/crt0.o
                0x0000000000010020                _start
 .text          0x000000000001005c        0x0 obj/default/hello_world_small.o
 .text.startup  0x000000000001005c       0x18 obj/default/hello_world_small.o
                0x000000000001005c                main
 .text          0x0000000000010074       0xf8 ../DE0_nano_program_bsp/\libhal_bsp.a(alt_load.o)
                0x0000000000010074                alt_load
 .text          0x000000000001016c       0x2c ../DE0_nano_program_bsp/\libhal_bsp.a(alt_main.o)
                0x000000000001016c                alt_main
 .text          0x0000000000010198       0x38 ../DE0_nano_program_bsp/\libhal_bsp.a(alt_putstr.o)
                0x0000000000010198                alt_putstr
 .text          0x00000000000101d0       0x24 ../DE0_nano_program_bsp/\libhal_bsp.a(alt_sys_init.o)
                0x00000000000101d0                alt_irq_init
                0x00000000000101f0                alt_sys_init
 .text          0x00000000000101f4       0x34 ../DE0_nano_program_bsp/\libhal_bsp.a(altera_avalon_jtag_uart_write.o)
                0x00000000000101f4                altera_avalon_jtag_uart_write
 .text          0x0000000000010228        0x4 ../DE0_nano_program_bsp/\libhal_bsp.a(alt_dcache_flush_all.o)
                0x0000000000010228                alt_dcache_flush_all
 .text          0x000000000001022c        0x4 ../DE0_nano_program_bsp/\libhal_bsp.a(alt_icache_flush_all.o)
                0x000000000001022c                alt_icache_flush_all
 .text          0x0000000000010230        0x8 ../DE0_nano_program_bsp/\libhal_bsp.a(altera_nios2_gen2_irq.o)
                0x0000000000010230                altera_nios2_gen2_irq_init
 .text          0x0000000000010238       0x1c c:/altera/15.0/nios2eds/bin/gnu/h-x86_64-mingw32/bin/../lib/gcc/nios2-elf/4.9.1/../../../../../H-x86_64-mingw32/nios2-elf/lib/mno-hw-mul\libsmallc.a(lib_a-strlen.o)
                0x0000000000010238                strlen
 *(.gnu.warning.*)
 *(.fini)
                0x0000000000010254                PROVIDE (__etext, ABSOLUTE (.))
                0x0000000000010254                PROVIDE (_etext, ABSOLUTE (.))
                0x0000000000010254                PROVIDE (etext, ABSOLUTE (.))
 *(.eh_frame_hdr)
                0x0000000000010254                . = ALIGN (0x4)
                0x0000000000010254                PROVIDE (__preinit_array_start, ABSOLUTE (.))
 *(.preinit_array)
                0x0000000000010254                PROVIDE (__preinit_array_end, ABSOLUTE (.))
                0x0000000000010254                PROVIDE (__init_array_start, ABSOLUTE (.))
 *(.init_array)
                0x0000000000010254                PROVIDE (__init_array_end, ABSOLUTE (.))
                0x0000000000010254                PROVIDE (__fini_array_start, ABSOLUTE (.))
 *(.fini_array)
                0x0000000000010254                PROVIDE (__fini_array_end, ABSOLUTE (.))
 *(.eh_frame)
 *(.gcc_except_table .gcc_except_table.*)
 *(.dynamic)
                0x0000000000010254                PROVIDE (__CTOR_LIST__, ABSOLUTE (.))
 *(.ctors)
 *(SORT(.ctors.*))
                0x0000000000010254                PROVIDE (__CTOR_END__, ABSOLUTE (.))
                0x0000000000010254                PROVIDE (__DTOR_LIST__, ABSOLUTE (.))
 *(.dtors)
 *(SORT(.dtors.*))
                0x0000000000010254                PROVIDE (__DTOR_END__, ABSOLUTE (.))
 *(.jcr)
                0x0000000000010254                . = ALIGN (0x4)

.rodata         0x0000000000010254       0x18
                0x0000000000010254                PROVIDE (__ram_rodata_start, ABSOLUTE (.))
                0x0000000000010254                . = ALIGN (0x4)
 *(.rodata .rodata.* .gnu.linkonce.r.*)
 .rodata.str1.4
                0x0000000000010254       0x18 obj/default/hello_world_small.o
 *(.rodata1)
                0x000000000001026c                . = ALIGN (0x4)
                0x000000000001026c                PROVIDE (__ram_rodata_end, ABSOLUTE (.))
                0x0000000000010254                PROVIDE (__flash_rodata_start, LOADADDR (.rodata))

.rwdata         0x000000000001026c        0x4 load address 0x0000000000010270
                0x000000000001026c                PROVIDE (__ram_rwdata_start, ABSOLUTE (.))
                0x000000000001026c                . = ALIGN (0x4)
 *(.got.plt)
 *(.got)
 *(.data1)
 *(.data .data.* .gnu.linkonce.d.*)
 .data          0x000000000001026c        0x0 ../DE0_nano_program_bsp//obj/HAL/src/crt0.o
 .data          0x000000000001026c        0x0 obj/default/hello_world_small.o
 .data          0x000000000001026c        0x0 ../DE0_nano_program_bsp/\libhal_bsp.a(alt_load.o)
 .data          0x000000000001026c        0x0 ../DE0_nano_program_bsp/\libhal_bsp.a(alt_main.o)
 .data          0x000000000001026c        0x0 ../DE0_nano_program_bsp/\libhal_bsp.a(alt_putstr.o)
 .data          0x000000000001026c        0x0 ../DE0_nano_program_bsp/\libhal_bsp.a(alt_sys_init.o)
 .data          0x000000000001026c        0x0 ../DE0_nano_program_bsp/\libhal_bsp.a(altera_avalon_jtag_uart_write.o)
 .data          0x000000000001026c        0x0 ../DE0_nano_program_bsp/\libhal_bsp.a(alt_dcache_flush_all.o)
 .data          0x000000000001026c        0x0 ../DE0_nano_program_bsp/\libhal_bsp.a(alt_icache_flush_all.o)
 .data          0x000000000001026c        0x0 ../DE0_nano_program_bsp/\libhal_bsp.a(altera_nios2_gen2_irq.o)
 .data          0x000000000001026c        0x0 c:/altera/15.0/nios2eds/bin/gnu/h-x86_64-mingw32/bin/../lib/gcc/nios2-elf/4.9.1/../../../../../H-x86_64-mingw32/nios2-elf/lib/mno-hw-mul\libsmallc.a(lib_a-strlen.o)
                0x000000000001826c                _gp = ABSOLUTE ((. + 0x8000))
                0x000000000001826c                PROVIDE (gp, _gp)
 *(.rwdata .rwdata.*)
 *(.sdata .sdata.* .gnu.linkonce.s.*)
 .sdata         0x000000000001026c        0x4 ../DE0_nano_program_bsp/\libhal_bsp.a(alt_sys_init.o)
                0x000000000001026c                jtag_uart_0
 *(.sdata2 .sdata2.* .gnu.linkonce.s2.*)
                0x0000000000010270                . = ALIGN (0x4)
                0x0000000000010270                _edata = ABSOLUTE (.)
                0x0000000000010270                PROVIDE (edata, ABSOLUTE (.))
                0x0000000000010270                PROVIDE (__ram_rwdata_end, ABSOLUTE (.))
                0x0000000000010270                PROVIDE (__flash_rwdata_start, LOADADDR (.rwdata))

.bss            0x0000000000010274        0xc
                0x0000000000010274                __bss_start = ABSOLUTE (.)
                0x0000000000010274                PROVIDE (__sbss_start, ABSOLUTE (.))
                0x0000000000010274                PROVIDE (___sbss_start, ABSOLUTE (.))
 *(.dynsbss)
 *(.sbss .sbss.* .gnu.linkonce.sb.*)
 .sbss          0x0000000000010274        0xc ../DE0_nano_program_bsp/\libhal_bsp.a(alt_main.o)
                0x0000000000010274                alt_envp
                0x0000000000010278                alt_argv
                0x000000000001027c                alt_argc
 *(.sbss2 .sbss2.* .gnu.linkonce.sb2.*)
 *(.scommon)
                0x0000000000010280                PROVIDE (__sbss_end, ABSOLUTE (.))
                0x0000000000010280                PROVIDE (___sbss_end, ABSOLUTE (.))
 *(.dynbss)
 *(.bss .bss.* .gnu.linkonce.b.*)
 .bss           0x0000000000010280        0x0 ../DE0_nano_program_bsp//obj/HAL/src/crt0.o
 .bss           0x0000000000010280        0x0 obj/default/hello_world_small.o
 .bss           0x0000000000010280        0x0 ../DE0_nano_program_bsp/\libhal_bsp.a(alt_load.o)
 .bss           0x0000000000010280        0x0 ../DE0_nano_program_bsp/\libhal_bsp.a(alt_main.o)
 .bss           0x0000000000010280        0x0 ../DE0_nano_program_bsp/\libhal_bsp.a(alt_putstr.o)
 .bss           0x0000000000010280        0x0 ../DE0_nano_program_bsp/\libhal_bsp.a(alt_sys_init.o)
 .bss           0x0000000000010280        0x0 ../DE0_nano_program_bsp/\libhal_bsp.a(altera_avalon_jtag_uart_write.o)
 .bss           0x0000000000010280        0x0 ../DE0_nano_program_bsp/\libhal_bsp.a(alt_dcache_flush_all.o)
 .bss           0x0000000000010280        0x0 ../DE0_nano_program_bsp/\libhal_bsp.a(alt_icache_flush_all.o)
 .bss           0x0000000000010280        0x0 ../DE0_nano_program_bsp/\libhal_bsp.a(altera_nios2_gen2_irq.o)
 .bss           0x0000000000010280        0x0 c:/altera/15.0/nios2eds/bin/gnu/h-x86_64-mingw32/bin/../lib/gcc/nios2-elf/4.9.1/../../../../../H-x86_64-mingw32/nios2-elf/lib/mno-hw-mul\libsmallc.a(lib_a-strlen.o)
 *(COMMON)
                0x0000000000010280                . = ALIGN (0x4)
                0x0000000000010280                __bss_end = ABSOLUTE (.)

.onchip_memory2_0
                0x0000000000010280        0x0
                0x0000000000010280                PROVIDE (_alt_partition_onchip_memory2_0_start, ABSOLUTE (.))
 *(.onchip_memory2_0 .onchip_memory2_0. onchip_memory2_0.*)
                0x0000000000010280                . = ALIGN (0x4)
                0x0000000000010280                PROVIDE (_alt_partition_onchip_memory2_0_end, ABSOLUTE (.))
                0x0000000000010280                _end = ABSOLUTE (.)
                0x0000000000010280                end = ABSOLUTE (.)
                0x0000000000010280                __alt_stack_base = ABSOLUTE (.)
                0x0000000000010280                PROVIDE (_alt_partition_onchip_memory2_0_load_addr, LOADADDR (.onchip_memory2_0))

.stab
 *(.stab)

.stabstr
 *(.stabstr)

.stab.excl
 *(.stab.excl)

.stab.exclstr
 *(.stab.exclstr)

.stab.index
 *(.stab.index)

.stab.indexstr
 *(.stab.indexstr)

.comment        0x0000000000000000       0x23
 *(.comment)
 .comment       0x0000000000000000       0x23 obj/default/hello_world_small.o
                                         0x24 (size before relaxing)
 .comment       0x0000000000000000       0x24 ../DE0_nano_program_bsp/\libhal_bsp.a(alt_load.o)
 .comment       0x0000000000000000       0x24 ../DE0_nano_program_bsp/\libhal_bsp.a(alt_main.o)
 .comment       0x0000000000000000       0x24 ../DE0_nano_program_bsp/\libhal_bsp.a(alt_putstr.o)
 .comment       0x0000000000000000       0x24 ../DE0_nano_program_bsp/\libhal_bsp.a(alt_sys_init.o)
 .comment       0x0000000000000000       0x24 ../DE0_nano_program_bsp/\libhal_bsp.a(altera_avalon_jtag_uart_write.o)
 .comment       0x0000000000000000       0x24 ../DE0_nano_program_bsp/\libhal_bsp.a(alt_dcache_flush_all.o)
 .comment       0x0000000000000000       0x24 ../DE0_nano_program_bsp/\libhal_bsp.a(alt_icache_flush_all.o)
 .comment       0x0000000000000000       0x24 ../DE0_nano_program_bsp/\libhal_bsp.a(altera_nios2_gen2_irq.o)
 .comment       0x0000000000000000       0x24 c:/altera/15.0/nios2eds/bin/gnu/h-x86_64-mingw32/bin/../lib/gcc/nios2-elf/4.9.1/../../../../../H-x86_64-mingw32/nios2-elf/lib/mno-hw-mul\libsmallc.a(lib_a-strlen.o)

.debug
 *(.debug)

.line
 *(.line)

.debug_srcinfo
 *(.debug_srcinfo)

.debug_sfnames
 *(.debug_sfnames)

.debug_aranges  0x0000000000000000      0x168
 *(.debug_aranges)
 .debug_aranges
                0x0000000000000000       0x28 ../DE0_nano_program_bsp//obj/HAL/src/crt0.o
 .debug_aranges
                0x0000000000000028       0x20 obj/default/hello_world_small.o
 .debug_aranges
                0x0000000000000048       0x20 ../DE0_nano_program_bsp/\libhal_bsp.a(alt_load.o)
 .debug_aranges
                0x0000000000000068       0x20 ../DE0_nano_program_bsp/\libhal_bsp.a(alt_main.o)
 .debug_aranges
                0x0000000000000088       0x20 ../DE0_nano_program_bsp/\libhal_bsp.a(alt_putstr.o)
 .debug_aranges
                0x00000000000000a8       0x20 ../DE0_nano_program_bsp/\libhal_bsp.a(alt_sys_init.o)
 .debug_aranges
                0x00000000000000c8       0x20 ../DE0_nano_program_bsp/\libhal_bsp.a(altera_avalon_jtag_uart_write.o)
 .debug_aranges
                0x00000000000000e8       0x20 ../DE0_nano_program_bsp/\libhal_bsp.a(alt_dcache_flush_all.o)
 .debug_aranges
                0x0000000000000108       0x20 ../DE0_nano_program_bsp/\libhal_bsp.a(alt_icache_flush_all.o)
 .debug_aranges
                0x0000000000000128       0x20 ../DE0_nano_program_bsp/\libhal_bsp.a(altera_nios2_gen2_irq.o)
 .debug_aranges
                0x0000000000000148       0x20 c:/altera/15.0/nios2eds/bin/gnu/h-x86_64-mingw32/bin/../lib/gcc/nios2-elf/4.9.1/../../../../../H-x86_64-mingw32/nios2-elf/lib/mno-hw-mul\libsmallc.a(lib_a-strlen.o)

.debug_pubnames
 *(.debug_pubnames)

.debug_info     0x0000000000000000      0xb15
 *(.debug_info .gnu.linkonce.wi.*)
 .debug_info    0x0000000000000000       0x7d ../DE0_nano_program_bsp//obj/HAL/src/crt0.o
 .debug_info    0x000000000000007d       0x81 obj/default/hello_world_small.o
 .debug_info    0x00000000000000fe      0x1d2 ../DE0_nano_program_bsp/\libhal_bsp.a(alt_load.o)
 .debug_info    0x00000000000002d0      0x17b ../DE0_nano_program_bsp/\libhal_bsp.a(alt_main.o)
 .debug_info    0x000000000000044b      0x15d ../DE0_nano_program_bsp/\libhal_bsp.a(alt_putstr.o)
 .debug_info    0x00000000000005a8      0x17a ../DE0_nano_program_bsp/\libhal_bsp.a(alt_sys_init.o)
 .debug_info    0x0000000000000722      0x190 ../DE0_nano_program_bsp/\libhal_bsp.a(altera_avalon_jtag_uart_write.o)
 .debug_info    0x00000000000008b2       0x8b ../DE0_nano_program_bsp/\libhal_bsp.a(alt_dcache_flush_all.o)
 .debug_info    0x000000000000093d       0x8b ../DE0_nano_program_bsp/\libhal_bsp.a(alt_icache_flush_all.o)
 .debug_info    0x00000000000009c8       0x8b ../DE0_nano_program_bsp/\libhal_bsp.a(altera_nios2_gen2_irq.o)
 .debug_info    0x0000000000000a53       0xc2 c:/altera/15.0/nios2eds/bin/gnu/h-x86_64-mingw32/bin/../lib/gcc/nios2-elf/4.9.1/../../../../../H-x86_64-mingw32/nios2-elf/lib/mno-hw-mul\libsmallc.a(lib_a-strlen.o)

.debug_abbrev   0x0000000000000000      0x69d
 *(.debug_abbrev)
 .debug_abbrev  0x0000000000000000       0x12 ../DE0_nano_program_bsp//obj/HAL/src/crt0.o
 .debug_abbrev  0x0000000000000012       0x87 obj/default/hello_world_small.o
 .debug_abbrev  0x0000000000000099       0xe1 ../DE0_nano_program_bsp/\libhal_bsp.a(alt_load.o)
 .debug_abbrev  0x000000000000017a      0x120 ../DE0_nano_program_bsp/\libhal_bsp.a(alt_main.o)
 .debug_abbrev  0x000000000000029a       0xe2 ../DE0_nano_program_bsp/\libhal_bsp.a(alt_putstr.o)
 .debug_abbrev  0x000000000000037c      0x107 ../DE0_nano_program_bsp/\libhal_bsp.a(alt_sys_init.o)
 .debug_abbrev  0x0000000000000483       0xd5 ../DE0_nano_program_bsp/\libhal_bsp.a(altera_avalon_jtag_uart_write.o)
 .debug_abbrev  0x0000000000000558       0x42 ../DE0_nano_program_bsp/\libhal_bsp.a(alt_dcache_flush_all.o)
 .debug_abbrev  0x000000000000059a       0x42 ../DE0_nano_program_bsp/\libhal_bsp.a(alt_icache_flush_all.o)
 .debug_abbrev  0x00000000000005dc       0x42 ../DE0_nano_program_bsp/\libhal_bsp.a(altera_nios2_gen2_irq.o)
 .debug_abbrev  0x000000000000061e       0x7f c:/altera/15.0/nios2eds/bin/gnu/h-x86_64-mingw32/bin/../lib/gcc/nios2-elf/4.9.1/../../../../../H-x86_64-mingw32/nios2-elf/lib/mno-hw-mul\libsmallc.a(lib_a-strlen.o)

.debug_line     0x0000000000000000      0x77b
 *(.debug_line)
 .debug_line    0x0000000000000000       0x66 ../DE0_nano_program_bsp//obj/HAL/src/crt0.o
 .debug_line    0x0000000000000066       0x82 obj/default/hello_world_small.o
 .debug_line    0x00000000000000e8       0xa6 ../DE0_nano_program_bsp/\libhal_bsp.a(alt_load.o)
 .debug_line    0x000000000000018e       0xbd ../DE0_nano_program_bsp/\libhal_bsp.a(alt_main.o)
 .debug_line    0x000000000000024b       0xf5 ../DE0_nano_program_bsp/\libhal_bsp.a(alt_putstr.o)
 .debug_line    0x0000000000000340      0x101 ../DE0_nano_program_bsp/\libhal_bsp.a(alt_sys_init.o)
 .debug_line    0x0000000000000441       0xf0 ../DE0_nano_program_bsp/\libhal_bsp.a(altera_avalon_jtag_uart_write.o)
 .debug_line    0x0000000000000531       0x4e ../DE0_nano_program_bsp/\libhal_bsp.a(alt_dcache_flush_all.o)
 .debug_line    0x000000000000057f       0x4e ../DE0_nano_program_bsp/\libhal_bsp.a(alt_icache_flush_all.o)
 .debug_line    0x00000000000005cd       0x50 ../DE0_nano_program_bsp/\libhal_bsp.a(altera_nios2_gen2_irq.o)
 .debug_line    0x000000000000061d      0x15e c:/altera/15.0/nios2eds/bin/gnu/h-x86_64-mingw32/bin/../lib/gcc/nios2-elf/4.9.1/../../../../../H-x86_64-mingw32/nios2-elf/lib/mno-hw-mul\libsmallc.a(lib_a-strlen.o)

.debug_frame    0x0000000000000000      0x190
 *(.debug_frame)
 .debug_frame   0x0000000000000000       0x28 obj/default/hello_world_small.o
 .debug_frame   0x0000000000000028       0x30 ../DE0_nano_program_bsp/\libhal_bsp.a(alt_load.o)
 .debug_frame   0x0000000000000058       0x2c ../DE0_nano_program_bsp/\libhal_bsp.a(alt_main.o)
 .debug_frame   0x0000000000000084       0x30 ../DE0_nano_program_bsp/\libhal_bsp.a(alt_putstr.o)
 .debug_frame   0x00000000000000b4       0x3c ../DE0_nano_program_bsp/\libhal_bsp.a(alt_sys_init.o)
 .debug_frame   0x00000000000000f0       0x20 ../DE0_nano_program_bsp/\libhal_bsp.a(altera_avalon_jtag_uart_write.o)
 .debug_frame   0x0000000000000110       0x20 ../DE0_nano_program_bsp/\libhal_bsp.a(alt_dcache_flush_all.o)
 .debug_frame   0x0000000000000130       0x20 ../DE0_nano_program_bsp/\libhal_bsp.a(alt_icache_flush_all.o)
 .debug_frame   0x0000000000000150       0x20 ../DE0_nano_program_bsp/\libhal_bsp.a(altera_nios2_gen2_irq.o)
 .debug_frame   0x0000000000000170       0x20 c:/altera/15.0/nios2eds/bin/gnu/h-x86_64-mingw32/bin/../lib/gcc/nios2-elf/4.9.1/../../../../../H-x86_64-mingw32/nios2-elf/lib/mno-hw-mul\libsmallc.a(lib_a-strlen.o)

.debug_str      0x0000000000000000      0x57b
 *(.debug_str)
 .debug_str     0x0000000000000000       0x9c obj/default/hello_world_small.o
                                         0xa6 (size before relaxing)
 .debug_str     0x000000000000009c      0x1bd ../DE0_nano_program_bsp/\libhal_bsp.a(alt_load.o)
                                        0x22e (size before relaxing)
 .debug_str     0x0000000000000259       0x8f ../DE0_nano_program_bsp/\libhal_bsp.a(alt_main.o)
                                        0x1a7 (size before relaxing)
 .debug_str     0x00000000000002e8       0x6d ../DE0_nano_program_bsp/\libhal_bsp.a(alt_putstr.o)
                                        0x18b (size before relaxing)
 .debug_str     0x0000000000000355       0x86 ../DE0_nano_program_bsp/\libhal_bsp.a(alt_sys_init.o)
                                        0x218 (size before relaxing)
 .debug_str     0x00000000000003db       0x3f ../DE0_nano_program_bsp/\libhal_bsp.a(altera_avalon_jtag_uart_write.o)
                                        0x207 (size before relaxing)
 .debug_str     0x000000000000041a       0x1f ../DE0_nano_program_bsp/\libhal_bsp.a(alt_dcache_flush_all.o)
                                        0x147 (size before relaxing)
 .debug_str     0x0000000000000439       0x1f ../DE0_nano_program_bsp/\libhal_bsp.a(alt_icache_flush_all.o)
                                        0x147 (size before relaxing)
 .debug_str     0x0000000000000458       0x20 ../DE0_nano_program_bsp/\libhal_bsp.a(altera_nios2_gen2_irq.o)
                                        0x14e (size before relaxing)
 .debug_str     0x0000000000000478      0x103 c:/altera/15.0/nios2eds/bin/gnu/h-x86_64-mingw32/bin/../lib/gcc/nios2-elf/4.9.1/../../../../../H-x86_64-mingw32/nios2-elf/lib/mno-hw-mul\libsmallc.a(lib_a-strlen.o)
                                        0x1a9 (size before relaxing)

.debug_loc      0x0000000000000000      0x18e
 *(.debug_loc)
 .debug_loc     0x0000000000000000       0x8d ../DE0_nano_program_bsp/\libhal_bsp.a(alt_load.o)
 .debug_loc     0x000000000000008d       0x37 ../DE0_nano_program_bsp/\libhal_bsp.a(alt_putstr.o)
 .debug_loc     0x00000000000000c4       0x21 ../DE0_nano_program_bsp/\libhal_bsp.a(alt_sys_init.o)
 .debug_loc     0x00000000000000e5       0x8b ../DE0_nano_program_bsp/\libhal_bsp.a(altera_avalon_jtag_uart_write.o)
 .debug_loc     0x0000000000000170       0x1e c:/altera/15.0/nios2eds/bin/gnu/h-x86_64-mingw32/bin/../lib/gcc/nios2-elf/4.9.1/../../../../../H-x86_64-mingw32/nios2-elf/lib/mno-hw-mul\libsmallc.a(lib_a-strlen.o)

.debug_macinfo
 *(.debug_macinfo)

.debug_weaknames
 *(.debug_weaknames)

.debug_funcnames
 *(.debug_funcnames)

.debug_typenames
 *(.debug_typenames)

.debug_varnames
 *(.debug_varnames)

.debug_alt_sim_info
                0x0000000000000000       0x10
 *(.debug_alt_sim_info)
 .debug_alt_sim_info
                0x0000000000000000       0x10 ../DE0_nano_program_bsp//obj/HAL/src/crt0.o
                0x0000000000018c00                __alt_data_end = 0x18c00
                0x0000000000018c00                PROVIDE (__alt_stack_pointer, __alt_data_end)
                0x0000000000010280                PROVIDE (__alt_stack_limit, __alt_stack_base)
                0x0000000000010280                PROVIDE (__alt_heap_start, end)
                0x0000000000018c00                PROVIDE (__alt_heap_limit, 0x18c00)
OUTPUT(DE0_nano_program.elf elf32-littlenios2)

.debug_ranges   0x0000000000000000       0x78
 .debug_ranges  0x0000000000000000       0x20 ../DE0_nano_program_bsp//obj/HAL/src/crt0.o
 .debug_ranges  0x0000000000000020       0x10 obj/default/hello_world_small.o
 .debug_ranges  0x0000000000000030       0x48 ../DE0_nano_program_bsp/\libhal_bsp.a(alt_load.o)
